******************************************************************************
                  MSP430 Linker PC v4.1.1                      
******************************************************************************
>> Linked Sat Aug 24 22:22:04 2013

OUTPUT FILE NAME:   <spirometer_duckfly_camera.out>
ENTRY POINT SYMBOL: "_c_int00"  address: 000040d0


MEMORY CONFIGURATION

         name            origin    length      used     unused   attr    fill
----------------------  --------  ---------  --------  --------  ----  --------
  SFR                   00000000   00000010  00000000  00000010  RWIX
  PERIPHERALS_8BIT      00000010   000000f0  00000000  000000f0  RWIX
  PERIPHERALS_16BIT     00000100   00000100  00000000  00000100  RWIX
  INFOD                 00001800   00000080  00000000  00000080  RWIX
  INFOC                 00001880   00000080  00000000  00000080  RWIX
  INFOB                 00001900   00000080  00000000  00000080  RWIX
  INFOA                 00001980   00000080  00000000  00000080  RWIX
  RAM                   00001c00   00002000  00000f9a  00001066  RWIX
  FLASH                 00004000   0000bf80  00006fe0  00004fa0  RWIX
  INT00                 0000ff80   00000002  00000000  00000002  RWIX
  INT01                 0000ff82   00000002  00000000  00000002  RWIX
  INT02                 0000ff84   00000002  00000000  00000002  RWIX
  INT03                 0000ff86   00000002  00000000  00000002  RWIX
  INT04                 0000ff88   00000002  00000000  00000002  RWIX
  INT05                 0000ff8a   00000002  00000000  00000002  RWIX
  INT06                 0000ff8c   00000002  00000000  00000002  RWIX
  INT07                 0000ff8e   00000002  00000000  00000002  RWIX
  INT08                 0000ff90   00000002  00000000  00000002  RWIX
  INT09                 0000ff92   00000002  00000000  00000002  RWIX
  INT10                 0000ff94   00000002  00000000  00000002  RWIX
  INT11                 0000ff96   00000002  00000000  00000002  RWIX
  INT12                 0000ff98   00000002  00000000  00000002  RWIX
  INT13                 0000ff9a   00000002  00000000  00000002  RWIX
  INT14                 0000ff9c   00000002  00000000  00000002  RWIX
  INT15                 0000ff9e   00000002  00000000  00000002  RWIX
  INT16                 0000ffa0   00000002  00000000  00000002  RWIX
  INT17                 0000ffa2   00000002  00000000  00000002  RWIX
  INT18                 0000ffa4   00000002  00000000  00000002  RWIX
  INT19                 0000ffa6   00000002  00000000  00000002  RWIX
  INT20                 0000ffa8   00000002  00000000  00000002  RWIX
  INT21                 0000ffaa   00000002  00000000  00000002  RWIX
  INT22                 0000ffac   00000002  00000000  00000002  RWIX
  INT23                 0000ffae   00000002  00000000  00000002  RWIX
  INT24                 0000ffb0   00000002  00000000  00000002  RWIX
  INT25                 0000ffb2   00000002  00000000  00000002  RWIX
  INT26                 0000ffb4   00000002  00000000  00000002  RWIX
  INT27                 0000ffb6   00000002  00000000  00000002  RWIX
  INT28                 0000ffb8   00000002  00000000  00000002  RWIX
  INT29                 0000ffba   00000002  00000000  00000002  RWIX
  INT30                 0000ffbc   00000002  00000000  00000002  RWIX
  INT31                 0000ffbe   00000002  00000000  00000002  RWIX
  INT32                 0000ffc0   00000002  00000000  00000002  RWIX
  INT33                 0000ffc2   00000002  00000000  00000002  RWIX
  INT34                 0000ffc4   00000002  00000000  00000002  RWIX
  INT35                 0000ffc6   00000002  00000000  00000002  RWIX
  INT36                 0000ffc8   00000002  00000000  00000002  RWIX
  INT37                 0000ffca   00000002  00000000  00000002  RWIX
  INT38                 0000ffcc   00000002  00000000  00000002  RWIX
  INT39                 0000ffce   00000002  00000000  00000002  RWIX
  INT40                 0000ffd0   00000002  00000000  00000002  RWIX
  INT41                 0000ffd2   00000002  00000000  00000002  RWIX
  INT42                 0000ffd4   00000002  00000000  00000002  RWIX
  INT43                 0000ffd6   00000002  00000002  00000000  RWIX
  INT44                 0000ffd8   00000002  00000002  00000000  RWIX
  INT45                 0000ffda   00000002  00000002  00000000  RWIX
  INT46                 0000ffdc   00000002  00000002  00000000  RWIX
  INT47                 0000ffde   00000002  00000000  00000002  RWIX
  INT48                 0000ffe0   00000002  00000002  00000000  RWIX
  INT49                 0000ffe2   00000002  00000002  00000000  RWIX
  INT50                 0000ffe4   00000002  00000000  00000002  RWIX
  INT51                 0000ffe6   00000002  00000000  00000002  RWIX
  INT52                 0000ffe8   00000002  00000000  00000002  RWIX
  INT53                 0000ffea   00000002  00000002  00000000  RWIX
  INT54                 0000ffec   00000002  00000002  00000000  RWIX
  INT55                 0000ffee   00000002  00000002  00000000  RWIX
  INT56                 0000fff0   00000002  00000000  00000002  RWIX
  INT57                 0000fff2   00000002  00000000  00000002  RWIX
  INT58                 0000fff4   00000002  00000000  00000002  RWIX
  INT59                 0000fff6   00000002  00000000  00000002  RWIX
  INT60                 0000fff8   00000002  00000000  00000002  RWIX
  INT61                 0000fffa   00000002  00000000  00000002  RWIX
  INT62                 0000fffc   00000002  00000000  00000002  RWIX
  RESET                 0000fffe   00000002  00000002  00000000  RWIX
  FLASH2                00010000   00014000  00000000  00014000  RWIX


SECTION ALLOCATION MAP

 output                                  attributes/
section   page    origin      length       input sections
--------  ----  ----------  ----------   ----------------
.pinit     0    00004000    00000000     UNINITIALIZED

.bss       0    00001c00    00000f4a     UNINITIALIZED
                  00001c00    00000e98     lcd.obj (.bss)
                  00002a98    0000003e     mode_turbine.obj (.bss)
                  00002ad6    0000002e     mode_bt2cmd.obj (.bss)
                  00002b04    00000020     main.obj (.bss)
                  00002b24    00000008     mode_temp.obj (.bss)
                  00002b2c    00000008     rts430xl.lib : _lock.obj (.bss)
                  00002b34    00000008                  : boot.obj (.bss)
                  00002b3c    00000008     sdinterface.obj (.bss)
                  00002b44    00000006     ff.obj (.bss)

.data      0    00001c00    00000000     UNINITIALIZED

.stack     0    00003bb0    00000050     UNINITIALIZED
                  00003bb0    00000004     rts430xl.lib : boot.obj (.stack)
                  00003bb4    0000004c     --HOLE--

.text:_isr 
*          0    00004000    0000015a     
                  00004000    00000040     main.obj (.text:_isr:TA0_CC1_ISR)
                  00004040    00000030     main.obj (.text:_isr:Port_2)
                  00004070    00000030     main.obj (.text:_isr:TA1_CC1_ISR)
                  000040a0    00000030     main.obj (.text:_isr:TA2_CC1_ISR)
                  000040d0    0000002a     rts430xl.lib : boot.obj (.text:_isr:_c_int00_noexit)
                  000040fa    00000022     main.obj (.text:_isr:BT2_RX_ISR)
                  0000411c    00000010     main.obj (.text:_isr:TA1_CC0_ISR)
                  0000412c    00000010     main.obj (.text:_isr:TA2_CC0_ISR)
                  0000413c    00000010     main.obj (.text:_isr:TA3_CC0_ISR)
                  0000414c    0000000e     main.obj (.text:_isr:TA0_CC0_ISR)

.cinit     0    0000415a    00000072     
                  0000415a    0000004c     mode_bt2cmd.obj (.cinit)
                  000041a6    00000023     mode_turbine.obj (.cinit)
                  000041c9    00000001     --HOLE-- [fill = 0]
                  000041ca    00000002     (.pad.cinit) [fill = 0]

.text      0    000041cc    00005d62     
                  000041cc    00000786     ff.obj (.text:chk_mounted)
                  00004952    00000402     ff.obj (.text:f_write)
                  00004d54    000003ee     sdinterface.obj (.text:init_card)
                  00005142    00000376     ff.obj (.text:f_read)
                  000054b8    00000338     lcd.obj (.text:lcdInitial)
                  000057f0    000002d2     ff.obj (.text:f_open)
                  00005ac2    00000286     ff.obj (.text:put_fat)
                  00005d48    0000027a     mode_turbine.obj (.text:initTurbine)
                  00005fc2    0000026a     ff.obj (.text:create_name)
                  0000622c    0000023a     sdinterface.obj (.text:write_multibuffer_camera)
                  00006466    00000232     ff.obj (.text:dir_next)
                  00006698    0000020e     mode_turbine.obj (.text:camera_init)
                  000068a6    0000020a     sdinterface.obj (.text:read_multibuffer)
                  00006ab0    00000208     lcd.obj (.text:showPic)
                  00006cb8    000001f6     sdinterface.obj (.text:write_multibuffer)
                  00006eae    000001f2     ff.obj (.text:create_chain)
                  000070a0    000001ca     ff.obj (.text:get_fat)
                  0000726a    000001b2     diskio.obj (.text:disk_ioctl)
                  0000741c    000001a0     ff.obj (.text:dir_sdi)
                  000075bc    00000182     lcd.obj (.text:displayASCII8X16)
                  0000773e    00000182     ff.obj (.text:sync_fs)
                  000078c0    00000180     rts430xl.lib : _printfi_min.obj (.text:_setfield)
                  00007a40    0000016c     ff.obj (.text:f_sync)
                  00007bac    00000152     lcd.obj (.text:write_jpeg_file)
                  00007cfe    0000014a     main.obj (.text:setMode)
                  00007e48    00000118     mode_turbine.obj (.text:touchroutine)
                  00007f60    000000fa     mode_turbine.obj (.text:updateturbine)
                  0000805a    000000f6     ff.obj (.text:remove_chain)
                  00008150    000000f6     main.obj (.text:turnOff)
                  00008246    000000f4     ff.obj (.text:follow_path)
                  0000833a    000000f0     ff.obj (.text:check_fs)
                  0000842a    000000e2     ff.obj (.text:sync_window)
                  0000850c    000000d6     rts430xl.lib : _printfi_min.obj (.text:_printfi_minimal)
                  000085e2    000000d0     main.obj (.text:main)
                  000086b2    000000aa     mode_turbine.obj (.text:ta3ccTurbine)
                  0000875c    000000a8     sdinterface.obj (.text:write_cmd)
                  00008804    0000009c     ff.obj (.text:dir_find)
                  000088a0    00000096     i2c.obj (.text:sendbyte)
                  00008936    0000008e     ff.obj (.text:dir_alloc)
                  000089c4    0000008a     comm.obj (.text:setClocks)
                  00008a4e    00000084     mode_bt2cmd.obj (.text:runBT2cmd)
                  00008ad2    0000007e     lcd.obj (.text:setAddrWindow)
                  00008b50    0000007a     ff.obj (.text:dir_register)
                  00008bca    0000007a     comm.obj (.text:setupBT2)
                  00008c44    00000074     ff.obj (.text:move_window)
                  00008cb8    0000006e     sdinterface.obj (.text:write16)
                  00008d26    0000006a     sdinterface.obj (.text:write16_DMABlock)
                  00008d90    00000068     diskio.obj (.text:disk_read)
                  00008df8    00000068     diskio.obj (.text:disk_write)
                  00008e60    00000068     ff.obj (.text:validate)
                  00008ec8    00000066     i2c.obj (.text:regwrite)
                  00008f2e    00000064     ff.obj (.text:clust2sect)
                  00008f92    00000064     mode_turbine.obj (.text:runTurbine)
                  00008ff6    00000062     ff.obj (.text:ld_clust)
                  00009058    00000062     ff.obj (.text:mem_cmp)
                  000090ba    00000060     i2c.obj (.text:sccb_read)
                  0000911a    0000005e     ff.obj (.text:mem_cpy)
                  00009178    0000005e     i2c.obj (.text:regread)
                  000091d6    0000005c     rts430xl.lib : autoinit.obj (.text:_auto_init)
                  00009232    0000005a     lcd.obj (.text:dspSingleColor)
                  0000928c    0000005a     mode_temp.obj (.text:runTemp)
                  000092e6    0000005a     sdinterface.obj (.text:set_address)
                  00009340    00000058     rts430xl.lib : _printfi_min.obj (.text:_ltostr)
                  00009398    00000058     ff.obj (.text:f_mount)
                  000093f0    00000058     rts430xl.lib : div32u.obj (.text)
                  00009448    00000056     i2c.obj (.text:receivebyte)
                  0000949e    00000054     sdinterface.obj (.text:change_sdclk)
                  000094f2    00000052     comm.obj (.text:sendData)
                  00009544    0000004e     ff.obj (.text:mem_set)
                  00009592    0000004c     i2c.obj (.text:I2Cbyte_read)
                  000095de    0000004c     rts430xl.lib : _printfi_min.obj (.text:_pproc_diouxp)
                  0000962a    0000004a     mode_bt2cmd.obj (.text:initBT2cmd)
                  00009674    00000048     rts430xl.lib : _printfi_min.obj (.text:_pproc_str)
                  000096bc    00000048     mode_turbine.obj (.text:lowbatt)
                  00009704    00000048     ff.obj (.text:st_clust)
                  0000974c    00000046     i2c.obj (.text:sccb_write)
                  00009792    00000044     sdinterface.obj (.text:read16)
                  000097d6    00000044     sdinterface.obj (.text:sleep)
                  0000981a    00000044     rts430xl.lib : sprintf.obj (.text:sprintf)
                  0000985e    00000040     mode_temp.obj (.text:initTemp)
                  0000989e    0000003e     rts430xl.lib : _printfi_min.obj (.text:_getarg_diouxp)
                  000098dc    0000003e                  : lsl32.obj (.text:l_lsl_const)
                  0000991a    0000003e                  : lsr32.obj (.text:l_lsr_const)
                  00009958    0000003e     lcd.obj (.text:outputPixel)
                  00009996    0000003e     lcd.obj (.text:ramAdressSet)
                  000099d4    0000003e     mode_turbine.obj (.text:ta2ccTurbine)
                  00009a12    00000036     ff.obj (.text:chk_chr)
                  00009a48    00000034     i2c.obj (.text:I2Cbyte_write)
                  00009a7c    00000034     lcd.obj (.text:writeCommand)
                  00009ab0    00000034     lcd.obj (.text:writeData)
                  00009ae4    00000032     rts430xl.lib : memccpy.obj (.text:memccpy)
                  00009b16    00000032     mode_standby.obj (.text:runStandby)
                  00009b48    00000032     i2c.obj (.text:start)
                  00009b7a    00000032     i2c.obj (.text:stop)
                  00009bac    00000032     mode_temp.obj (.text:temp_setupSD24)
                  00009bde    00000032     mode_turbine.obj (.text:turbine_setupTA2)
                  00009c10    00000030     lcd.obj (.text:die)
                  00009c40    0000002e     ff.obj (.text:f_close)
                  00009c6e    0000002e     lcd.obj (.text:reset)
                  00009c9c    0000002a     i2c.obj (.text:ACK)
                  00009cc6    0000002a     i2c.obj (.text:NACK)
                  00009cf0    0000002a     lcd.obj (.text:colorWrite)
                  00009d1a    0000002a     rts430xl.lib : memcpy.obj (.text:memcpy)
                  00009d44    00000028                  : sprintf.obj (.text:_outs)
                  00009d6c    00000022                  : mult32_f5hw.obj (.text)
                  00009d8e    00000022     mode_turbine.obj (.text:turbine_setupTA3)
                  00009db0    00000022     sdinterface.obj (.text:wait)
                  00009dd2    00000020     rts430xl.lib : memset.obj (.text:memset)
                  00009df2    0000001a                  : _printfi_min.obj (.text:_div)
                  00009e0c    0000001a                  : strlen.obj (.text:strlen)
                  00009e26    00000016     diskio.obj (.text:disk_initialize)
                  00009e3c    00000016     rts430xl.lib : div16u.obj (.text)
                  00009e52    00000016                  : mult16_f5hw.obj (.text)
                  00009e68    00000014                  : sprintf.obj (.text:_outc)
                  00009e7c    00000014     mode_standby.obj (.text:initStandby)
                  00009e90    00000014     i2c.obj (.text:sccb_init)
                  00009ea4    00000010     rts430xl.lib : lsl32.obj (.text:l_lsl)
                  00009eb4    0000000e     mode_turbine.obj (.text:stopTurbine)
                  00009ec2    0000000c     diskio.obj (.text:disk_status)
                  00009ece    0000000c     comm.obj (.text:startBT2)
                  00009eda    0000000a     rts430xl.lib : asr16.obj (.text)
                  00009ee4    0000000a                  : lsl16.obj (.text)
                  00009eee    0000000a     mode_turbine.obj (.text:ta0ccTurbine)
                  00009ef8    00000008     mode_turbine.obj (.text:turbine_startTA2)
                  00009f00    00000008     mode_turbine.obj (.text:turbine_startTA3)
                  00009f08    00000006     diskio.obj (.text:get_fattime)
                  00009f0e    00000006     comm.obj (.text:stopBT2)
                  00009f14    00000006     mode_bt2cmd.obj (.text:stopBT2cmd)
                  00009f1a    00000006     mode_temp.obj (.text:stopTemp)
                  00009f20    00000004     rts430xl.lib : pre_init.obj (.text:_system_pre_init)
                  00009f24    00000004                  : exit.obj (.text:abort)
                  00009f28    00000002                  : _lock.obj (.text:_nop)
                  00009f2a    00000002     main.obj (.text:no_operation_func)
                  00009f2c    00000002     mode_standby.obj (.text:stopStandby)

.const     0    00009f2e    000010b2     
                  00009f2e    00001001     lcd.obj (.const:.string:Zk_ASCII8X16)
                  0000af2f    00000001     --HOLE-- [fill = 0]
                  0000af30    0000006c     mode_turbine.obj (.const:.string)
                  0000af9c    00000020     lcd.obj (.const:.string)
                  0000afbc    00000014     rts430xl.lib : _printfi_min.obj (.const:.string)
                  0000afd0    00000010     ff.obj (.const:.string)

TIMER3_A0 
*          0    0000ffd6    00000002     
                  0000ffd6    00000002     main.obj (.int43)

PORT2      0    0000ffd8    00000002     
                  0000ffd8    00000002     main.obj (.int44)

TIMER2_A1 
*          0    0000ffda    00000002     
                  0000ffda    00000002     main.obj (.int45)

TIMER2_A0 
*          0    0000ffdc    00000002     
                  0000ffdc    00000002     main.obj (.int46)

TIMER1_A1 
*          0    0000ffe0    00000002     
                  0000ffe0    00000002     main.obj (.int48)

TIMER1_A0 
*          0    0000ffe2    00000002     
                  0000ffe2    00000002     main.obj (.int49)

USCI_A1    0    0000ffea    00000002     
                  0000ffea    00000002     main.obj (.int53)

TIMER0_A1 
*          0    0000ffec    00000002     
                  0000ffec    00000002     main.obj (.int54)

TIMER0_A0 
*          0    0000ffee    00000002     
                  0000ffee    00000002     main.obj (.int55)

.reset     0    0000fffe    00000002     
                  0000fffe    00000002     rts430xl.lib : boot.obj (.reset)


GLOBAL SYMBOLS: SORTED ALPHABETICALLY BY Name 

address    name
--------   ----
00001c00   .bss
00001c00   .data
ffffffff   .text
00009c9c   ACK
00000740   ADC10CTL0
00000741   ADC10CTL0_H
00000740   ADC10CTL0_L
00000742   ADC10CTL1
00000743   ADC10CTL1_H
00000742   ADC10CTL1_L
00000744   ADC10CTL2
00000745   ADC10CTL2_H
00000744   ADC10CTL2_L
00000748   ADC10HI
00000749   ADC10HI_H
00000748   ADC10HI_L
0000075a   ADC10IE
0000075b   ADC10IE_H
0000075a   ADC10IE_L
0000075c   ADC10IFG
0000075d   ADC10IFG_H
0000075c   ADC10IFG_L
0000075e   ADC10IV
0000075f   ADC10IV_H
0000075e   ADC10IV_L
00000746   ADC10LO
00000747   ADC10LO_H
00000746   ADC10LO_L
0000074a   ADC10MCTL0
0000074b   ADC10MCTL0_H
0000074a   ADC10MCTL0_L
00000752   ADC10MEM0
00000753   ADC10MEM0_H
00000752   ADC10MEM0_L
00002ab2   ATS_index
00002ab6   ATS_length
00002aba   ATS_start_flag
000009f2   AUX2CHCTL
000009f3   AUX2CHCTL_H
000009f2   AUX2CHCTL_L
000009f4   AUX3CHCTL
000009f5   AUX3CHCTL_H
000009f4   AUX3CHCTL_L
000009f6   AUXADCCTL
000009f7   AUXADCCTL_H
000009f6   AUXADCCTL_L
000009e0   AUXCTL0
000009e1   AUXCTL0_H
000009e0   AUXCTL0_L
000009e2   AUXCTL1
000009e3   AUXCTL1_H
000009e2   AUXCTL1_L
000009e4   AUXCTL2
000009e5   AUXCTL2_H
000009e4   AUXCTL2_L
000009fc   AUXIE
000009fd   AUXIE_H
000009fc   AUXIE_L
000009fa   AUXIFG
000009fb   AUXIFG_H
000009fa   AUXIFG_L
000009fe   AUXIV
000009ff   AUXIV_H
000009fe   AUXIV_L
00000480   BAKMEM0
00000481   BAKMEM0_H
00000480   BAKMEM0_L
00000482   BAKMEM1
00000483   BAKMEM1_H
00000482   BAKMEM1_L
00000484   BAKMEM2
00000485   BAKMEM2_H
00000484   BAKMEM2_L
00000486   BAKMEM3
00000487   BAKMEM3_H
00000486   BAKMEM3_L
000004be   BCD2BIN
000004bc   BIN2BCD
000040fa   BT2_RX_ISR
00001c00   Buff
00009f24   C$$EXIT
00000150   CRCDI
00000152   CRCDIRB
00000153   CRCDIRB_H
00000152   CRCDIRB_L
00000151   CRCDI_H
00000150   CRCDI_L
00000154   CRCINIRES
00000155   CRCINIRES_H
00000154   CRCINIRES_L
00000156   CRCRESR
00000157   CRCRESR_H
00000156   CRCRESR_L
00000510   DMA0CTL
00000511   DMA0CTL_H
00000510   DMA0CTL_L
00000516   DMA0DA
00000516   DMA0DAL
00000512   DMA0SA
00000512   DMA0SAL
0000051a   DMA0SZ
00000520   DMA1CTL
00000521   DMA1CTL_H
00000520   DMA1CTL_L
00000526   DMA1DA
00000526   DMA1DAL
00000522   DMA1SA
00000522   DMA1SAL
0000052a   DMA1SZ
00000530   DMA2CTL
00000531   DMA2CTL_H
00000530   DMA2CTL_L
00000536   DMA2DA
00000536   DMA2DAL
00000532   DMA2SA
00000532   DMA2SAL
0000053a   DMA2SZ
00000500   DMACTL0
00000501   DMACTL0_H
00000500   DMACTL0_L
00000502   DMACTL1
00000503   DMACTL1_H
00000502   DMACTL1_L
00000504   DMACTL2
00000505   DMACTL2_H
00000504   DMACTL2_L
00000506   DMACTL3
00000507   DMACTL3_H
00000506   DMACTL3_L
00000508   DMACTL4
00000509   DMACTL4_H
00000508   DMACTL4_L
0000050e   DMAIV
0000050f   DMAIV_H
0000050e   DMAIV_L
00000140   FCTL1
00000141   FCTL1_H
00000140   FCTL1_L
00000144   FCTL3
00000145   FCTL3_H
00000144   FCTL3_L
00000146   FCTL4
00000147   FCTL4_H
00000146   FCTL4_L
00002b06   F_init
00002b0a   F_run
00002b0e   F_stop
00002b12   F_ta0_cc
00002b16   F_ta1_cc
00002b1a   F_ta2_cc
00002b1e   F_ta3_cc
00002400   Fatfs
00002634   Fil
00002858   Fil1
00009592   I2Cbyte_read
00009a48   I2Cbyte_write
00009eda   I_ASR
00009ee4   I_LSL
00000a40   LCDBM1
00000a49   LCDBM10
00000a4a   LCDBM11
00000a4b   LCDBM12
00000a4c   LCDBM13
00000a4d   LCDBM14
00000a4e   LCDBM15
00000a4f   LCDBM16
00000a50   LCDBM17
00000a51   LCDBM18
00000a52   LCDBM19
00000a41   LCDBM2
00000a53   LCDBM20
00000a42   LCDBM3
00000a43   LCDBM4
00000a44   LCDBM5
00000a45   LCDBM6
00000a46   LCDBM7
00000a47   LCDBM8
00000a48   LCDBM9
00000a04   LCDCBLKCTL
00000a05   LCDCBLKCTL_H
00000a04   LCDCBLKCTL_L
00000a12   LCDCCPCTL
00000a13   LCDCCPCTL_H
00000a12   LCDCCPCTL_L
00000a00   LCDCCTL0
00000a01   LCDCCTL0_H
00000a00   LCDCCTL0_L
00000a02   LCDCCTL1
00000a03   LCDCCTL1_H
00000a02   LCDCCTL1_L
00000a1e   LCDCIV
00000a06   LCDCMEMCTL
00000a07   LCDCMEMCTL_H
00000a06   LCDCMEMCTL_L
00000a0a   LCDCPCTL0
00000a0b   LCDCPCTL0_H
00000a0a   LCDCPCTL0_L
00000a0c   LCDCPCTL1
00000a0d   LCDCPCTL1_H
00000a0c   LCDCPCTL1_L
00000a0e   LCDCPCTL2
00000a0f   LCDCPCTL2_H
00000a0e   LCDCPCTL2_L
00000a08   LCDCVCTL
00000a09   LCDCVCTL_H
00000a08   LCDCVCTL_L
00000a20   LCDM1
00000a29   LCDM10
00000a2a   LCDM11
00000a2b   LCDM12
00000a2c   LCDM13
00000a2d   LCDM14
00000a2e   LCDM15
00000a2f   LCDM16
00000a30   LCDM17
00000a31   LCDM18
00000a32   LCDM19
00000a21   LCDM2
00000a33   LCDM20
00000a34   LCDM21
00000a35   LCDM22
00000a36   LCDM23
00000a37   LCDM24
00000a38   LCDM25
00000a39   LCDM26
00000a3a   LCDM27
00000a3b   LCDM28
00000a3c   LCDM29
00000a22   LCDM3
00000a3d   LCDM30
00000a3e   LCDM31
00000a3f   LCDM32
00000a40   LCDM33
00000a41   LCDM34
00000a42   LCDM35
00000a43   LCDM36
00000a44   LCDM37
00000a45   LCDM38
00000a46   LCDM39
00000a23   LCDM4
00000a47   LCDM40
00000a24   LCDM5
00000a25   LCDM6
00000a26   LCDM7
00000a27   LCDM8
00000a28   LCDM9
00009ea4   L_LSL
00009914   L_LSL_1
000098f0   L_LSL_10
000098ec   L_LSL_11
000098e8   L_LSL_12
000098e4   L_LSL_13
000098e0   L_LSL_14
000098dc   L_LSL_15
00009910   L_LSL_2
0000990c   L_LSL_3
00009908   L_LSL_4
00009904   L_LSL_5
00009900   L_LSL_6
000098fc   L_LSL_7
000098f8   L_LSL_8
000098f4   L_LSL_9
00009952   L_LSR_1
0000992e   L_LSR_10
0000992a   L_LSR_11
00009926   L_LSR_12
00009922   L_LSR_13
0000991e   L_LSR_14
0000991a   L_LSR_15
0000994e   L_LSR_2
0000994a   L_LSR_3
00009946   L_LSR_4
00009942   L_LSR_5
0000993e   L_LSR_6
0000993a   L_LSR_7
00009936   L_LSR_8
00009932   L_LSR_9
000004c4   MAC
000004da   MAC32H
000004db   MAC32H_H
000004da   MAC32H_L
000004d8   MAC32L
000004d9   MAC32L_H
000004d8   MAC32L_L
000004c6   MACS
000004de   MACS32H
000004df   MACS32H_H
000004de   MACS32H_L
000004dc   MACS32L
000004dd   MACS32L_H
000004dc   MACS32L_L
000004c7   MACS_H
000004c6   MACS_L
000004c5   MAC_H
000004c4   MAC_L
000004c0   MPY
000004ec   MPY32CTL0
000004ed   MPY32CTL0_H
000004ec   MPY32CTL0_L
000004d2   MPY32H
000004d3   MPY32H_H
000004d2   MPY32H_L
000004d0   MPY32L
000004d1   MPY32L_H
000004d0   MPY32L_L
000004c2   MPYS
000004d6   MPYS32H
000004d7   MPYS32H_H
000004d6   MPYS32H_L
000004d4   MPYS32L
000004d5   MPYS32L_H
000004d4   MPYS32L_L
000004c3   MPYS_H
000004c2   MPYS_L
000004c1   MPY_H
000004c0   MPY_L
00009cc6   NACK
000004c8   OP2
000004e2   OP2H
000004e3   OP2H_H
000004e2   OP2H_L
000004e0   OP2L
000004e1   OP2L_H
000004e0   OP2L_L
000004c9   OP2_H
000004c8   OP2_L
0000020e   P1IV
000001c8   P1MAP01
000001c9   P1MAP01_H
000001c8   P1MAP01_L
000001ca   P1MAP23
000001cb   P1MAP23_H
000001ca   P1MAP23_L
000001cc   P1MAP45
000001cd   P1MAP45_H
000001cc   P1MAP45_L
000001ce   P1MAP67
000001cf   P1MAP67_H
000001ce   P1MAP67_L
0000021e   P2IV
000001d0   P2MAP01
000001d1   P2MAP01_H
000001d0   P2MAP01_L
000001d2   P2MAP23
000001d3   P2MAP23_H
000001d2   P2MAP23_L
000001d4   P2MAP45
000001d5   P2MAP45_H
000001d4   P2MAP45_L
000001d6   P2MAP67
000001d7   P2MAP67_H
000001d6   P2MAP67_L
000001d8   P3MAP01
000001d9   P3MAP01_H
000001d8   P3MAP01_L
000001da   P3MAP23
000001db   P3MAP23_H
000001da   P3MAP23_L
000001dc   P3MAP45
000001dd   P3MAP45_H
000001dc   P3MAP45_L
000001de   P3MAP67
000001df   P3MAP67_H
000001de   P3MAP67_L
00000204   PADIR
00000205   PADIR_H
00000204   PADIR_L
00000208   PADS
00000209   PADS_H
00000208   PADS_L
0000021a   PAIE
00000218   PAIES
00000219   PAIES_H
00000218   PAIES_L
0000021b   PAIE_H
0000021a   PAIE_L
0000021c   PAIFG
0000021d   PAIFG_H
0000021c   PAIFG_L
00000200   PAIN
00000201   PAIN_H
00000200   PAIN_L
00000202   PAOUT
00000203   PAOUT_H
00000202   PAOUT_L
00000206   PAREN
00000207   PAREN_H
00000206   PAREN_L
0000020a   PASEL
0000020b   PASEL_H
0000020a   PASEL_L
00000224   PBDIR
00000225   PBDIR_H
00000224   PBDIR_L
00000228   PBDS
00000229   PBDS_H
00000228   PBDS_L
00000220   PBIN
00000221   PBIN_H
00000220   PBIN_L
00000222   PBOUT
00000223   PBOUT_H
00000222   PBOUT_L
00000226   PBREN
00000227   PBREN_H
00000226   PBREN_L
0000022a   PBSEL
0000022b   PBSEL_H
0000022a   PBSEL_L
00000244   PCDIR
00000245   PCDIR_H
00000244   PCDIR_L
00000248   PCDS
00000249   PCDS_H
00000248   PCDS_L
00000240   PCIN
00000241   PCIN_H
00000240   PCIN_L
00000242   PCOUT
00000243   PCOUT_H
00000242   PCOUT_L
00000246   PCREN
00000247   PCREN_H
00000246   PCREN_L
0000024a   PCSEL
0000024b   PCSEL_H
0000024a   PCSEL_L
00000264   PDDIR
00000265   PDDIR_H
00000264   PDDIR_L
00000268   PDDS
00000269   PDDS_H
00000268   PDDS_L
00000260   PDIN
00000261   PDIN_H
00000260   PDIN_L
00000262   PDOUT
00000263   PDOUT_H
00000262   PDOUT_L
00000266   PDREN
00000267   PDREN_H
00000266   PDREN_L
0000026a   PDSEL
0000026b   PDSEL_H
0000026a   PDSEL_L
00000284   PEDIR
00000285   PEDIR_H
00000284   PEDIR_L
00000288   PEDS
00000289   PEDS_H
00000288   PEDS_L
00000280   PEIN
00000281   PEIN_H
00000280   PEIN_L
00000282   PEOUT
00000283   PEOUT_H
00000282   PEOUT_L
00000286   PEREN
00000287   PEREN_H
00000286   PEREN_L
0000028a   PESEL
0000028b   PESEL_H
0000028a   PESEL_L
00000324   PJDIR
00000325   PJDIR_H
00000324   PJDIR_L
00000328   PJDS
00000329   PJDS_H
00000328   PJDS_L
00000320   PJIN
00000321   PJIN_H
00000320   PJIN_L
00000322   PJOUT
00000323   PJOUT_H
00000322   PJOUT_L
00000326   PJREN
00000327   PJREN_H
00000326   PJREN_L
0000032a   PJSEL
0000032b   PJSEL_H
0000032a   PJSEL_L
00000130   PM5CTL0
00000131   PM5CTL0_H
00000130   PM5CTL0_L
000001c2   PMAPCTL
000001c3   PMAPCTL_H
000001c2   PMAPCTL_L
000001c0   PMAPKEYID
000001c1   PMAPKEYID_H
000001c0   PMAPKEYID_L
00000120   PMMCTL0
00000121   PMMCTL0_H
00000120   PMMCTL0_L
00000122   PMMCTL1
00000123   PMMCTL1_H
00000122   PMMCTL1_L
0000012c   PMMIFG
0000012d   PMMIFG_H
0000012c   PMMIFG_L
0000012e   PMMRIE
0000012f   PMMRIE_H
0000012e   PMMRIE_L
00004040   Port_2
00002b3c   RCA
00000158   RCCTL0
00000159   RCCTL0_H
00000158   RCCTL0_L
000001b0   REFCTL0
000001b1   REFCTL0_H
000001b0   REFCTL0_L
000004e4   RES0
000004e5   RES0_H
000004e4   RES0_L
000004e6   RES1
000004e7   RES1_H
000004e6   RES1_L
000004e8   RES2
000004e9   RES2_H
000004e8   RES2_L
000004ea   RES3
000004eb   RES3_H
000004ea   RES3_L
000004cc   RESHI
000004cd   RESHI_H
000004cc   RESHI_L
000004ca   RESLO
000004cb   RESLO_H
000004ca   RESLO_L
000004ba   RTCADOWDAY
000004bb   RTCADOWDAY_H
000004ba   RTCADOWDAY_L
000004b8   RTCAMINHR
000004b9   RTCAMINHR_H
000004b8   RTCAMINHR_L
000004a0   RTCCTL0
000004a1   RTCCTL0_H
000004a0   RTCCTL0_L
000004a2   RTCCTL13
000004a3   RTCCTL13_H
000004a2   RTCCTL13_L
000004b4   RTCDATE
000004b5   RTCDATE_H
000004b4   RTCDATE_L
000004ae   RTCIV
000004a4   RTCOCAL
000004a5   RTCOCAL_H
000004a4   RTCOCAL_L
000004ac   RTCPS
000004a8   RTCPS0CTL
000004a9   RTCPS0CTL_H
000004a8   RTCPS0CTL_L
000004aa   RTCPS1CTL
000004ab   RTCPS1CTL_H
000004aa   RTCPS1CTL_L
000004ad   RTCPS_H
000004ac   RTCPS_L
000004a6   RTCTCMP
000004a7   RTCTCMP_H
000004a6   RTCTCMP_L
000004b0   RTCTIM0
000004b1   RTCTIM0_H
000004b0   RTCTIM0_L
000004b2   RTCTIM1
000004b3   RTCTIM1_H
000004b2   RTCTIM1_L
000004b6   RTCYEAR
000004b7   RTCYEAR_H
000004b6   RTCYEAR_L
00000810   SD24BCCTL0
00000811   SD24BCCTL0_H
00000810   SD24BCCTL0_L
00000818   SD24BCCTL1
00000819   SD24BCCTL1_H
00000818   SD24BCCTL1_L
00000800   SD24BCTL0
00000801   SD24BCTL0_H
00000800   SD24BCTL0_L
00000802   SD24BCTL1
00000803   SD24BCTL1_H
00000802   SD24BCTL1_L
0000080c   SD24BIE
0000080d   SD24BIE_H
0000080c   SD24BIE_L
0000080a   SD24BIFG
0000080b   SD24BIFG_H
0000080a   SD24BIFG_L
00000812   SD24BINCTL0
00000813   SD24BINCTL0_H
00000812   SD24BINCTL0_L
0000081a   SD24BINCTL1
0000081b   SD24BINCTL1_H
0000081a   SD24BINCTL1_L
0000080e   SD24BIV
0000080f   SD24BIV_H
0000080e   SD24BIV_L
00000852   SD24BMEMH0
00000853   SD24BMEMH0_H
00000852   SD24BMEMH0_L
00000856   SD24BMEMH1
00000857   SD24BMEMH1_H
00000856   SD24BMEMH1_L
00000850   SD24BMEML0
00000851   SD24BMEML0_H
00000850   SD24BMEML0_L
00000854   SD24BMEML1
00000855   SD24BMEML1_H
00000854   SD24BMEML1_L
00000814   SD24BOSR0
00000815   SD24BOSR0_H
00000814   SD24BOSR0_L
0000081c   SD24BOSR1
0000081d   SD24BOSR1_H
0000081c   SD24BOSR1_L
00000816   SD24BPRE0
00000817   SD24BPRE0_H
00000816   SD24BPRE0_L
0000081e   SD24BPRE1
0000081f   SD24BPRE1_H
0000081e   SD24BPRE1_L
00000804   SD24BTRGCTL
00000805   SD24BTRGCTL_H
00000804   SD24BTRGCTL_L
00000806   SD24BTRGOSR
00000807   SD24BTRGOSR_H
00000806   SD24BTRGOSR_L
00000808   SD24BTRGPRE
00000809   SD24BTRGPRE_H
00000808   SD24BTRGPRE_L
00000100   SFRIE1
00000101   SFRIE1_H
00000100   SFRIE1_L
00000102   SFRIFG1
00000103   SFRIFG1_H
00000102   SFRIFG1_L
00000104   SFRRPCR
00000105   SFRRPCR_H
00000104   SFRRPCR_L
000004ce   SUMEXT
000004cf   SUMEXT_H
000004ce   SUMEXT_L
00000124   SVSMHCTL
00000125   SVSMHCTL_H
00000124   SVSMHCTL_L
00000128   SVSMIO
00000129   SVSMIO_H
00000128   SVSMIO_L
00000126   SVSMLCTL
00000127   SVSMLCTL_H
00000126   SVSMLCTL_L
00000198   SYSBERRIV
00000199   SYSBERRIV_H
00000198   SYSBERRIV_L
00000182   SYSBSLC
00000183   SYSBSLC_H
00000182   SYSBSLC_L
00000180   SYSCTL
00000181   SYSCTL_H
00000180   SYSCTL_L
00000186   SYSJMBC
00000187   SYSJMBC_H
00000186   SYSJMBC_L
00000188   SYSJMBI0
00000189   SYSJMBI0_H
00000188   SYSJMBI0_L
0000018a   SYSJMBI1
0000018b   SYSJMBI1_H
0000018a   SYSJMBI1_L
0000018c   SYSJMBO0
0000018d   SYSJMBO0_H
0000018c   SYSJMBO0_L
0000018e   SYSJMBO1
0000018f   SYSJMBO1_H
0000018e   SYSJMBO1_L
0000019e   SYSRSTIV
0000019f   SYSRSTIV_H
0000019e   SYSRSTIV_L
0000019c   SYSSNIV
0000019d   SYSSNIV_H
0000019c   SYSSNIV_L
0000019a   SYSUNIV
0000019b   SYSUNIV_H
0000019a   SYSUNIV_L
00000352   TA0CCR0
00000354   TA0CCR1
00000356   TA0CCR2
00000342   TA0CCTL0
00000344   TA0CCTL1
00000346   TA0CCTL2
00000340   TA0CTL
00000360   TA0EX0
0000036e   TA0IV
00000350   TA0R
0000414c   TA0_CC0_ISR
00004000   TA0_CC1_ISR
00000392   TA1CCR0
00000394   TA1CCR1
00000382   TA1CCTL0
00000384   TA1CCTL1
00000380   TA1CTL
000003a0   TA1EX0
000003ae   TA1IV
00000390   TA1R
0000411c   TA1_CC0_ISR
00004070   TA1_CC1_ISR
00000412   TA2CCR0
00000414   TA2CCR1
00000402   TA2CCTL0
00000404   TA2CCTL1
00000400   TA2CTL
00000420   TA2EX0
0000042e   TA2IV
00000410   TA2R
0000412c   TA2_CC0_ISR
000040a0   TA2_CC1_ISR
00000452   TA3CCR0
00000454   TA3CCR1
00000442   TA3CCTL0
00000444   TA3CCTL1
00000440   TA3CTL
00000460   TA3EX0
0000046e   TA3IV
00000450   TA3R
0000413c   TA3_CC0_ISR
000005d0   UCA0ABCTL
000005c6   UCA0BRW
000005c7   UCA0BRW_H
000005c6   UCA0BRW_L
000005c0   UCA0CTLW0
000005c1   UCA0CTLW0_H
000005c0   UCA0CTLW0_L
000005c2   UCA0CTLW1
000005c3   UCA0CTLW1_H
000005c2   UCA0CTLW1_L
000005da   UCA0IE
000005db   UCA0IE_H
000005da   UCA0IE_L
000005dc   UCA0IFG
000005dd   UCA0IFG_H
000005dc   UCA0IFG_L
000005d2   UCA0IRCTL
000005d3   UCA0IRCTL_H
000005d2   UCA0IRCTL_L
000005de   UCA0IV
000005c8   UCA0MCTLW
000005c9   UCA0MCTLW_H
000005c8   UCA0MCTLW_L
000005cc   UCA0RXBUF
000005cd   UCA0RXBUF_H
000005cc   UCA0RXBUF_L
000005ca   UCA0STATW
000005ce   UCA0TXBUF
000005cf   UCA0TXBUF_H
000005ce   UCA0TXBUF_L
000005f0   UCA1ABCTL
000005e6   UCA1BRW
000005e7   UCA1BRW_H
000005e6   UCA1BRW_L
000005e0   UCA1CTLW0
000005e1   UCA1CTLW0_H
000005e0   UCA1CTLW0_L
000005e2   UCA1CTLW1
000005e3   UCA1CTLW1_H
000005e2   UCA1CTLW1_L
000005fa   UCA1IE
000005fb   UCA1IE_H
000005fa   UCA1IE_L
000005fc   UCA1IFG
000005fd   UCA1IFG_H
000005fc   UCA1IFG_L
000005f2   UCA1IRCTL
000005f3   UCA1IRCTL_H
000005f2   UCA1IRCTL_L
000005fe   UCA1IV
000005e8   UCA1MCTLW
000005e9   UCA1MCTLW_H
000005e8   UCA1MCTLW_L
000005ec   UCA1RXBUF
000005ed   UCA1RXBUF_H
000005ec   UCA1RXBUF_L
000005ea   UCA1STATW
000005ee   UCA1TXBUF
000005ef   UCA1TXBUF_H
000005ee   UCA1TXBUF_L
00000610   UCA2ABCTL
00000606   UCA2BRW
00000607   UCA2BRW_H
00000606   UCA2BRW_L
00000600   UCA2CTLW0
00000601   UCA2CTLW0_H
00000600   UCA2CTLW0_L
00000602   UCA2CTLW1
00000603   UCA2CTLW1_H
00000602   UCA2CTLW1_L
0000061a   UCA2IE
0000061b   UCA2IE_H
0000061a   UCA2IE_L
0000061c   UCA2IFG
0000061d   UCA2IFG_H
0000061c   UCA2IFG_L
00000612   UCA2IRCTL
00000613   UCA2IRCTL_H
00000612   UCA2IRCTL_L
0000061e   UCA2IV
00000608   UCA2MCTLW
00000609   UCA2MCTLW_H
00000608   UCA2MCTLW_L
0000060c   UCA2RXBUF
0000060d   UCA2RXBUF_H
0000060c   UCA2RXBUF_L
0000060a   UCA2STATW
0000060e   UCA2TXBUF
0000060f   UCA2TXBUF_H
0000060e   UCA2TXBUF_L
0000065e   UCB0ADDMASK
0000065f   UCB0ADDMASK_H
0000065e   UCB0ADDMASK_L
0000065c   UCB0ADDRX
0000065d   UCB0ADDRX_H
0000065c   UCB0ADDRX_L
00000646   UCB0BRW
00000647   UCB0BRW_H
00000646   UCB0BRW_L
00000640   UCB0CTLW0
00000641   UCB0CTLW0_H
00000640   UCB0CTLW0_L
00000642   UCB0CTLW1
00000643   UCB0CTLW1_H
00000642   UCB0CTLW1_L
00000654   UCB0I2COA0
00000655   UCB0I2COA0_H
00000654   UCB0I2COA0_L
00000656   UCB0I2COA1
00000657   UCB0I2COA1_H
00000656   UCB0I2COA1_L
00000658   UCB0I2COA2
00000659   UCB0I2COA2_H
00000658   UCB0I2COA2_L
0000065a   UCB0I2COA3
0000065b   UCB0I2COA3_H
0000065a   UCB0I2COA3_L
00000660   UCB0I2CSA
00000661   UCB0I2CSA_H
00000660   UCB0I2CSA_L
0000066a   UCB0IE
0000066b   UCB0IE_H
0000066a   UCB0IE_L
0000066c   UCB0IFG
0000066d   UCB0IFG_H
0000066c   UCB0IFG_L
0000066e   UCB0IV
0000064c   UCB0RXBUF
0000064d   UCB0RXBUF_H
0000064c   UCB0RXBUF_L
00000648   UCB0STATW
00000649   UCB0STATW_H
00000648   UCB0STATW_L
0000064a   UCB0TBCNT
0000064b   UCB0TBCNT_H
0000064a   UCB0TBCNT_L
0000064e   UCB0TXBUF
0000064f   UCB0TXBUF_H
0000064e   UCB0TXBUF_L
00000160   UCSCTL0
00000161   UCSCTL0_H
00000160   UCSCTL0_L
00000162   UCSCTL1
00000163   UCSCTL1_H
00000162   UCSCTL1_L
00000164   UCSCTL2
00000165   UCSCTL2_H
00000164   UCSCTL2_L
00000166   UCSCTL3
00000167   UCSCTL3_H
00000166   UCSCTL3_L
00000168   UCSCTL4
00000169   UCSCTL4_H
00000168   UCSCTL4_L
0000016a   UCSCTL5
0000016b   UCSCTL5_H
0000016a   UCSCTL5_L
0000016c   UCSCTL6
0000016d   UCSCTL6_H
0000016c   UCSCTL6_L
0000016e   UCSCTL7
0000016f   UCSCTL7_H
0000016e   UCSCTL7_L
00000170   UCSCTL8
00000171   UCSCTL8_H
00000170   UCSCTL8_L
00002abe   VolToPart
0000015c   WDTCTL
0000015d   WDTCTL_H
0000015c   WDTCTL_L
00009f2e   Zk_ASCII8X16
00003c00   __STACK_END
00000050   __STACK_SIZE
00000001   __TI_args_main
00000001   __TI_auto_init
00000001   __TI_exit
ffffffff   __binit__
00001c00   __bss__
ffffffff   __c_args__
0000415a   __cinit__
00001c00   __data__
00009e3c   __divu
000093f0   __divul
00001c00   __edata__
00002b4a   __end__
ffffffff   __etext__
00009e52   __mpyi_f5hw
00009d6c   __mpyl_f5hw
ffffffff   __pinit__
00009e3c   __remu
000093f0   __remul
ffffffff   __text__
000091d6   _auto_init
000040d0   _c_int00
000040d0   _c_int00_noexit
00002b34   _cleanup_ptr
00002b38   _dtors_ptr
00002b2c   _lock
00009f28   _nop
0000850c   _printfi_minimal
0000fffe   _reset_vector
00003bb0   _stack
00009f20   _system_pre_init
00002b30   _unlock
00009f24   abort
ffffffff   binit
00002b22   boardstatus
00002ad6   bt_data0
00002ada   bt_data1
00002ae6   bt_data2
00002af8   bt_data3
00006698   camera_init
00002b3e   cardtype
0000949e   change_sdclk
0000415a   cinit
00008f2e   clust2sect
00009cf0   colorWrite
00002b28   data
00009c10   die
00002a7c   dir
00009e26   disk_initialize
0000726a   disk_ioctl
00008d90   disk_read
00009ec2   disk_status
00008df8   disk_write
000075bc   displayASCII8X16
00009232   dspSingleColor
00001c00   edata
00002b4a   end
ffffffff   etext
00009c40   f_close
00009398   f_mount
000057f0   f_open
00005142   f_read
00007a40   f_sync
00004952   f_write
00002ab0   freq_mode
000070a0   get_fat
00009f08   get_fattime
0000962a   initBT2cmd
00009e7c   initStandby
0000985e   initTemp
00005d48   initTurbine
00004d54   init_card
00002ac0   interrupt_flag
000054b8   lcdInitial
000096bc   lowbatt
000085e2   main
00009ae4   memccpy
00009d1a   memcpy
00009dd2   memset
00002ac2   msg
00009f2a   no_operation_func
00009958   outputPixel
00002abb   pic_flag
00002abc   pic_len
ffffffff   pinit
00005ac2   put_fat
00009996   ramAdressSet
00002632   rc
00009792   read16
000068a6   read_multibuffer
00009448   receivebyte
00009178   regread
00008ec8   regwrite
00009c6e   reset
00008a4e   runBT2cmd
00009b16   runStandby
0000928c   runTemp
00008f92   runTurbine
00009e90   sccb_init
000090ba   sccb_read
0000974c   sccb_write
00002b40   sectorsize
000094f2   sendData
000088a0   sendbyte
00002b04   sensor_mode
00008ad2   setAddrWindow
000089c4   setClocks
00007cfe   setMode
000092e6   set_address
00008bca   setupBT2
00006ab0   showPic
000097d6   sleep
0000981a   sprintf
00009b48   start
00009ece   startBT2
00009b7a   stop
00009f0e   stopBT2
00009f14   stopBT2cmd
00009f2c   stopStandby
00009f1a   stopTemp
00009eb4   stopTurbine
00009e0c   strlen
00002aa0   sync
00002aa2   t_cur
00002a98   t_data
00002aae   t_incur
00002aac   t_inflow
00002aa6   t_inhale
00002aa8   t_overflow
00002aaa   t_tempoflow
00002aa4   t_update
00009eee   ta0ccTurbine
000099d4   ta2ccTurbine
000086b2   ta3ccTurbine
00002b26   tempH
00002b24   tempL
00009bac   temp_setupSD24
00007e48   touchroutine
00009bde   turbine_setupTA2
00009d8e   turbine_setupTA3
00009ef8   turbine_startTA2
00009f00   turbine_startTA3
00008150   turnOff
00002b02   update
00007f60   updateturbine
00009db0   wait
00008cb8   write16
00008d26   write16_DMABlock
00009a7c   writeCommand
00009ab0   writeData
0000875c   write_cmd
00007bac   write_jpeg_file
00006cb8   write_multibuffer
0000622c   write_multibuffer_camera


GLOBAL SYMBOLS: SORTED BY Symbol Address 

address    name
--------   ----
00000001   __TI_args_main
00000001   __TI_auto_init
00000001   __TI_exit
00000050   __STACK_SIZE
00000100   SFRIE1
00000100   SFRIE1_L
00000101   SFRIE1_H
00000102   SFRIFG1
00000102   SFRIFG1_L
00000103   SFRIFG1_H
00000104   SFRRPCR
00000104   SFRRPCR_L
00000105   SFRRPCR_H
00000120   PMMCTL0
00000120   PMMCTL0_L
00000121   PMMCTL0_H
00000122   PMMCTL1
00000122   PMMCTL1_L
00000123   PMMCTL1_H
00000124   SVSMHCTL
00000124   SVSMHCTL_L
00000125   SVSMHCTL_H
00000126   SVSMLCTL
00000126   SVSMLCTL_L
00000127   SVSMLCTL_H
00000128   SVSMIO
00000128   SVSMIO_L
00000129   SVSMIO_H
0000012c   PMMIFG
0000012c   PMMIFG_L
0000012d   PMMIFG_H
0000012e   PMMRIE
0000012e   PMMRIE_L
0000012f   PMMRIE_H
00000130   PM5CTL0
00000130   PM5CTL0_L
00000131   PM5CTL0_H
00000140   FCTL1
00000140   FCTL1_L
00000141   FCTL1_H
00000144   FCTL3
00000144   FCTL3_L
00000145   FCTL3_H
00000146   FCTL4
00000146   FCTL4_L
00000147   FCTL4_H
00000150   CRCDI
00000150   CRCDI_L
00000151   CRCDI_H
00000152   CRCDIRB
00000152   CRCDIRB_L
00000153   CRCDIRB_H
00000154   CRCINIRES
00000154   CRCINIRES_L
00000155   CRCINIRES_H
00000156   CRCRESR
00000156   CRCRESR_L
00000157   CRCRESR_H
00000158   RCCTL0
00000158   RCCTL0_L
00000159   RCCTL0_H
0000015c   WDTCTL
0000015c   WDTCTL_L
0000015d   WDTCTL_H
00000160   UCSCTL0
00000160   UCSCTL0_L
00000161   UCSCTL0_H
00000162   UCSCTL1
00000162   UCSCTL1_L
00000163   UCSCTL1_H
00000164   UCSCTL2
00000164   UCSCTL2_L
00000165   UCSCTL2_H
00000166   UCSCTL3
00000166   UCSCTL3_L
00000167   UCSCTL3_H
00000168   UCSCTL4
00000168   UCSCTL4_L
00000169   UCSCTL4_H
0000016a   UCSCTL5
0000016a   UCSCTL5_L
0000016b   UCSCTL5_H
0000016c   UCSCTL6
0000016c   UCSCTL6_L
0000016d   UCSCTL6_H
0000016e   UCSCTL7
0000016e   UCSCTL7_L
0000016f   UCSCTL7_H
00000170   UCSCTL8
00000170   UCSCTL8_L
00000171   UCSCTL8_H
00000180   SYSCTL
00000180   SYSCTL_L
00000181   SYSCTL_H
00000182   SYSBSLC
00000182   SYSBSLC_L
00000183   SYSBSLC_H
00000186   SYSJMBC
00000186   SYSJMBC_L
00000187   SYSJMBC_H
00000188   SYSJMBI0
00000188   SYSJMBI0_L
00000189   SYSJMBI0_H
0000018a   SYSJMBI1
0000018a   SYSJMBI1_L
0000018b   SYSJMBI1_H
0000018c   SYSJMBO0
0000018c   SYSJMBO0_L
0000018d   SYSJMBO0_H
0000018e   SYSJMBO1
0000018e   SYSJMBO1_L
0000018f   SYSJMBO1_H
00000198   SYSBERRIV
00000198   SYSBERRIV_L
00000199   SYSBERRIV_H
0000019a   SYSUNIV
0000019a   SYSUNIV_L
0000019b   SYSUNIV_H
0000019c   SYSSNIV
0000019c   SYSSNIV_L
0000019d   SYSSNIV_H
0000019e   SYSRSTIV
0000019e   SYSRSTIV_L
0000019f   SYSRSTIV_H
000001b0   REFCTL0
000001b0   REFCTL0_L
000001b1   REFCTL0_H
000001c0   PMAPKEYID
000001c0   PMAPKEYID_L
000001c1   PMAPKEYID_H
000001c2   PMAPCTL
000001c2   PMAPCTL_L
000001c3   PMAPCTL_H
000001c8   P1MAP01
000001c8   P1MAP01_L
000001c9   P1MAP01_H
000001ca   P1MAP23
000001ca   P1MAP23_L
000001cb   P1MAP23_H
000001cc   P1MAP45
000001cc   P1MAP45_L
000001cd   P1MAP45_H
000001ce   P1MAP67
000001ce   P1MAP67_L
000001cf   P1MAP67_H
000001d0   P2MAP01
000001d0   P2MAP01_L
000001d1   P2MAP01_H
000001d2   P2MAP23
000001d2   P2MAP23_L
000001d3   P2MAP23_H
000001d4   P2MAP45
000001d4   P2MAP45_L
000001d5   P2MAP45_H
000001d6   P2MAP67
000001d6   P2MAP67_L
000001d7   P2MAP67_H
000001d8   P3MAP01
000001d8   P3MAP01_L
000001d9   P3MAP01_H
000001da   P3MAP23
000001da   P3MAP23_L
000001db   P3MAP23_H
000001dc   P3MAP45
000001dc   P3MAP45_L
000001dd   P3MAP45_H
000001de   P3MAP67
000001de   P3MAP67_L
000001df   P3MAP67_H
00000200   PAIN
00000200   PAIN_L
00000201   PAIN_H
00000202   PAOUT
00000202   PAOUT_L
00000203   PAOUT_H
00000204   PADIR
00000204   PADIR_L
00000205   PADIR_H
00000206   PAREN
00000206   PAREN_L
00000207   PAREN_H
00000208   PADS
00000208   PADS_L
00000209   PADS_H
0000020a   PASEL
0000020a   PASEL_L
0000020b   PASEL_H
0000020e   P1IV
00000218   PAIES
00000218   PAIES_L
00000219   PAIES_H
0000021a   PAIE
0000021a   PAIE_L
0000021b   PAIE_H
0000021c   PAIFG
0000021c   PAIFG_L
0000021d   PAIFG_H
0000021e   P2IV
00000220   PBIN
00000220   PBIN_L
00000221   PBIN_H
00000222   PBOUT
00000222   PBOUT_L
00000223   PBOUT_H
00000224   PBDIR
00000224   PBDIR_L
00000225   PBDIR_H
00000226   PBREN
00000226   PBREN_L
00000227   PBREN_H
00000228   PBDS
00000228   PBDS_L
00000229   PBDS_H
0000022a   PBSEL
0000022a   PBSEL_L
0000022b   PBSEL_H
00000240   PCIN
00000240   PCIN_L
00000241   PCIN_H
00000242   PCOUT
00000242   PCOUT_L
00000243   PCOUT_H
00000244   PCDIR
00000244   PCDIR_L
00000245   PCDIR_H
00000246   PCREN
00000246   PCREN_L
00000247   PCREN_H
00000248   PCDS
00000248   PCDS_L
00000249   PCDS_H
0000024a   PCSEL
0000024a   PCSEL_L
0000024b   PCSEL_H
00000260   PDIN
00000260   PDIN_L
00000261   PDIN_H
00000262   PDOUT
00000262   PDOUT_L
00000263   PDOUT_H
00000264   PDDIR
00000264   PDDIR_L
00000265   PDDIR_H
00000266   PDREN
00000266   PDREN_L
00000267   PDREN_H
00000268   PDDS
00000268   PDDS_L
00000269   PDDS_H
0000026a   PDSEL
0000026a   PDSEL_L
0000026b   PDSEL_H
00000280   PEIN
00000280   PEIN_L
00000281   PEIN_H
00000282   PEOUT
00000282   PEOUT_L
00000283   PEOUT_H
00000284   PEDIR
00000284   PEDIR_L
00000285   PEDIR_H
00000286   PEREN
00000286   PEREN_L
00000287   PEREN_H
00000288   PEDS
00000288   PEDS_L
00000289   PEDS_H
0000028a   PESEL
0000028a   PESEL_L
0000028b   PESEL_H
00000320   PJIN
00000320   PJIN_L
00000321   PJIN_H
00000322   PJOUT
00000322   PJOUT_L
00000323   PJOUT_H
00000324   PJDIR
00000324   PJDIR_L
00000325   PJDIR_H
00000326   PJREN
00000326   PJREN_L
00000327   PJREN_H
00000328   PJDS
00000328   PJDS_L
00000329   PJDS_H
0000032a   PJSEL
0000032a   PJSEL_L
0000032b   PJSEL_H
00000340   TA0CTL
00000342   TA0CCTL0
00000344   TA0CCTL1
00000346   TA0CCTL2
00000350   TA0R
00000352   TA0CCR0
00000354   TA0CCR1
00000356   TA0CCR2
00000360   TA0EX0
0000036e   TA0IV
00000380   TA1CTL
00000382   TA1CCTL0
00000384   TA1CCTL1
00000390   TA1R
00000392   TA1CCR0
00000394   TA1CCR1
000003a0   TA1EX0
000003ae   TA1IV
00000400   TA2CTL
00000402   TA2CCTL0
00000404   TA2CCTL1
00000410   TA2R
00000412   TA2CCR0
00000414   TA2CCR1
00000420   TA2EX0
0000042e   TA2IV
00000440   TA3CTL
00000442   TA3CCTL0
00000444   TA3CCTL1
00000450   TA3R
00000452   TA3CCR0
00000454   TA3CCR1
00000460   TA3EX0
0000046e   TA3IV
00000480   BAKMEM0
00000480   BAKMEM0_L
00000481   BAKMEM0_H
00000482   BAKMEM1
00000482   BAKMEM1_L
00000483   BAKMEM1_H
00000484   BAKMEM2
00000484   BAKMEM2_L
00000485   BAKMEM2_H
00000486   BAKMEM3
00000486   BAKMEM3_L
00000487   BAKMEM3_H
000004a0   RTCCTL0
000004a0   RTCCTL0_L
000004a1   RTCCTL0_H
000004a2   RTCCTL13
000004a2   RTCCTL13_L
000004a3   RTCCTL13_H
000004a4   RTCOCAL
000004a4   RTCOCAL_L
000004a5   RTCOCAL_H
000004a6   RTCTCMP
000004a6   RTCTCMP_L
000004a7   RTCTCMP_H
000004a8   RTCPS0CTL
000004a8   RTCPS0CTL_L
000004a9   RTCPS0CTL_H
000004aa   RTCPS1CTL
000004aa   RTCPS1CTL_L
000004ab   RTCPS1CTL_H
000004ac   RTCPS
000004ac   RTCPS_L
000004ad   RTCPS_H
000004ae   RTCIV
000004b0   RTCTIM0
000004b0   RTCTIM0_L
000004b1   RTCTIM0_H
000004b2   RTCTIM1
000004b2   RTCTIM1_L
000004b3   RTCTIM1_H
000004b4   RTCDATE
000004b4   RTCDATE_L
000004b5   RTCDATE_H
000004b6   RTCYEAR
000004b6   RTCYEAR_L
000004b7   RTCYEAR_H
000004b8   RTCAMINHR
000004b8   RTCAMINHR_L
000004b9   RTCAMINHR_H
000004ba   RTCADOWDAY
000004ba   RTCADOWDAY_L
000004bb   RTCADOWDAY_H
000004bc   BIN2BCD
000004be   BCD2BIN
000004c0   MPY
000004c0   MPY_L
000004c1   MPY_H
000004c2   MPYS
000004c2   MPYS_L
000004c3   MPYS_H
000004c4   MAC
000004c4   MAC_L
000004c5   MAC_H
000004c6   MACS
000004c6   MACS_L
000004c7   MACS_H
000004c8   OP2
000004c8   OP2_L
000004c9   OP2_H
000004ca   RESLO
000004ca   RESLO_L
000004cb   RESLO_H
000004cc   RESHI
000004cc   RESHI_L
000004cd   RESHI_H
000004ce   SUMEXT
000004ce   SUMEXT_L
000004cf   SUMEXT_H
000004d0   MPY32L
000004d0   MPY32L_L
000004d1   MPY32L_H
000004d2   MPY32H
000004d2   MPY32H_L
000004d3   MPY32H_H
000004d4   MPYS32L
000004d4   MPYS32L_L
000004d5   MPYS32L_H
000004d6   MPYS32H
000004d6   MPYS32H_L
000004d7   MPYS32H_H
000004d8   MAC32L
000004d8   MAC32L_L
000004d9   MAC32L_H
000004da   MAC32H
000004da   MAC32H_L
000004db   MAC32H_H
000004dc   MACS32L
000004dc   MACS32L_L
000004dd   MACS32L_H
000004de   MACS32H
000004de   MACS32H_L
000004df   MACS32H_H
000004e0   OP2L
000004e0   OP2L_L
000004e1   OP2L_H
000004e2   OP2H
000004e2   OP2H_L
000004e3   OP2H_H
000004e4   RES0
000004e4   RES0_L
000004e5   RES0_H
000004e6   RES1
000004e6   RES1_L
000004e7   RES1_H
000004e8   RES2
000004e8   RES2_L
000004e9   RES2_H
000004ea   RES3
000004ea   RES3_L
000004eb   RES3_H
000004ec   MPY32CTL0
000004ec   MPY32CTL0_L
000004ed   MPY32CTL0_H
00000500   DMACTL0
00000500   DMACTL0_L
00000501   DMACTL0_H
00000502   DMACTL1
00000502   DMACTL1_L
00000503   DMACTL1_H
00000504   DMACTL2
00000504   DMACTL2_L
00000505   DMACTL2_H
00000506   DMACTL3
00000506   DMACTL3_L
00000507   DMACTL3_H
00000508   DMACTL4
00000508   DMACTL4_L
00000509   DMACTL4_H
0000050e   DMAIV
0000050e   DMAIV_L
0000050f   DMAIV_H
00000510   DMA0CTL
00000510   DMA0CTL_L
00000511   DMA0CTL_H
00000512   DMA0SA
00000512   DMA0SAL
00000516   DMA0DA
00000516   DMA0DAL
0000051a   DMA0SZ
00000520   DMA1CTL
00000520   DMA1CTL_L
00000521   DMA1CTL_H
00000522   DMA1SA
00000522   DMA1SAL
00000526   DMA1DA
00000526   DMA1DAL
0000052a   DMA1SZ
00000530   DMA2CTL
00000530   DMA2CTL_L
00000531   DMA2CTL_H
00000532   DMA2SA
00000532   DMA2SAL
00000536   DMA2DA
00000536   DMA2DAL
0000053a   DMA2SZ
000005c0   UCA0CTLW0
000005c0   UCA0CTLW0_L
000005c1   UCA0CTLW0_H
000005c2   UCA0CTLW1
000005c2   UCA0CTLW1_L
000005c3   UCA0CTLW1_H
000005c6   UCA0BRW
000005c6   UCA0BRW_L
000005c7   UCA0BRW_H
000005c8   UCA0MCTLW
000005c8   UCA0MCTLW_L
000005c9   UCA0MCTLW_H
000005ca   UCA0STATW
000005cc   UCA0RXBUF
000005cc   UCA0RXBUF_L
000005cd   UCA0RXBUF_H
000005ce   UCA0TXBUF
000005ce   UCA0TXBUF_L
000005cf   UCA0TXBUF_H
000005d0   UCA0ABCTL
000005d2   UCA0IRCTL
000005d2   UCA0IRCTL_L
000005d3   UCA0IRCTL_H
000005da   UCA0IE
000005da   UCA0IE_L
000005db   UCA0IE_H
000005dc   UCA0IFG
000005dc   UCA0IFG_L
000005dd   UCA0IFG_H
000005de   UCA0IV
000005e0   UCA1CTLW0
000005e0   UCA1CTLW0_L
000005e1   UCA1CTLW0_H
000005e2   UCA1CTLW1
000005e2   UCA1CTLW1_L
000005e3   UCA1CTLW1_H
000005e6   UCA1BRW
000005e6   UCA1BRW_L
000005e7   UCA1BRW_H
000005e8   UCA1MCTLW
000005e8   UCA1MCTLW_L
000005e9   UCA1MCTLW_H
000005ea   UCA1STATW
000005ec   UCA1RXBUF
000005ec   UCA1RXBUF_L
000005ed   UCA1RXBUF_H
000005ee   UCA1TXBUF
000005ee   UCA1TXBUF_L
000005ef   UCA1TXBUF_H
000005f0   UCA1ABCTL
000005f2   UCA1IRCTL
000005f2   UCA1IRCTL_L
000005f3   UCA1IRCTL_H
000005fa   UCA1IE
000005fa   UCA1IE_L
000005fb   UCA1IE_H
000005fc   UCA1IFG
000005fc   UCA1IFG_L
000005fd   UCA1IFG_H
000005fe   UCA1IV
00000600   UCA2CTLW0
00000600   UCA2CTLW0_L
00000601   UCA2CTLW0_H
00000602   UCA2CTLW1
00000602   UCA2CTLW1_L
00000603   UCA2CTLW1_H
00000606   UCA2BRW
00000606   UCA2BRW_L
00000607   UCA2BRW_H
00000608   UCA2MCTLW
00000608   UCA2MCTLW_L
00000609   UCA2MCTLW_H
0000060a   UCA2STATW
0000060c   UCA2RXBUF
0000060c   UCA2RXBUF_L
0000060d   UCA2RXBUF_H
0000060e   UCA2TXBUF
0000060e   UCA2TXBUF_L
0000060f   UCA2TXBUF_H
00000610   UCA2ABCTL
00000612   UCA2IRCTL
00000612   UCA2IRCTL_L
00000613   UCA2IRCTL_H
0000061a   UCA2IE
0000061a   UCA2IE_L
0000061b   UCA2IE_H
0000061c   UCA2IFG
0000061c   UCA2IFG_L
0000061d   UCA2IFG_H
0000061e   UCA2IV
00000640   UCB0CTLW0
00000640   UCB0CTLW0_L
00000641   UCB0CTLW0_H
00000642   UCB0CTLW1
00000642   UCB0CTLW1_L
00000643   UCB0CTLW1_H
00000646   UCB0BRW
00000646   UCB0BRW_L
00000647   UCB0BRW_H
00000648   UCB0STATW
00000648   UCB0STATW_L
00000649   UCB0STATW_H
0000064a   UCB0TBCNT
0000064a   UCB0TBCNT_L
0000064b   UCB0TBCNT_H
0000064c   UCB0RXBUF
0000064c   UCB0RXBUF_L
0000064d   UCB0RXBUF_H
0000064e   UCB0TXBUF
0000064e   UCB0TXBUF_L
0000064f   UCB0TXBUF_H
00000654   UCB0I2COA0
00000654   UCB0I2COA0_L
00000655   UCB0I2COA0_H
00000656   UCB0I2COA1
00000656   UCB0I2COA1_L
00000657   UCB0I2COA1_H
00000658   UCB0I2COA2
00000658   UCB0I2COA2_L
00000659   UCB0I2COA2_H
0000065a   UCB0I2COA3
0000065a   UCB0I2COA3_L
0000065b   UCB0I2COA3_H
0000065c   UCB0ADDRX
0000065c   UCB0ADDRX_L
0000065d   UCB0ADDRX_H
0000065e   UCB0ADDMASK
0000065e   UCB0ADDMASK_L
0000065f   UCB0ADDMASK_H
00000660   UCB0I2CSA
00000660   UCB0I2CSA_L
00000661   UCB0I2CSA_H
0000066a   UCB0IE
0000066a   UCB0IE_L
0000066b   UCB0IE_H
0000066c   UCB0IFG
0000066c   UCB0IFG_L
0000066d   UCB0IFG_H
0000066e   UCB0IV
00000740   ADC10CTL0
00000740   ADC10CTL0_L
00000741   ADC10CTL0_H
00000742   ADC10CTL1
00000742   ADC10CTL1_L
00000743   ADC10CTL1_H
00000744   ADC10CTL2
00000744   ADC10CTL2_L
00000745   ADC10CTL2_H
00000746   ADC10LO
00000746   ADC10LO_L
00000747   ADC10LO_H
00000748   ADC10HI
00000748   ADC10HI_L
00000749   ADC10HI_H
0000074a   ADC10MCTL0
0000074a   ADC10MCTL0_L
0000074b   ADC10MCTL0_H
00000752   ADC10MEM0
00000752   ADC10MEM0_L
00000753   ADC10MEM0_H
0000075a   ADC10IE
0000075a   ADC10IE_L
0000075b   ADC10IE_H
0000075c   ADC10IFG
0000075c   ADC10IFG_L
0000075d   ADC10IFG_H
0000075e   ADC10IV
0000075e   ADC10IV_L
0000075f   ADC10IV_H
00000800   SD24BCTL0
00000800   SD24BCTL0_L
00000801   SD24BCTL0_H
00000802   SD24BCTL1
00000802   SD24BCTL1_L
00000803   SD24BCTL1_H
00000804   SD24BTRGCTL
00000804   SD24BTRGCTL_L
00000805   SD24BTRGCTL_H
00000806   SD24BTRGOSR
00000806   SD24BTRGOSR_L
00000807   SD24BTRGOSR_H
00000808   SD24BTRGPRE
00000808   SD24BTRGPRE_L
00000809   SD24BTRGPRE_H
0000080a   SD24BIFG
0000080a   SD24BIFG_L
0000080b   SD24BIFG_H
0000080c   SD24BIE
0000080c   SD24BIE_L
0000080d   SD24BIE_H
0000080e   SD24BIV
0000080e   SD24BIV_L
0000080f   SD24BIV_H
00000810   SD24BCCTL0
00000810   SD24BCCTL0_L
00000811   SD24BCCTL0_H
00000812   SD24BINCTL0
00000812   SD24BINCTL0_L
00000813   SD24BINCTL0_H
00000814   SD24BOSR0
00000814   SD24BOSR0_L
00000815   SD24BOSR0_H
00000816   SD24BPRE0
00000816   SD24BPRE0_L
00000817   SD24BPRE0_H
00000818   SD24BCCTL1
00000818   SD24BCCTL1_L
00000819   SD24BCCTL1_H
0000081a   SD24BINCTL1
0000081a   SD24BINCTL1_L
0000081b   SD24BINCTL1_H
0000081c   SD24BOSR1
0000081c   SD24BOSR1_L
0000081d   SD24BOSR1_H
0000081e   SD24BPRE1
0000081e   SD24BPRE1_L
0000081f   SD24BPRE1_H
00000850   SD24BMEML0
00000850   SD24BMEML0_L
00000851   SD24BMEML0_H
00000852   SD24BMEMH0
00000852   SD24BMEMH0_L
00000853   SD24BMEMH0_H
00000854   SD24BMEML1
00000854   SD24BMEML1_L
00000855   SD24BMEML1_H
00000856   SD24BMEMH1
00000856   SD24BMEMH1_L
00000857   SD24BMEMH1_H
000009e0   AUXCTL0
000009e0   AUXCTL0_L
000009e1   AUXCTL0_H
000009e2   AUXCTL1
000009e2   AUXCTL1_L
000009e3   AUXCTL1_H
000009e4   AUXCTL2
000009e4   AUXCTL2_L
000009e5   AUXCTL2_H
000009f2   AUX2CHCTL
000009f2   AUX2CHCTL_L
000009f3   AUX2CHCTL_H
000009f4   AUX3CHCTL
000009f4   AUX3CHCTL_L
000009f5   AUX3CHCTL_H
000009f6   AUXADCCTL
000009f6   AUXADCCTL_L
000009f7   AUXADCCTL_H
000009fa   AUXIFG
000009fa   AUXIFG_L
000009fb   AUXIFG_H
000009fc   AUXIE
000009fc   AUXIE_L
000009fd   AUXIE_H
000009fe   AUXIV
000009fe   AUXIV_L
000009ff   AUXIV_H
00000a00   LCDCCTL0
00000a00   LCDCCTL0_L
00000a01   LCDCCTL0_H
00000a02   LCDCCTL1
00000a02   LCDCCTL1_L
00000a03   LCDCCTL1_H
00000a04   LCDCBLKCTL
00000a04   LCDCBLKCTL_L
00000a05   LCDCBLKCTL_H
00000a06   LCDCMEMCTL
00000a06   LCDCMEMCTL_L
00000a07   LCDCMEMCTL_H
00000a08   LCDCVCTL
00000a08   LCDCVCTL_L
00000a09   LCDCVCTL_H
00000a0a   LCDCPCTL0
00000a0a   LCDCPCTL0_L
00000a0b   LCDCPCTL0_H
00000a0c   LCDCPCTL1
00000a0c   LCDCPCTL1_L
00000a0d   LCDCPCTL1_H
00000a0e   LCDCPCTL2
00000a0e   LCDCPCTL2_L
00000a0f   LCDCPCTL2_H
00000a12   LCDCCPCTL
00000a12   LCDCCPCTL_L
00000a13   LCDCCPCTL_H
00000a1e   LCDCIV
00000a20   LCDM1
00000a21   LCDM2
00000a22   LCDM3
00000a23   LCDM4
00000a24   LCDM5
00000a25   LCDM6
00000a26   LCDM7
00000a27   LCDM8
00000a28   LCDM9
00000a29   LCDM10
00000a2a   LCDM11
00000a2b   LCDM12
00000a2c   LCDM13
00000a2d   LCDM14
00000a2e   LCDM15
00000a2f   LCDM16
00000a30   LCDM17
00000a31   LCDM18
00000a32   LCDM19
00000a33   LCDM20
00000a34   LCDM21
00000a35   LCDM22
00000a36   LCDM23
00000a37   LCDM24
00000a38   LCDM25
00000a39   LCDM26
00000a3a   LCDM27
00000a3b   LCDM28
00000a3c   LCDM29
00000a3d   LCDM30
00000a3e   LCDM31
00000a3f   LCDM32
00000a40   LCDBM1
00000a40   LCDM33
00000a41   LCDBM2
00000a41   LCDM34
00000a42   LCDBM3
00000a42   LCDM35
00000a43   LCDBM4
00000a43   LCDM36
00000a44   LCDBM5
00000a44   LCDM37
00000a45   LCDBM6
00000a45   LCDM38
00000a46   LCDBM7
00000a46   LCDM39
00000a47   LCDBM8
00000a47   LCDM40
00000a48   LCDBM9
00000a49   LCDBM10
00000a4a   LCDBM11
00000a4b   LCDBM12
00000a4c   LCDBM13
00000a4d   LCDBM14
00000a4e   LCDBM15
00000a4f   LCDBM16
00000a50   LCDBM17
00000a51   LCDBM18
00000a52   LCDBM19
00000a53   LCDBM20
00001c00   .bss
00001c00   .data
00001c00   Buff
00001c00   __bss__
00001c00   __data__
00001c00   __edata__
00001c00   edata
00002400   Fatfs
00002632   rc
00002634   Fil
00002858   Fil1
00002a7c   dir
00002a98   t_data
00002aa0   sync
00002aa2   t_cur
00002aa4   t_update
00002aa6   t_inhale
00002aa8   t_overflow
00002aaa   t_tempoflow
00002aac   t_inflow
00002aae   t_incur
00002ab0   freq_mode
00002ab2   ATS_index
00002ab6   ATS_length
00002aba   ATS_start_flag
00002abb   pic_flag
00002abc   pic_len
00002abe   VolToPart
00002ac0   interrupt_flag
00002ac2   msg
00002ad6   bt_data0
00002ada   bt_data1
00002ae6   bt_data2
00002af8   bt_data3
00002b02   update
00002b04   sensor_mode
00002b06   F_init
00002b0a   F_run
00002b0e   F_stop
00002b12   F_ta0_cc
00002b16   F_ta1_cc
00002b1a   F_ta2_cc
00002b1e   F_ta3_cc
00002b22   boardstatus
00002b24   tempL
00002b26   tempH
00002b28   data
00002b2c   _lock
00002b30   _unlock
00002b34   _cleanup_ptr
00002b38   _dtors_ptr
00002b3c   RCA
00002b3e   cardtype
00002b40   sectorsize
00002b4a   __end__
00002b4a   end
00003bb0   _stack
00003c00   __STACK_END
00004000   TA0_CC1_ISR
00004040   Port_2
00004070   TA1_CC1_ISR
000040a0   TA2_CC1_ISR
000040d0   _c_int00
000040d0   _c_int00_noexit
000040fa   BT2_RX_ISR
0000411c   TA1_CC0_ISR
0000412c   TA2_CC0_ISR
0000413c   TA3_CC0_ISR
0000414c   TA0_CC0_ISR
0000415a   __cinit__
0000415a   cinit
00004952   f_write
00004d54   init_card
00005142   f_read
000054b8   lcdInitial
000057f0   f_open
00005ac2   put_fat
00005d48   initTurbine
0000622c   write_multibuffer_camera
00006698   camera_init
000068a6   read_multibuffer
00006ab0   showPic
00006cb8   write_multibuffer
000070a0   get_fat
0000726a   disk_ioctl
000075bc   displayASCII8X16
00007a40   f_sync
00007bac   write_jpeg_file
00007cfe   setMode
00007e48   touchroutine
00007f60   updateturbine
00008150   turnOff
0000850c   _printfi_minimal
000085e2   main
000086b2   ta3ccTurbine
0000875c   write_cmd
000088a0   sendbyte
000089c4   setClocks
00008a4e   runBT2cmd
00008ad2   setAddrWindow
00008bca   setupBT2
00008cb8   write16
00008d26   write16_DMABlock
00008d90   disk_read
00008df8   disk_write
00008ec8   regwrite
00008f2e   clust2sect
00008f92   runTurbine
000090ba   sccb_read
00009178   regread
000091d6   _auto_init
00009232   dspSingleColor
0000928c   runTemp
000092e6   set_address
00009398   f_mount
000093f0   __divul
000093f0   __remul
00009448   receivebyte
0000949e   change_sdclk
000094f2   sendData
00009592   I2Cbyte_read
0000962a   initBT2cmd
000096bc   lowbatt
0000974c   sccb_write
00009792   read16
000097d6   sleep
0000981a   sprintf
0000985e   initTemp
000098dc   L_LSL_15
000098e0   L_LSL_14
000098e4   L_LSL_13
000098e8   L_LSL_12
000098ec   L_LSL_11
000098f0   L_LSL_10
000098f4   L_LSL_9
000098f8   L_LSL_8
000098fc   L_LSL_7
00009900   L_LSL_6
00009904   L_LSL_5
00009908   L_LSL_4
0000990c   L_LSL_3
00009910   L_LSL_2
00009914   L_LSL_1
0000991a   L_LSR_15
0000991e   L_LSR_14
00009922   L_LSR_13
00009926   L_LSR_12
0000992a   L_LSR_11
0000992e   L_LSR_10
00009932   L_LSR_9
00009936   L_LSR_8
0000993a   L_LSR_7
0000993e   L_LSR_6
00009942   L_LSR_5
00009946   L_LSR_4
0000994a   L_LSR_3
0000994e   L_LSR_2
00009952   L_LSR_1
00009958   outputPixel
00009996   ramAdressSet
000099d4   ta2ccTurbine
00009a48   I2Cbyte_write
00009a7c   writeCommand
00009ab0   writeData
00009ae4   memccpy
00009b16   runStandby
00009b48   start
00009b7a   stop
00009bac   temp_setupSD24
00009bde   turbine_setupTA2
00009c10   die
00009c40   f_close
00009c6e   reset
00009c9c   ACK
00009cc6   NACK
00009cf0   colorWrite
00009d1a   memcpy
00009d6c   __mpyl_f5hw
00009d8e   turbine_setupTA3
00009db0   wait
00009dd2   memset
00009e0c   strlen
00009e26   disk_initialize
00009e3c   __divu
00009e3c   __remu
00009e52   __mpyi_f5hw
00009e7c   initStandby
00009e90   sccb_init
00009ea4   L_LSL
00009eb4   stopTurbine
00009ec2   disk_status
00009ece   startBT2
00009eda   I_ASR
00009ee4   I_LSL
00009eee   ta0ccTurbine
00009ef8   turbine_startTA2
00009f00   turbine_startTA3
00009f08   get_fattime
00009f0e   stopBT2
00009f14   stopBT2cmd
00009f1a   stopTemp
00009f20   _system_pre_init
00009f24   C$$EXIT
00009f24   abort
00009f28   _nop
00009f2a   no_operation_func
00009f2c   stopStandby
00009f2e   Zk_ASCII8X16
0000fffe   _reset_vector
ffffffff   .text
ffffffff   __binit__
ffffffff   __c_args__
ffffffff   __etext__
ffffffff   __pinit__
ffffffff   __text__
ffffffff   binit
ffffffff   etext
ffffffff   pinit

[1049 symbols]
