******************************************************************************
                  MSP430 Linker PC v4.2.1                      
******************************************************************************
>> Linked Thu Jul 03 12:23:15 2014

OUTPUT FILE NAME:   <synchits.out>
ENTRY POINT SYMBOL: "_c_int00"  address: 00004038


MEMORY CONFIGURATION

         name            origin    length      used     unused   attr    fill
----------------------  --------  ---------  --------  --------  ----  --------
  SFR                   00000000   00000010  00000000  00000010  RWIX
  PERIPHERALS_8BIT      00000010   000000f0  00000000  000000f0  RWIX
  PERIPHERALS_16BIT     00000100   00000100  00000000  00000100  RWIX
  INFOD                 00001800   00000080  00000000  00000080  RWIX
  INFOC                 00001880   00000080  00000000  00000080  RWIX
  INFOB                 00001900   00000080  00000000  00000080  RWIX
  INFOA                 00001980   00000080  00000000  00000080  RWIX
  RAM                   00001c00   00002000  0000174e  000008b2  RWIX
  FLASH                 00004000   0000bf80  00004fee  00006f92  RWIX
  INT00                 0000ff80   00000002  00000000  00000002  RWIX
  INT01                 0000ff82   00000002  00000000  00000002  RWIX
  INT02                 0000ff84   00000002  00000000  00000002  RWIX
  INT03                 0000ff86   00000002  00000000  00000002  RWIX
  INT04                 0000ff88   00000002  00000000  00000002  RWIX
  INT05                 0000ff8a   00000002  00000000  00000002  RWIX
  INT06                 0000ff8c   00000002  00000000  00000002  RWIX
  INT07                 0000ff8e   00000002  00000000  00000002  RWIX
  INT08                 0000ff90   00000002  00000000  00000002  RWIX
  INT09                 0000ff92   00000002  00000000  00000002  RWIX
  INT10                 0000ff94   00000002  00000000  00000002  RWIX
  INT11                 0000ff96   00000002  00000000  00000002  RWIX
  INT12                 0000ff98   00000002  00000000  00000002  RWIX
  INT13                 0000ff9a   00000002  00000000  00000002  RWIX
  INT14                 0000ff9c   00000002  00000000  00000002  RWIX
  INT15                 0000ff9e   00000002  00000000  00000002  RWIX
  INT16                 0000ffa0   00000002  00000000  00000002  RWIX
  INT17                 0000ffa2   00000002  00000000  00000002  RWIX
  INT18                 0000ffa4   00000002  00000000  00000002  RWIX
  INT19                 0000ffa6   00000002  00000000  00000002  RWIX
  INT20                 0000ffa8   00000002  00000000  00000002  RWIX
  INT21                 0000ffaa   00000002  00000000  00000002  RWIX
  INT22                 0000ffac   00000002  00000000  00000002  RWIX
  INT23                 0000ffae   00000002  00000000  00000002  RWIX
  INT24                 0000ffb0   00000002  00000000  00000002  RWIX
  INT25                 0000ffb2   00000002  00000000  00000002  RWIX
  INT26                 0000ffb4   00000002  00000000  00000002  RWIX
  INT27                 0000ffb6   00000002  00000000  00000002  RWIX
  INT28                 0000ffb8   00000002  00000000  00000002  RWIX
  INT29                 0000ffba   00000002  00000000  00000002  RWIX
  INT30                 0000ffbc   00000002  00000000  00000002  RWIX
  INT31                 0000ffbe   00000002  00000000  00000002  RWIX
  INT32                 0000ffc0   00000002  00000000  00000002  RWIX
  INT33                 0000ffc2   00000002  00000000  00000002  RWIX
  INT34                 0000ffc4   00000002  00000000  00000002  RWIX
  INT35                 0000ffc6   00000002  00000000  00000002  RWIX
  INT36                 0000ffc8   00000002  00000000  00000002  RWIX
  INT37                 0000ffca   00000002  00000000  00000002  RWIX
  INT38                 0000ffcc   00000002  00000000  00000002  RWIX
  INT39                 0000ffce   00000002  00000000  00000002  RWIX
  INT40                 0000ffd0   00000002  00000002  00000000  RWIX
  INT41                 0000ffd2   00000002  00000002  00000000  RWIX
  INT42                 0000ffd4   00000002  00000002  00000000  RWIX
  INT43                 0000ffd6   00000002  00000002  00000000  RWIX
  INT44                 0000ffd8   00000002  00000002  00000000  RWIX
  INT45                 0000ffda   00000002  00000002  00000000  RWIX
  INT46                 0000ffdc   00000002  00000002  00000000  RWIX
  INT47                 0000ffde   00000002  00000002  00000000  RWIX
  INT48                 0000ffe0   00000002  00000002  00000000  RWIX
  INT49                 0000ffe2   00000002  00000002  00000000  RWIX
  INT50                 0000ffe4   00000002  00000002  00000000  RWIX
  INT51                 0000ffe6   00000002  00000002  00000000  RWIX
  INT52                 0000ffe8   00000002  00000002  00000000  RWIX
  INT53                 0000ffea   00000002  00000002  00000000  RWIX
  INT54                 0000ffec   00000002  00000002  00000000  RWIX
  INT55                 0000ffee   00000002  00000002  00000000  RWIX
  INT56                 0000fff0   00000002  00000002  00000000  RWIX
  INT57                 0000fff2   00000002  00000002  00000000  RWIX
  INT58                 0000fff4   00000002  00000002  00000000  RWIX
  INT59                 0000fff6   00000002  00000002  00000000  RWIX
  INT60                 0000fff8   00000002  00000002  00000000  RWIX
  INT61                 0000fffa   00000002  00000002  00000000  RWIX
  INT62                 0000fffc   00000002  00000002  00000000  RWIX
  RESET                 0000fffe   00000002  00000002  00000000  RWIX
  FLASH2                00010000   00014000  00000000  00014000  RWIX


SECTION ALLOCATION MAP

 output                                  attributes/
section   page    origin      length       input sections
--------  ----  ----------  ----------   ----------------
.cinit     0    00004000    00000000     UNINITIALIZED

.pinit     0    00004000    00000000     UNINITIALIZED

.bss       0    00001c00    000016fe     UNINITIALIZED
                  00001c00    000016be     mode_turbine.obj (.bss)
                  000032be    00000022     main.obj (.bss)
                  000032e0    00000008     rts430xl.lib : _lock.obj (.bss)
                  000032e8    00000008                  : boot.obj (.bss)
                  000032f0    00000008     sdinterface.obj (.bss)
                  000032f8    00000006     ff.obj (.bss)

.data      0    00001c00    00000000     UNINITIALIZED

.stack     0    00003bb0    00000050     UNINITIALIZED
                  00003bb0    00000004     rts430xl.lib : boot.obj (.stack)
                  00003bb4    0000004c     --HOLE--

.text:_isr 
*          0    00004000    00000068     
                  00004000    00000038     main.obj (.text:_isr:Port_2)
                  00004038    00000022     rts430xl.lib : boot.obj (.text:_isr:_c_int00_noinit_noexit)
                  0000405a    0000000e     main.obj (.text:_isr:TA3_CC0_ISR)

.text      0    00004068    00004f4a     
                  00004068    00000786     ff.obj (.text:chk_mounted)
                  000047ee    0000041e     ff.obj (.text:f_lseek)
                  00004c0c    00000402     ff.obj (.text:f_write)
                  0000500e    000003ee     sdinterface.obj (.text:init_card)
                  000053fc    00000376     ff.obj (.text:f_read)
                  00005772    000002d2     ff.obj (.text:f_open)
                  00005a44    00000286     ff.obj (.text:put_fat)
                  00005cca    0000026a     ff.obj (.text:create_name)
                  00005f34    00000232     ff.obj (.text:dir_next)
                  00006166    0000020a     sdinterface.obj (.text:read_multibuffer)
                  00006370    000001f6     sdinterface.obj (.text:write_multibuffer)
                  00006566    000001f2     ff.obj (.text:create_chain)
                  00006758    000001ca     ff.obj (.text:get_fat)
                  00006922    000001b2     diskio.obj (.text:disk_ioctl)
                  00006ad4    000001a0     ff.obj (.text:dir_sdi)
                  00006c74    0000018c     mode_turbine.obj (.text:index_file)
                  00006e00    00000182     ff.obj (.text:sync_fs)
                  00006f82    00000180     rts430xl.lib : _printfi_min.obj (.text:_setfield)
                  00007102    0000016c     ff.obj (.text:f_sync)
                  0000726e    00000158     ff.obj (.text:f_unlink)
                  000073c6    00000132     mode_turbine.obj (.text:initTurbine)
                  000074f8    00000116     mode_turbine.obj (.text:ta3ccTurbine)
                  0000760e    000000fe     main.obj (.text:main)
                  0000770c    000000f6     ff.obj (.text:remove_chain)
                  00007802    000000f4     ff.obj (.text:follow_path)
                  000078f6    000000f0     ff.obj (.text:check_fs)
                  000079e6    000000f0     main.obj (.text:turnOff)
                  00007ad6    000000e2     ff.obj (.text:sync_window)
                  00007bb8    000000d6     rts430xl.lib : _printfi_min.obj (.text:__TI_printfi_minimal)
                  00007c8e    000000c8     ff.obj (.text:dir_read)
                  00007d56    000000be     mode_turbine.obj (.text:write_my_charfile)
                  00007e14    000000a8     sdinterface.obj (.text:write_cmd)
                  00007ebc    0000009c     ff.obj (.text:dir_find)
                  00007f58    00000096     mode_turbine.obj (.text:read_my_charfile)
                  00007fee    0000008e     ff.obj (.text:dir_alloc)
                  0000807c    0000008c     i2c.obj (.text:sendbyte)
                  00008108    0000008a     comm.obj (.text:setClocks)
                  00008192    0000007a     ff.obj (.text:dir_register)
                  0000820c    0000007a     comm.obj (.text:setupBT2)
                  00008286    00000074     ff.obj (.text:move_window)
                  000082fa    0000006e     sdinterface.obj (.text:write16)
                  00008368    0000006a     sdinterface.obj (.text:write16_DMABlock)
                  000083d2    00000068     diskio.obj (.text:disk_read)
                  0000843a    00000068     diskio.obj (.text:disk_write)
                  000084a2    00000068     ff.obj (.text:validate)
                  0000850a    00000064     ff.obj (.text:clust2sect)
                  0000856e    00000064     ff.obj (.text:dir_remove)
                  000085d2    00000062     ff.obj (.text:ld_clust)
                  00008634    00000062     ff.obj (.text:mem_cmp)
                  00008696    0000005e     ff.obj (.text:mem_cpy)
                  000086f4    0000005a     mode_turbine.obj (.text:runTurbine)
                  0000874e    0000005a     sdinterface.obj (.text:set_address)
                  000087a8    00000058     rts430xl.lib : _printfi_min.obj (.text:_ltostr)
                  00008800    00000058     ff.obj (.text:f_mount)
                  00008858    00000058     rts430xl.lib : div32u.obj (.text)
                  000088b0    00000056     i2c.obj (.text:receivebyte)
                  00008906    00000054     sdinterface.obj (.text:change_sdclk)
                  0000895a    0000004e     ff.obj (.text:mem_set)
                  000089a8    0000004c     rts430xl.lib : _printfi_min.obj (.text:_pproc_diouxp)
                  000089f4    00000048     i2c.obj (.text:I2Cbyte_read)
                  00008a3c    00000048     rts430xl.lib : _printfi_min.obj (.text:_pproc_str)
                  00008a84    00000048     ff.obj (.text:st_clust)
                  00008acc    00000044     sdinterface.obj (.text:read16)
                  00008b10    00000044     sdinterface.obj (.text:sleep)
                  00008b54    00000044     rts430xl.lib : sprintf.obj (.text:sprintf)
                  00008b98    00000042     mode_turbine.obj (.text:save_file)
                  00008bda    0000003e     rts430xl.lib : _printfi_min.obj (.text:_getarg_diouxp)
                  00008c18    0000003e                  : lsl32.obj (.text:l_lsl_const)
                  00008c56    0000003e                  : lsr32.obj (.text:l_lsr_const)
                  00008c94    00000036     ff.obj (.text:chk_chr)
                  00008cca    00000034     i2c.obj (.text:I2Cbyte_write)
                  00008cfe    00000032     i2c.obj (.text:start)
                  00008d30    00000032     i2c.obj (.text:stop)
                  00008d62    0000002e     ff.obj (.text:f_close)
                  00008d90    0000002a     i2c.obj (.text:ACK)
                  00008dba    0000002a     rts430xl.lib : memcpy.obj (.text:memcpy)
                  00008de4    00000028                  : sprintf.obj (.text:_outs)
                  00008e0c    00000022                  : mult32_f5hw.obj (.text)
                  00008e2e    00000022     mode_turbine.obj (.text:turbine_setupTA3)
                  00008e50    00000022     sdinterface.obj (.text:wait)
                  00008e72    00000020     rts430xl.lib : memccpy.obj (.text:memccpy)
                  00008e92    00000020                  : memset.obj (.text:memset)
                  00008eb2    0000001a                  : _printfi_min.obj (.text:_div)
                  00008ecc    00000016     diskio.obj (.text:disk_initialize)
                  00008ee2    00000016     rts430xl.lib : div16u.obj (.text)
                  00008ef8    00000016                  : mult16_f5hw.obj (.text)
                  00008f0e    00000014                  : sprintf.obj (.text:_outc)
                  00008f22    00000014     i2c.obj (.text:sccb_init)
                  00008f36    00000012     rts430xl.lib : strlen.obj (.text:strlen)
                  00008f48    00000010     mode_turbine.obj (.text:die)
                  00008f58    00000010     rts430xl.lib : lsl32.obj (.text:l_lsl)
                  00008f68    0000000c     diskio.obj (.text:disk_status)
                  00008f74    0000000a     rts430xl.lib : asr16.obj (.text)
                  00008f7e    0000000a                  : lsl16.obj (.text)
                  00008f88    0000000a     mode_turbine.obj (.text:stopTurbine)
                  00008f92    00000008     mode_turbine.obj (.text:turbine_startTA3)
                  00008f9a    00000006     rts430xl.lib : isr_trap.obj (.text:__TI_ISR_TRAP)
                  00008fa0    00000006     diskio.obj (.text:get_fattime)
                  00008fa6    00000004     rts430xl.lib : pre_init.obj (.text:_system_pre_init)
                  00008faa    00000004                  : exit.obj (.text:abort)
                  00008fae    00000002                  : _lock.obj (.text:_nop)
                  00008fb0    00000002     main.obj (.text:no_operation_func)

.const     0    00008fb2    0000003c     
                  00008fb2    00000018     mode_turbine.obj (.const:.string)
                  00008fca    00000014     rts430xl.lib : _printfi_min.obj (.const:.string)
                  00008fde    00000010     ff.obj (.const:.string)

RTC        0    0000ffd0    00000002     
                  0000ffd0    00000002     rts430xl.lib : int40.obj (.int40)

LCD_C      0    0000ffd2    00000002     
                  0000ffd2    00000002     rts430xl.lib : int41.obj (.int41)

TIMER3_A1 
*          0    0000ffd4    00000002     
                  0000ffd4    00000002     rts430xl.lib : int42.obj (.int42)

TIMER3_A0 
*          0    0000ffd6    00000002     
                  0000ffd6    00000002     main.obj (.int43)

PORT2      0    0000ffd8    00000002     
                  0000ffd8    00000002     main.obj (.int44)

TIMER2_A1 
*          0    0000ffda    00000002     
                  0000ffda    00000002     rts430xl.lib : int45.obj (.int45)

TIMER2_A0 
*          0    0000ffdc    00000002     
                  0000ffdc    00000002     rts430xl.lib : int46.obj (.int46)

PORT1      0    0000ffde    00000002     
                  0000ffde    00000002     rts430xl.lib : int47.obj (.int47)

TIMER1_A1 
*          0    0000ffe0    00000002     
                  0000ffe0    00000002     rts430xl.lib : int48.obj (.int48)

TIMER1_A0 
*          0    0000ffe2    00000002     
                  0000ffe2    00000002     rts430xl.lib : int49.obj (.int49)

DMA        0    0000ffe4    00000002     
                  0000ffe4    00000002     rts430xl.lib : int50.obj (.int50)

AUX        0    0000ffe6    00000002     
                  0000ffe6    00000002     rts430xl.lib : int51.obj (.int51)

USCI_A2    0    0000ffe8    00000002     
                  0000ffe8    00000002     rts430xl.lib : int52.obj (.int52)

USCI_A1    0    0000ffea    00000002     
                  0000ffea    00000002     rts430xl.lib : int53.obj (.int53)

TIMER0_A1 
*          0    0000ffec    00000002     
                  0000ffec    00000002     rts430xl.lib : int54.obj (.int54)

TIMER0_A0 
*          0    0000ffee    00000002     
                  0000ffee    00000002     rts430xl.lib : int55.obj (.int55)

SD24B      0    0000fff0    00000002     
                  0000fff0    00000002     rts430xl.lib : int56.obj (.int56)

ADC10      0    0000fff2    00000002     
                  0000fff2    00000002     rts430xl.lib : int57.obj (.int57)

USCI_B0    0    0000fff4    00000002     
                  0000fff4    00000002     rts430xl.lib : int58.obj (.int58)

USCI_A0    0    0000fff6    00000002     
                  0000fff6    00000002     rts430xl.lib : int59.obj (.int59)

WDT        0    0000fff8    00000002     
                  0000fff8    00000002     rts430xl.lib : int60.obj (.int60)

UNMI       0    0000fffa    00000002     
                  0000fffa    00000002     rts430xl.lib : int61.obj (.int61)

SYSNMI     0    0000fffc    00000002     
                  0000fffc    00000002     rts430xl.lib : int62.obj (.int62)

.reset     0    0000fffe    00000002     
                  0000fffe    00000002     rts430xl.lib : boot.obj (.reset)


GLOBAL SYMBOLS: SORTED ALPHABETICALLY BY Name 

address    name
--------   ----
00001c00   .bss
00001c00   .data
ffffffff   .text
00008d90   ACK
00000740   ADC10CTL0
00000741   ADC10CTL0_H
00000740   ADC10CTL0_L
00000742   ADC10CTL1
00000743   ADC10CTL1_H
00000742   ADC10CTL1_L
00000744   ADC10CTL2
00000745   ADC10CTL2_H
00000744   ADC10CTL2_L
00000748   ADC10HI
00000749   ADC10HI_H
00000748   ADC10HI_L
0000075a   ADC10IE
0000075b   ADC10IE_H
0000075a   ADC10IE_L
0000075c   ADC10IFG
0000075d   ADC10IFG_H
0000075c   ADC10IFG_L
0000075e   ADC10IV
0000075f   ADC10IV_H
0000075e   ADC10IV_L
00000746   ADC10LO
00000747   ADC10LO_H
00000746   ADC10LO_L
0000074a   ADC10MCTL0
0000074b   ADC10MCTL0_H
0000074a   ADC10MCTL0_L
00000752   ADC10MEM0
00000753   ADC10MEM0_H
00000752   ADC10MEM0_L
000009f2   AUX2CHCTL
000009f3   AUX2CHCTL_H
000009f2   AUX2CHCTL_L
000009f4   AUX3CHCTL
000009f5   AUX3CHCTL_H
000009f4   AUX3CHCTL_L
000009f6   AUXADCCTL
000009f7   AUXADCCTL_H
000009f6   AUXADCCTL_L
000009e0   AUXCTL0
000009e1   AUXCTL0_H
000009e0   AUXCTL0_L
000009e2   AUXCTL1
000009e3   AUXCTL1_H
000009e2   AUXCTL1_L
000009e4   AUXCTL2
000009e5   AUXCTL2_H
000009e4   AUXCTL2_L
000009fc   AUXIE
000009fd   AUXIE_H
000009fc   AUXIE_L
000009fa   AUXIFG
000009fb   AUXIFG_H
000009fa   AUXIFG_L
000009fe   AUXIV
000009ff   AUXIV_H
000009fe   AUXIV_L
00000480   BAKMEM0
00000481   BAKMEM0_H
00000480   BAKMEM0_L
00000482   BAKMEM1
00000483   BAKMEM1_H
00000482   BAKMEM1_L
00000484   BAKMEM2
00000485   BAKMEM2_H
00000484   BAKMEM2_L
00000486   BAKMEM3
00000487   BAKMEM3_H
00000486   BAKMEM3_L
000004be   BCD2BIN
000004bc   BIN2BCD
00002420   Buff
00008faa   C$$EXIT
00000150   CRCDI
00000152   CRCDIRB
00000153   CRCDIRB_H
00000152   CRCDIRB_L
00000151   CRCDI_H
00000150   CRCDI_L
00000154   CRCINIRES
00000155   CRCINIRES_H
00000154   CRCINIRES_L
00000156   CRCRESR
00000157   CRCRESR_H
00000156   CRCRESR_L
00000510   DMA0CTL
00000511   DMA0CTL_H
00000510   DMA0CTL_L
00000516   DMA0DA
00000516   DMA0DAL
00000512   DMA0SA
00000512   DMA0SAL
0000051a   DMA0SZ
00000520   DMA1CTL
00000521   DMA1CTL_H
00000520   DMA1CTL_L
00000526   DMA1DA
00000526   DMA1DAL
00000522   DMA1SA
00000522   DMA1SAL
0000052a   DMA1SZ
00000530   DMA2CTL
00000531   DMA2CTL_H
00000530   DMA2CTL_L
00000536   DMA2DA
00000536   DMA2DAL
00000532   DMA2SA
00000532   DMA2SAL
0000053a   DMA2SZ
00000500   DMACTL0
00000501   DMACTL0_H
00000500   DMACTL0_L
00000502   DMACTL1
00000503   DMACTL1_H
00000502   DMACTL1_L
00000504   DMACTL2
00000505   DMACTL2_H
00000504   DMACTL2_L
00000506   DMACTL3
00000507   DMACTL3_H
00000506   DMACTL3_L
00000508   DMACTL4
00000509   DMACTL4_H
00000508   DMACTL4_L
0000050e   DMAIV
0000050f   DMAIV_H
0000050e   DMAIV_L
00000140   FCTL1
00000141   FCTL1_H
00000140   FCTL1_L
00000144   FCTL3
00000145   FCTL3_H
00000144   FCTL3_L
00000146   FCTL4
00000147   FCTL4_H
00000146   FCTL4_L
000032be   F_init
000032c2   F_run
000032da   F_save
000032c6   F_stop
000032ca   F_ta0_cc
000032ce   F_ta1_cc
000032d2   F_ta2_cc
000032d6   F_ta3_cc
00002c26   Fatfs
00002e5a   Fil
0000307e   Fil1
000089f4   I2Cbyte_read
00008cca   I2Cbyte_write
00008f74   I_ASR
00008f7e   I_LSL
00000a40   LCDBM1
00000a49   LCDBM10
00000a4a   LCDBM11
00000a4b   LCDBM12
00000a4c   LCDBM13
00000a4d   LCDBM14
00000a4e   LCDBM15
00000a4f   LCDBM16
00000a50   LCDBM17
00000a51   LCDBM18
00000a52   LCDBM19
00000a41   LCDBM2
00000a53   LCDBM20
00000a42   LCDBM3
00000a43   LCDBM4
00000a44   LCDBM5
00000a45   LCDBM6
00000a46   LCDBM7
00000a47   LCDBM8
00000a48   LCDBM9
00000a04   LCDCBLKCTL
00000a05   LCDCBLKCTL_H
00000a04   LCDCBLKCTL_L
00000a12   LCDCCPCTL
00000a13   LCDCCPCTL_H
00000a12   LCDCCPCTL_L
00000a00   LCDCCTL0
00000a01   LCDCCTL0_H
00000a00   LCDCCTL0_L
00000a02   LCDCCTL1
00000a03   LCDCCTL1_H
00000a02   LCDCCTL1_L
00000a1e   LCDCIV
00000a06   LCDCMEMCTL
00000a07   LCDCMEMCTL_H
00000a06   LCDCMEMCTL_L
00000a0a   LCDCPCTL0
00000a0b   LCDCPCTL0_H
00000a0a   LCDCPCTL0_L
00000a0c   LCDCPCTL1
00000a0d   LCDCPCTL1_H
00000a0c   LCDCPCTL1_L
00000a0e   LCDCPCTL2
00000a0f   LCDCPCTL2_H
00000a0e   LCDCPCTL2_L
00000a08   LCDCVCTL
00000a09   LCDCVCTL_H
00000a08   LCDCVCTL_L
00000a20   LCDM1
00000a29   LCDM10
00000a2a   LCDM11
00000a2b   LCDM12
00000a2c   LCDM13
00000a2d   LCDM14
00000a2e   LCDM15
00000a2f   LCDM16
00000a30   LCDM17
00000a31   LCDM18
00000a32   LCDM19
00000a21   LCDM2
00000a33   LCDM20
00000a34   LCDM21
00000a35   LCDM22
00000a36   LCDM23
00000a37   LCDM24
00000a38   LCDM25
00000a39   LCDM26
00000a3a   LCDM27
00000a3b   LCDM28
00000a3c   LCDM29
00000a22   LCDM3
00000a3d   LCDM30
00000a3e   LCDM31
00000a3f   LCDM32
00000a40   LCDM33
00000a41   LCDM34
00000a42   LCDM35
00000a43   LCDM36
00000a44   LCDM37
00000a45   LCDM38
00000a46   LCDM39
00000a23   LCDM4
00000a47   LCDM40
00000a24   LCDM5
00000a25   LCDM6
00000a26   LCDM7
00000a27   LCDM8
00000a28   LCDM9
00008f58   L_LSL
00008c50   L_LSL_1
00008c2c   L_LSL_10
00008c28   L_LSL_11
00008c24   L_LSL_12
00008c20   L_LSL_13
00008c1c   L_LSL_14
00008c18   L_LSL_15
00008c4c   L_LSL_2
00008c48   L_LSL_3
00008c44   L_LSL_4
00008c40   L_LSL_5
00008c3c   L_LSL_6
00008c38   L_LSL_7
00008c34   L_LSL_8
00008c30   L_LSL_9
00008c8e   L_LSR_1
00008c6a   L_LSR_10
00008c66   L_LSR_11
00008c62   L_LSR_12
00008c5e   L_LSR_13
00008c5a   L_LSR_14
00008c56   L_LSR_15
00008c8a   L_LSR_2
00008c86   L_LSR_3
00008c82   L_LSR_4
00008c7e   L_LSR_5
00008c7a   L_LSR_6
00008c76   L_LSR_7
00008c72   L_LSR_8
00008c6e   L_LSR_9
000004c4   MAC
000004da   MAC32H
000004db   MAC32H_H
000004da   MAC32H_L
000004d8   MAC32L
000004d9   MAC32L_H
000004d8   MAC32L_L
000004c6   MACS
000004de   MACS32H
000004df   MACS32H_H
000004de   MACS32H_L
000004dc   MACS32L
000004dd   MACS32L_H
000004dc   MACS32L_L
000004c7   MACS_H
000004c6   MACS_L
000004c5   MAC_H
000004c4   MAC_L
000004c0   MPY
000004ec   MPY32CTL0
000004ed   MPY32CTL0_H
000004ec   MPY32CTL0_L
000004d2   MPY32H
000004d3   MPY32H_H
000004d2   MPY32H_L
000004d0   MPY32L
000004d1   MPY32L_H
000004d0   MPY32L_L
000004c2   MPYS
000004d6   MPYS32H
000004d7   MPYS32H_H
000004d6   MPYS32H_L
000004d4   MPYS32L
000004d5   MPYS32L_H
000004d4   MPYS32L_L
000004c3   MPYS_H
000004c2   MPYS_L
000004c1   MPY_H
000004c0   MPY_L
000004c8   OP2
000004e2   OP2H
000004e3   OP2H_H
000004e2   OP2H_L
000004e0   OP2L
000004e1   OP2L_H
000004e0   OP2L_L
000004c9   OP2_H
000004c8   OP2_L
0000020e   P1IV
000001c8   P1MAP01
000001c9   P1MAP01_H
000001c8   P1MAP01_L
000001ca   P1MAP23
000001cb   P1MAP23_H
000001ca   P1MAP23_L
000001cc   P1MAP45
000001cd   P1MAP45_H
000001cc   P1MAP45_L
000001ce   P1MAP67
000001cf   P1MAP67_H
000001ce   P1MAP67_L
0000021e   P2IV
000001d0   P2MAP01
000001d1   P2MAP01_H
000001d0   P2MAP01_L
000001d2   P2MAP23
000001d3   P2MAP23_H
000001d2   P2MAP23_L
000001d4   P2MAP45
000001d5   P2MAP45_H
000001d4   P2MAP45_L
000001d6   P2MAP67
000001d7   P2MAP67_H
000001d6   P2MAP67_L
000001d8   P3MAP01
000001d9   P3MAP01_H
000001d8   P3MAP01_L
000001da   P3MAP23
000001db   P3MAP23_H
000001da   P3MAP23_L
000001dc   P3MAP45
000001dd   P3MAP45_H
000001dc   P3MAP45_L
000001de   P3MAP67
000001df   P3MAP67_H
000001de   P3MAP67_L
00000204   PADIR
00000205   PADIR_H
00000204   PADIR_L
00000208   PADS
00000209   PADS_H
00000208   PADS_L
0000021a   PAIE
00000218   PAIES
00000219   PAIES_H
00000218   PAIES_L
0000021b   PAIE_H
0000021a   PAIE_L
0000021c   PAIFG
0000021d   PAIFG_H
0000021c   PAIFG_L
00000200   PAIN
00000201   PAIN_H
00000200   PAIN_L
00000202   PAOUT
00000203   PAOUT_H
00000202   PAOUT_L
00000206   PAREN
00000207   PAREN_H
00000206   PAREN_L
0000020a   PASEL
0000020b   PASEL_H
0000020a   PASEL_L
00000224   PBDIR
00000225   PBDIR_H
00000224   PBDIR_L
00000228   PBDS
00000229   PBDS_H
00000228   PBDS_L
00000220   PBIN
00000221   PBIN_H
00000220   PBIN_L
00000222   PBOUT
00000223   PBOUT_H
00000222   PBOUT_L
00000226   PBREN
00000227   PBREN_H
00000226   PBREN_L
0000022a   PBSEL
0000022b   PBSEL_H
0000022a   PBSEL_L
00000244   PCDIR
00000245   PCDIR_H
00000244   PCDIR_L
00000248   PCDS
00000249   PCDS_H
00000248   PCDS_L
00000240   PCIN
00000241   PCIN_H
00000240   PCIN_L
00000242   PCOUT
00000243   PCOUT_H
00000242   PCOUT_L
00000246   PCREN
00000247   PCREN_H
00000246   PCREN_L
0000024a   PCSEL
0000024b   PCSEL_H
0000024a   PCSEL_L
00000264   PDDIR
00000265   PDDIR_H
00000264   PDDIR_L
00000268   PDDS
00000269   PDDS_H
00000268   PDDS_L
00000260   PDIN
00000261   PDIN_H
00000260   PDIN_L
00000262   PDOUT
00000263   PDOUT_H
00000262   PDOUT_L
00000266   PDREN
00000267   PDREN_H
00000266   PDREN_L
0000026a   PDSEL
0000026b   PDSEL_H
0000026a   PDSEL_L
00000284   PEDIR
00000285   PEDIR_H
00000284   PEDIR_L
00000288   PEDS
00000289   PEDS_H
00000288   PEDS_L
00000280   PEIN
00000281   PEIN_H
00000280   PEIN_L
00000282   PEOUT
00000283   PEOUT_H
00000282   PEOUT_L
00000286   PEREN
00000287   PEREN_H
00000286   PEREN_L
0000028a   PESEL
0000028b   PESEL_H
0000028a   PESEL_L
00000324   PJDIR
00000325   PJDIR_H
00000324   PJDIR_L
00000328   PJDS
00000329   PJDS_H
00000328   PJDS_L
00000320   PJIN
00000321   PJIN_H
00000320   PJIN_L
00000322   PJOUT
00000323   PJOUT_H
00000322   PJOUT_L
00000326   PJREN
00000327   PJREN_H
00000326   PJREN_L
0000032a   PJSEL
0000032b   PJSEL_H
0000032a   PJSEL_L
00000130   PM5CTL0
00000131   PM5CTL0_H
00000130   PM5CTL0_L
000001c2   PMAPCTL
000001c3   PMAPCTL_H
000001c2   PMAPCTL_L
000001c0   PMAPKEYID
000001c1   PMAPKEYID_H
000001c0   PMAPKEYID_L
00000120   PMMCTL0
00000121   PMMCTL0_H
00000120   PMMCTL0_L
00000122   PMMCTL1
00000123   PMMCTL1_H
00000122   PMMCTL1_L
0000012c   PMMIFG
0000012d   PMMIFG_H
0000012c   PMMIFG_L
0000012e   PMMRIE
0000012f   PMMRIE_H
0000012e   PMMRIE_L
00004000   Port_2
000032f0   RCA
00000158   RCCTL0
00000159   RCCTL0_H
00000158   RCCTL0_L
000001b0   REFCTL0
000001b1   REFCTL0_H
000001b0   REFCTL0_L
000004e4   RES0
000004e5   RES0_H
000004e4   RES0_L
000004e6   RES1
000004e7   RES1_H
000004e6   RES1_L
000004e8   RES2
000004e9   RES2_H
000004e8   RES2_L
000004ea   RES3
000004eb   RES3_H
000004ea   RES3_L
000004cc   RESHI
000004cd   RESHI_H
000004cc   RESHI_L
000004ca   RESLO
000004cb   RESLO_H
000004ca   RESLO_L
000004ba   RTCADOWDAY
000004bb   RTCADOWDAY_H
000004ba   RTCADOWDAY_L
000004b8   RTCAMINHR
000004b9   RTCAMINHR_H
000004b8   RTCAMINHR_L
000004a0   RTCCTL0
000004a1   RTCCTL0_H
000004a0   RTCCTL0_L
000004a2   RTCCTL13
000004a3   RTCCTL13_H
000004a2   RTCCTL13_L
000004b4   RTCDATE
000004b5   RTCDATE_H
000004b4   RTCDATE_L
000004ae   RTCIV
000004a4   RTCOCAL
000004a5   RTCOCAL_H
000004a4   RTCOCAL_L
000004ac   RTCPS
000004a8   RTCPS0CTL
000004a9   RTCPS0CTL_H
000004a8   RTCPS0CTL_L
000004aa   RTCPS1CTL
000004ab   RTCPS1CTL_H
000004aa   RTCPS1CTL_L
000004ad   RTCPS_H
000004ac   RTCPS_L
000004a6   RTCTCMP
000004a7   RTCTCMP_H
000004a6   RTCTCMP_L
000004b0   RTCTIM0
000004b1   RTCTIM0_H
000004b0   RTCTIM0_L
000004b2   RTCTIM1
000004b3   RTCTIM1_H
000004b2   RTCTIM1_L
000004b6   RTCYEAR
000004b7   RTCYEAR_H
000004b6   RTCYEAR_L
00000810   SD24BCCTL0
00000811   SD24BCCTL0_H
00000810   SD24BCCTL0_L
00000818   SD24BCCTL1
00000819   SD24BCCTL1_H
00000818   SD24BCCTL1_L
00000800   SD24BCTL0
00000801   SD24BCTL0_H
00000800   SD24BCTL0_L
00000802   SD24BCTL1
00000803   SD24BCTL1_H
00000802   SD24BCTL1_L
0000080c   SD24BIE
0000080d   SD24BIE_H
0000080c   SD24BIE_L
0000080a   SD24BIFG
0000080b   SD24BIFG_H
0000080a   SD24BIFG_L
00000812   SD24BINCTL0
00000813   SD24BINCTL0_H
00000812   SD24BINCTL0_L
0000081a   SD24BINCTL1
0000081b   SD24BINCTL1_H
0000081a   SD24BINCTL1_L
0000080e   SD24BIV
0000080f   SD24BIV_H
0000080e   SD24BIV_L
00000852   SD24BMEMH0
00000853   SD24BMEMH0_H
00000852   SD24BMEMH0_L
00000856   SD24BMEMH1
00000857   SD24BMEMH1_H
00000856   SD24BMEMH1_L
00000850   SD24BMEML0
00000851   SD24BMEML0_H
00000850   SD24BMEML0_L
00000854   SD24BMEML1
00000855   SD24BMEML1_H
00000854   SD24BMEML1_L
00000814   SD24BOSR0
00000815   SD24BOSR0_H
00000814   SD24BOSR0_L
0000081c   SD24BOSR1
0000081d   SD24BOSR1_H
0000081c   SD24BOSR1_L
00000816   SD24BPRE0
00000817   SD24BPRE0_H
00000816   SD24BPRE0_L
0000081e   SD24BPRE1
0000081f   SD24BPRE1_H
0000081e   SD24BPRE1_L
00000804   SD24BTRGCTL
00000805   SD24BTRGCTL_H
00000804   SD24BTRGCTL_L
00000806   SD24BTRGOSR
00000807   SD24BTRGOSR_H
00000806   SD24BTRGOSR_L
00000808   SD24BTRGPRE
00000809   SD24BTRGPRE_H
00000808   SD24BTRGPRE_L
00000100   SFRIE1
00000101   SFRIE1_H
00000100   SFRIE1_L
00000102   SFRIFG1
00000103   SFRIFG1_H
00000102   SFRIFG1_L
00000104   SFRRPCR
00000105   SFRRPCR_H
00000104   SFRRPCR_L
000004ce   SUMEXT
000004cf   SUMEXT_H
000004ce   SUMEXT_L
00000124   SVSMHCTL
00000125   SVSMHCTL_H
00000124   SVSMHCTL_L
00000128   SVSMIO
00000129   SVSMIO_H
00000128   SVSMIO_L
00000126   SVSMLCTL
00000127   SVSMLCTL_H
00000126   SVSMLCTL_L
00000198   SYSBERRIV
00000199   SYSBERRIV_H
00000198   SYSBERRIV_L
00000182   SYSBSLC
00000183   SYSBSLC_H
00000182   SYSBSLC_L
00000180   SYSCTL
00000181   SYSCTL_H
00000180   SYSCTL_L
00000186   SYSJMBC
00000187   SYSJMBC_H
00000186   SYSJMBC_L
00000188   SYSJMBI0
00000189   SYSJMBI0_H
00000188   SYSJMBI0_L
0000018a   SYSJMBI1
0000018b   SYSJMBI1_H
0000018a   SYSJMBI1_L
0000018c   SYSJMBO0
0000018d   SYSJMBO0_H
0000018c   SYSJMBO0_L
0000018e   SYSJMBO1
0000018f   SYSJMBO1_H
0000018e   SYSJMBO1_L
0000019e   SYSRSTIV
0000019f   SYSRSTIV_H
0000019e   SYSRSTIV_L
0000019c   SYSSNIV
0000019d   SYSSNIV_H
0000019c   SYSSNIV_L
0000019a   SYSUNIV
0000019b   SYSUNIV_H
0000019a   SYSUNIV_L
00000352   TA0CCR0
00000354   TA0CCR1
00000356   TA0CCR2
00000342   TA0CCTL0
00000344   TA0CCTL1
00000346   TA0CCTL2
00000340   TA0CTL
00000360   TA0EX0
0000036e   TA0IV
00000350   TA0R
00000392   TA1CCR0
00000394   TA1CCR1
00000382   TA1CCTL0
00000384   TA1CCTL1
00000380   TA1CTL
000003a0   TA1EX0
000003ae   TA1IV
00000390   TA1R
00000412   TA2CCR0
00000414   TA2CCR1
00000402   TA2CCTL0
00000404   TA2CCTL1
00000400   TA2CTL
00000420   TA2EX0
0000042e   TA2IV
00000410   TA2R
00000452   TA3CCR0
00000454   TA3CCR1
00000442   TA3CCTL0
00000444   TA3CCTL1
00000440   TA3CTL
00000460   TA3EX0
0000046e   TA3IV
00000450   TA3R
0000405a   TA3_CC0_ISR
000005d0   UCA0ABCTL
000005c6   UCA0BRW
000005c7   UCA0BRW_H
000005c6   UCA0BRW_L
000005c0   UCA0CTLW0
000005c1   UCA0CTLW0_H
000005c0   UCA0CTLW0_L
000005c2   UCA0CTLW1
000005c3   UCA0CTLW1_H
000005c2   UCA0CTLW1_L
000005da   UCA0IE
000005db   UCA0IE_H
000005da   UCA0IE_L
000005dc   UCA0IFG
000005dd   UCA0IFG_H
000005dc   UCA0IFG_L
000005d2   UCA0IRCTL
000005d3   UCA0IRCTL_H
000005d2   UCA0IRCTL_L
000005de   UCA0IV
000005c8   UCA0MCTLW
000005c9   UCA0MCTLW_H
000005c8   UCA0MCTLW_L
000005cc   UCA0RXBUF
000005cd   UCA0RXBUF_H
000005cc   UCA0RXBUF_L
000005ca   UCA0STATW
000005ce   UCA0TXBUF
000005cf   UCA0TXBUF_H
000005ce   UCA0TXBUF_L
000005f0   UCA1ABCTL
000005e6   UCA1BRW
000005e7   UCA1BRW_H
000005e6   UCA1BRW_L
000005e0   UCA1CTLW0
000005e1   UCA1CTLW0_H
000005e0   UCA1CTLW0_L
000005e2   UCA1CTLW1
000005e3   UCA1CTLW1_H
000005e2   UCA1CTLW1_L
000005fa   UCA1IE
000005fb   UCA1IE_H
000005fa   UCA1IE_L
000005fc   UCA1IFG
000005fd   UCA1IFG_H
000005fc   UCA1IFG_L
000005f2   UCA1IRCTL
000005f3   UCA1IRCTL_H
000005f2   UCA1IRCTL_L
000005fe   UCA1IV
000005e8   UCA1MCTLW
000005e9   UCA1MCTLW_H
000005e8   UCA1MCTLW_L
000005ec   UCA1RXBUF
000005ed   UCA1RXBUF_H
000005ec   UCA1RXBUF_L
000005ea   UCA1STATW
000005ee   UCA1TXBUF
000005ef   UCA1TXBUF_H
000005ee   UCA1TXBUF_L
00000610   UCA2ABCTL
00000606   UCA2BRW
00000607   UCA2BRW_H
00000606   UCA2BRW_L
00000600   UCA2CTLW0
00000601   UCA2CTLW0_H
00000600   UCA2CTLW0_L
00000602   UCA2CTLW1
00000603   UCA2CTLW1_H
00000602   UCA2CTLW1_L
0000061a   UCA2IE
0000061b   UCA2IE_H
0000061a   UCA2IE_L
0000061c   UCA2IFG
0000061d   UCA2IFG_H
0000061c   UCA2IFG_L
00000612   UCA2IRCTL
00000613   UCA2IRCTL_H
00000612   UCA2IRCTL_L
0000061e   UCA2IV
00000608   UCA2MCTLW
00000609   UCA2MCTLW_H
00000608   UCA2MCTLW_L
0000060c   UCA2RXBUF
0000060d   UCA2RXBUF_H
0000060c   UCA2RXBUF_L
0000060a   UCA2STATW
0000060e   UCA2TXBUF
0000060f   UCA2TXBUF_H
0000060e   UCA2TXBUF_L
0000065e   UCB0ADDMASK
0000065f   UCB0ADDMASK_H
0000065e   UCB0ADDMASK_L
0000065c   UCB0ADDRX
0000065d   UCB0ADDRX_H
0000065c   UCB0ADDRX_L
00000646   UCB0BRW
00000647   UCB0BRW_H
00000646   UCB0BRW_L
00000640   UCB0CTLW0
00000641   UCB0CTLW0_H
00000640   UCB0CTLW0_L
00000642   UCB0CTLW1
00000643   UCB0CTLW1_H
00000642   UCB0CTLW1_L
00000654   UCB0I2COA0
00000655   UCB0I2COA0_H
00000654   UCB0I2COA0_L
00000656   UCB0I2COA1
00000657   UCB0I2COA1_H
00000656   UCB0I2COA1_L
00000658   UCB0I2COA2
00000659   UCB0I2COA2_H
00000658   UCB0I2COA2_L
0000065a   UCB0I2COA3
0000065b   UCB0I2COA3_H
0000065a   UCB0I2COA3_L
00000660   UCB0I2CSA
00000661   UCB0I2CSA_H
00000660   UCB0I2CSA_L
0000066a   UCB0IE
0000066b   UCB0IE_H
0000066a   UCB0IE_L
0000066c   UCB0IFG
0000066d   UCB0IFG_H
0000066c   UCB0IFG_L
0000066e   UCB0IV
0000064c   UCB0RXBUF
0000064d   UCB0RXBUF_H
0000064c   UCB0RXBUF_L
00000648   UCB0STATW
00000649   UCB0STATW_H
00000648   UCB0STATW_L
0000064a   UCB0TBCNT
0000064b   UCB0TBCNT_H
0000064a   UCB0TBCNT_L
0000064e   UCB0TXBUF
0000064f   UCB0TXBUF_H
0000064e   UCB0TXBUF_L
00000160   UCSCTL0
00000161   UCSCTL0_H
00000160   UCSCTL0_L
00000162   UCSCTL1
00000163   UCSCTL1_H
00000162   UCSCTL1_L
00000164   UCSCTL2
00000165   UCSCTL2_H
00000164   UCSCTL2_L
00000166   UCSCTL3
00000167   UCSCTL3_H
00000166   UCSCTL3_L
00000168   UCSCTL4
00000169   UCSCTL4_H
00000168   UCSCTL4_L
0000016a   UCSCTL5
0000016b   UCSCTL5_H
0000016a   UCSCTL5_L
0000016c   UCSCTL6
0000016d   UCSCTL6_H
0000016c   UCSCTL6_L
0000016e   UCSCTL7
0000016f   UCSCTL7_H
0000016e   UCSCTL7_L
00000170   UCSCTL8
00000171   UCSCTL8_H
00000170   UCSCTL8_L
00002c24   VolToPart
0000015c   WDTCTL
0000015d   WDTCTL_H
0000015c   WDTCTL_L
00003c00   __STACK_END
00000050   __STACK_SIZE
00008f9a   __TI_ISR_TRAP
00000001   __TI_args_main
00000001   __TI_auto_init
000032e8   __TI_cleanup_ptr
000032ec   __TI_dtors_ptr
00000001   __TI_exit
0000ffd0   __TI_int40
0000ffd2   __TI_int41
0000ffd4   __TI_int42
0000ffd6   __TI_int43
0000ffd8   __TI_int44
0000ffda   __TI_int45
0000ffdc   __TI_int46
0000ffde   __TI_int47
0000ffe0   __TI_int48
0000ffe2   __TI_int49
0000ffe4   __TI_int50
0000ffe6   __TI_int51
0000ffe8   __TI_int52
0000ffea   __TI_int53
0000ffec   __TI_int54
0000ffee   __TI_int55
0000fff0   __TI_int56
0000fff2   __TI_int57
0000fff4   __TI_int58
0000fff6   __TI_int59
0000fff8   __TI_int60
0000fffa   __TI_int61
0000fffc   __TI_int62
00007bb8   __TI_printfi_minimal
ffffffff   __binit__
00001c00   __bss__
ffffffff   __c_args__
ffffffff   __cinit__
00001c00   __data__
00008ee2   __divu
00008858   __divul
00001c00   __edata__
000032fe   __end__
ffffffff   __etext__
00008ef8   __mpyi_f5hw
00008e0c   __mpyl_f5hw
ffffffff   __pinit__
00008ee2   __remu
00008858   __remul
ffffffff   __text__
00004038   _c_int00
00004038   _c_int00_noinit_noexit
000032e0   _lock
00008fae   _nop
0000fffe   _reset_vector
00003bb0   _stack
00008fa6   _system_pre_init
000032e4   _unlock
00008faa   abort
ffffffff   binit
000032de   boardstatus
00002c22   buffer_flag
000032f2   cardtype
00008906   change_sdclk
ffffffff   cinit
0000850a   clust2sect
0000241e   data_counter
000023f4   data_p
000023d6   data_x
000023e0   data_y
000023ea   data_z
00008f48   die
000032a2   dir
00008ecc   disk_initialize
00006922   disk_ioctl
000083d2   disk_read
00008f68   disk_status
0000843a   disk_write
00001c00   edata
000032fe   end
ffffffff   etext
00008d62   f_close
000047ee   f_lseek
00008800   f_mount
00005772   f_open
000053fc   f_read
00007102   f_sync
0000726e   f_unlink
00004c0c   f_write
00006758   get_fat
00008fa0   get_fattime
00006c74   index_file
000073c6   initTurbine
0000500e   init_card
00002c21   interrupt_flag
0000760e   main
00008e72   memccpy
00008dba   memcpy
00008e92   memset
00008fb0   no_operation_func
00001c03   pdata
00002416   pfile
ffffffff   pinit
00005a44   put_fat
00002e58   rc
00008acc   read16
00006166   read_multibuffer
00007f58   read_my_charfile
000088b0   receivebyte
000086f4   runTurbine
00008b98   save_file
00008f22   sccb_init
000032f4   sectorsize
0000807c   sendbyte
00008108   setClocks
0000874e   set_address
0000820c   setupBT2
00008b10   sleep
00008b54   sprintf
00008cfe   start
00008d30   stop
00008f88   stopTurbine
00002c20   store
00008f36   strlen
000074f8   ta3ccTurbine
000023d4   temp_counter
000021e0   temp_p
00001c04   temp_x
00001df8   temp_y
00001fec   temp_z
00008e2e   turbine_setupTA3
00008f92   turbine_startTA3
000079e6   turnOff
00008e50   wait
000082fa   write16
00008368   write16_DMABlock
00007e14   write_cmd
00006370   write_multibuffer
00007d56   write_my_charfile
00001c00   xdata
000023fe   xfile
00001c01   ydata
00002406   yfile
00001c02   zdata
0000240e   zfile


GLOBAL SYMBOLS: SORTED BY Symbol Address 

address    name
--------   ----
00000001   __TI_args_main
00000001   __TI_auto_init
00000001   __TI_exit
00000050   __STACK_SIZE
00000100   SFRIE1
00000100   SFRIE1_L
00000101   SFRIE1_H
00000102   SFRIFG1
00000102   SFRIFG1_L
00000103   SFRIFG1_H
00000104   SFRRPCR
00000104   SFRRPCR_L
00000105   SFRRPCR_H
00000120   PMMCTL0
00000120   PMMCTL0_L
00000121   PMMCTL0_H
00000122   PMMCTL1
00000122   PMMCTL1_L
00000123   PMMCTL1_H
00000124   SVSMHCTL
00000124   SVSMHCTL_L
00000125   SVSMHCTL_H
00000126   SVSMLCTL
00000126   SVSMLCTL_L
00000127   SVSMLCTL_H
00000128   SVSMIO
00000128   SVSMIO_L
00000129   SVSMIO_H
0000012c   PMMIFG
0000012c   PMMIFG_L
0000012d   PMMIFG_H
0000012e   PMMRIE
0000012e   PMMRIE_L
0000012f   PMMRIE_H
00000130   PM5CTL0
00000130   PM5CTL0_L
00000131   PM5CTL0_H
00000140   FCTL1
00000140   FCTL1_L
00000141   FCTL1_H
00000144   FCTL3
00000144   FCTL3_L
00000145   FCTL3_H
00000146   FCTL4
00000146   FCTL4_L
00000147   FCTL4_H
00000150   CRCDI
00000150   CRCDI_L
00000151   CRCDI_H
00000152   CRCDIRB
00000152   CRCDIRB_L
00000153   CRCDIRB_H
00000154   CRCINIRES
00000154   CRCINIRES_L
00000155   CRCINIRES_H
00000156   CRCRESR
00000156   CRCRESR_L
00000157   CRCRESR_H
00000158   RCCTL0
00000158   RCCTL0_L
00000159   RCCTL0_H
0000015c   WDTCTL
0000015c   WDTCTL_L
0000015d   WDTCTL_H
00000160   UCSCTL0
00000160   UCSCTL0_L
00000161   UCSCTL0_H
00000162   UCSCTL1
00000162   UCSCTL1_L
00000163   UCSCTL1_H
00000164   UCSCTL2
00000164   UCSCTL2_L
00000165   UCSCTL2_H
00000166   UCSCTL3
00000166   UCSCTL3_L
00000167   UCSCTL3_H
00000168   UCSCTL4
00000168   UCSCTL4_L
00000169   UCSCTL4_H
0000016a   UCSCTL5
0000016a   UCSCTL5_L
0000016b   UCSCTL5_H
0000016c   UCSCTL6
0000016c   UCSCTL6_L
0000016d   UCSCTL6_H
0000016e   UCSCTL7
0000016e   UCSCTL7_L
0000016f   UCSCTL7_H
00000170   UCSCTL8
00000170   UCSCTL8_L
00000171   UCSCTL8_H
00000180   SYSCTL
00000180   SYSCTL_L
00000181   SYSCTL_H
00000182   SYSBSLC
00000182   SYSBSLC_L
00000183   SYSBSLC_H
00000186   SYSJMBC
00000186   SYSJMBC_L
00000187   SYSJMBC_H
00000188   SYSJMBI0
00000188   SYSJMBI0_L
00000189   SYSJMBI0_H
0000018a   SYSJMBI1
0000018a   SYSJMBI1_L
0000018b   SYSJMBI1_H
0000018c   SYSJMBO0
0000018c   SYSJMBO0_L
0000018d   SYSJMBO0_H
0000018e   SYSJMBO1
0000018e   SYSJMBO1_L
0000018f   SYSJMBO1_H
00000198   SYSBERRIV
00000198   SYSBERRIV_L
00000199   SYSBERRIV_H
0000019a   SYSUNIV
0000019a   SYSUNIV_L
0000019b   SYSUNIV_H
0000019c   SYSSNIV
0000019c   SYSSNIV_L
0000019d   SYSSNIV_H
0000019e   SYSRSTIV
0000019e   SYSRSTIV_L
0000019f   SYSRSTIV_H
000001b0   REFCTL0
000001b0   REFCTL0_L
000001b1   REFCTL0_H
000001c0   PMAPKEYID
000001c0   PMAPKEYID_L
000001c1   PMAPKEYID_H
000001c2   PMAPCTL
000001c2   PMAPCTL_L
000001c3   PMAPCTL_H
000001c8   P1MAP01
000001c8   P1MAP01_L
000001c9   P1MAP01_H
000001ca   P1MAP23
000001ca   P1MAP23_L
000001cb   P1MAP23_H
000001cc   P1MAP45
000001cc   P1MAP45_L
000001cd   P1MAP45_H
000001ce   P1MAP67
000001ce   P1MAP67_L
000001cf   P1MAP67_H
000001d0   P2MAP01
000001d0   P2MAP01_L
000001d1   P2MAP01_H
000001d2   P2MAP23
000001d2   P2MAP23_L
000001d3   P2MAP23_H
000001d4   P2MAP45
000001d4   P2MAP45_L
000001d5   P2MAP45_H
000001d6   P2MAP67
000001d6   P2MAP67_L
000001d7   P2MAP67_H
000001d8   P3MAP01
000001d8   P3MAP01_L
000001d9   P3MAP01_H
000001da   P3MAP23
000001da   P3MAP23_L
000001db   P3MAP23_H
000001dc   P3MAP45
000001dc   P3MAP45_L
000001dd   P3MAP45_H
000001de   P3MAP67
000001de   P3MAP67_L
000001df   P3MAP67_H
00000200   PAIN
00000200   PAIN_L
00000201   PAIN_H
00000202   PAOUT
00000202   PAOUT_L
00000203   PAOUT_H
00000204   PADIR
00000204   PADIR_L
00000205   PADIR_H
00000206   PAREN
00000206   PAREN_L
00000207   PAREN_H
00000208   PADS
00000208   PADS_L
00000209   PADS_H
0000020a   PASEL
0000020a   PASEL_L
0000020b   PASEL_H
0000020e   P1IV
00000218   PAIES
00000218   PAIES_L
00000219   PAIES_H
0000021a   PAIE
0000021a   PAIE_L
0000021b   PAIE_H
0000021c   PAIFG
0000021c   PAIFG_L
0000021d   PAIFG_H
0000021e   P2IV
00000220   PBIN
00000220   PBIN_L
00000221   PBIN_H
00000222   PBOUT
00000222   PBOUT_L
00000223   PBOUT_H
00000224   PBDIR
00000224   PBDIR_L
00000225   PBDIR_H
00000226   PBREN
00000226   PBREN_L
00000227   PBREN_H
00000228   PBDS
00000228   PBDS_L
00000229   PBDS_H
0000022a   PBSEL
0000022a   PBSEL_L
0000022b   PBSEL_H
00000240   PCIN
00000240   PCIN_L
00000241   PCIN_H
00000242   PCOUT
00000242   PCOUT_L
00000243   PCOUT_H
00000244   PCDIR
00000244   PCDIR_L
00000245   PCDIR_H
00000246   PCREN
00000246   PCREN_L
00000247   PCREN_H
00000248   PCDS
00000248   PCDS_L
00000249   PCDS_H
0000024a   PCSEL
0000024a   PCSEL_L
0000024b   PCSEL_H
00000260   PDIN
00000260   PDIN_L
00000261   PDIN_H
00000262   PDOUT
00000262   PDOUT_L
00000263   PDOUT_H
00000264   PDDIR
00000264   PDDIR_L
00000265   PDDIR_H
00000266   PDREN
00000266   PDREN_L
00000267   PDREN_H
00000268   PDDS
00000268   PDDS_L
00000269   PDDS_H
0000026a   PDSEL
0000026a   PDSEL_L
0000026b   PDSEL_H
00000280   PEIN
00000280   PEIN_L
00000281   PEIN_H
00000282   PEOUT
00000282   PEOUT_L
00000283   PEOUT_H
00000284   PEDIR
00000284   PEDIR_L
00000285   PEDIR_H
00000286   PEREN
00000286   PEREN_L
00000287   PEREN_H
00000288   PEDS
00000288   PEDS_L
00000289   PEDS_H
0000028a   PESEL
0000028a   PESEL_L
0000028b   PESEL_H
00000320   PJIN
00000320   PJIN_L
00000321   PJIN_H
00000322   PJOUT
00000322   PJOUT_L
00000323   PJOUT_H
00000324   PJDIR
00000324   PJDIR_L
00000325   PJDIR_H
00000326   PJREN
00000326   PJREN_L
00000327   PJREN_H
00000328   PJDS
00000328   PJDS_L
00000329   PJDS_H
0000032a   PJSEL
0000032a   PJSEL_L
0000032b   PJSEL_H
00000340   TA0CTL
00000342   TA0CCTL0
00000344   TA0CCTL1
00000346   TA0CCTL2
00000350   TA0R
00000352   TA0CCR0
00000354   TA0CCR1
00000356   TA0CCR2
00000360   TA0EX0
0000036e   TA0IV
00000380   TA1CTL
00000382   TA1CCTL0
00000384   TA1CCTL1
00000390   TA1R
00000392   TA1CCR0
00000394   TA1CCR1
000003a0   TA1EX0
000003ae   TA1IV
00000400   TA2CTL
00000402   TA2CCTL0
00000404   TA2CCTL1
00000410   TA2R
00000412   TA2CCR0
00000414   TA2CCR1
00000420   TA2EX0
0000042e   TA2IV
00000440   TA3CTL
00000442   TA3CCTL0
00000444   TA3CCTL1
00000450   TA3R
00000452   TA3CCR0
00000454   TA3CCR1
00000460   TA3EX0
0000046e   TA3IV
00000480   BAKMEM0
00000480   BAKMEM0_L
00000481   BAKMEM0_H
00000482   BAKMEM1
00000482   BAKMEM1_L
00000483   BAKMEM1_H
00000484   BAKMEM2
00000484   BAKMEM2_L
00000485   BAKMEM2_H
00000486   BAKMEM3
00000486   BAKMEM3_L
00000487   BAKMEM3_H
000004a0   RTCCTL0
000004a0   RTCCTL0_L
000004a1   RTCCTL0_H
000004a2   RTCCTL13
000004a2   RTCCTL13_L
000004a3   RTCCTL13_H
000004a4   RTCOCAL
000004a4   RTCOCAL_L
000004a5   RTCOCAL_H
000004a6   RTCTCMP
000004a6   RTCTCMP_L
000004a7   RTCTCMP_H
000004a8   RTCPS0CTL
000004a8   RTCPS0CTL_L
000004a9   RTCPS0CTL_H
000004aa   RTCPS1CTL
000004aa   RTCPS1CTL_L
000004ab   RTCPS1CTL_H
000004ac   RTCPS
000004ac   RTCPS_L
000004ad   RTCPS_H
000004ae   RTCIV
000004b0   RTCTIM0
000004b0   RTCTIM0_L
000004b1   RTCTIM0_H
000004b2   RTCTIM1
000004b2   RTCTIM1_L
000004b3   RTCTIM1_H
000004b4   RTCDATE
000004b4   RTCDATE_L
000004b5   RTCDATE_H
000004b6   RTCYEAR
000004b6   RTCYEAR_L
000004b7   RTCYEAR_H
000004b8   RTCAMINHR
000004b8   RTCAMINHR_L
000004b9   RTCAMINHR_H
000004ba   RTCADOWDAY
000004ba   RTCADOWDAY_L
000004bb   RTCADOWDAY_H
000004bc   BIN2BCD
000004be   BCD2BIN
000004c0   MPY
000004c0   MPY_L
000004c1   MPY_H
000004c2   MPYS
000004c2   MPYS_L
000004c3   MPYS_H
000004c4   MAC
000004c4   MAC_L
000004c5   MAC_H
000004c6   MACS
000004c6   MACS_L
000004c7   MACS_H
000004c8   OP2
000004c8   OP2_L
000004c9   OP2_H
000004ca   RESLO
000004ca   RESLO_L
000004cb   RESLO_H
000004cc   RESHI
000004cc   RESHI_L
000004cd   RESHI_H
000004ce   SUMEXT
000004ce   SUMEXT_L
000004cf   SUMEXT_H
000004d0   MPY32L
000004d0   MPY32L_L
000004d1   MPY32L_H
000004d2   MPY32H
000004d2   MPY32H_L
000004d3   MPY32H_H
000004d4   MPYS32L
000004d4   MPYS32L_L
000004d5   MPYS32L_H
000004d6   MPYS32H
000004d6   MPYS32H_L
000004d7   MPYS32H_H
000004d8   MAC32L
000004d8   MAC32L_L
000004d9   MAC32L_H
000004da   MAC32H
000004da   MAC32H_L
000004db   MAC32H_H
000004dc   MACS32L
000004dc   MACS32L_L
000004dd   MACS32L_H
000004de   MACS32H
000004de   MACS32H_L
000004df   MACS32H_H
000004e0   OP2L
000004e0   OP2L_L
000004e1   OP2L_H
000004e2   OP2H
000004e2   OP2H_L
000004e3   OP2H_H
000004e4   RES0
000004e4   RES0_L
000004e5   RES0_H
000004e6   RES1
000004e6   RES1_L
000004e7   RES1_H
000004e8   RES2
000004e8   RES2_L
000004e9   RES2_H
000004ea   RES3
000004ea   RES3_L
000004eb   RES3_H
000004ec   MPY32CTL0
000004ec   MPY32CTL0_L
000004ed   MPY32CTL0_H
00000500   DMACTL0
00000500   DMACTL0_L
00000501   DMACTL0_H
00000502   DMACTL1
00000502   DMACTL1_L
00000503   DMACTL1_H
00000504   DMACTL2
00000504   DMACTL2_L
00000505   DMACTL2_H
00000506   DMACTL3
00000506   DMACTL3_L
00000507   DMACTL3_H
00000508   DMACTL4
00000508   DMACTL4_L
00000509   DMACTL4_H
0000050e   DMAIV
0000050e   DMAIV_L
0000050f   DMAIV_H
00000510   DMA0CTL
00000510   DMA0CTL_L
00000511   DMA0CTL_H
00000512   DMA0SA
00000512   DMA0SAL
00000516   DMA0DA
00000516   DMA0DAL
0000051a   DMA0SZ
00000520   DMA1CTL
00000520   DMA1CTL_L
00000521   DMA1CTL_H
00000522   DMA1SA
00000522   DMA1SAL
00000526   DMA1DA
00000526   DMA1DAL
0000052a   DMA1SZ
00000530   DMA2CTL
00000530   DMA2CTL_L
00000531   DMA2CTL_H
00000532   DMA2SA
00000532   DMA2SAL
00000536   DMA2DA
00000536   DMA2DAL
0000053a   DMA2SZ
000005c0   UCA0CTLW0
000005c0   UCA0CTLW0_L
000005c1   UCA0CTLW0_H
000005c2   UCA0CTLW1
000005c2   UCA0CTLW1_L
000005c3   UCA0CTLW1_H
000005c6   UCA0BRW
000005c6   UCA0BRW_L
000005c7   UCA0BRW_H
000005c8   UCA0MCTLW
000005c8   UCA0MCTLW_L
000005c9   UCA0MCTLW_H
000005ca   UCA0STATW
000005cc   UCA0RXBUF
000005cc   UCA0RXBUF_L
000005cd   UCA0RXBUF_H
000005ce   UCA0TXBUF
000005ce   UCA0TXBUF_L
000005cf   UCA0TXBUF_H
000005d0   UCA0ABCTL
000005d2   UCA0IRCTL
000005d2   UCA0IRCTL_L
000005d3   UCA0IRCTL_H
000005da   UCA0IE
000005da   UCA0IE_L
000005db   UCA0IE_H
000005dc   UCA0IFG
000005dc   UCA0IFG_L
000005dd   UCA0IFG_H
000005de   UCA0IV
000005e0   UCA1CTLW0
000005e0   UCA1CTLW0_L
000005e1   UCA1CTLW0_H
000005e2   UCA1CTLW1
000005e2   UCA1CTLW1_L
000005e3   UCA1CTLW1_H
000005e6   UCA1BRW
000005e6   UCA1BRW_L
000005e7   UCA1BRW_H
000005e8   UCA1MCTLW
000005e8   UCA1MCTLW_L
000005e9   UCA1MCTLW_H
000005ea   UCA1STATW
000005ec   UCA1RXBUF
000005ec   UCA1RXBUF_L
000005ed   UCA1RXBUF_H
000005ee   UCA1TXBUF
000005ee   UCA1TXBUF_L
000005ef   UCA1TXBUF_H
000005f0   UCA1ABCTL
000005f2   UCA1IRCTL
000005f2   UCA1IRCTL_L
000005f3   UCA1IRCTL_H
000005fa   UCA1IE
000005fa   UCA1IE_L
000005fb   UCA1IE_H
000005fc   UCA1IFG
000005fc   UCA1IFG_L
000005fd   UCA1IFG_H
000005fe   UCA1IV
00000600   UCA2CTLW0
00000600   UCA2CTLW0_L
00000601   UCA2CTLW0_H
00000602   UCA2CTLW1
00000602   UCA2CTLW1_L
00000603   UCA2CTLW1_H
00000606   UCA2BRW
00000606   UCA2BRW_L
00000607   UCA2BRW_H
00000608   UCA2MCTLW
00000608   UCA2MCTLW_L
00000609   UCA2MCTLW_H
0000060a   UCA2STATW
0000060c   UCA2RXBUF
0000060c   UCA2RXBUF_L
0000060d   UCA2RXBUF_H
0000060e   UCA2TXBUF
0000060e   UCA2TXBUF_L
0000060f   UCA2TXBUF_H
00000610   UCA2ABCTL
00000612   UCA2IRCTL
00000612   UCA2IRCTL_L
00000613   UCA2IRCTL_H
0000061a   UCA2IE
0000061a   UCA2IE_L
0000061b   UCA2IE_H
0000061c   UCA2IFG
0000061c   UCA2IFG_L
0000061d   UCA2IFG_H
0000061e   UCA2IV
00000640   UCB0CTLW0
00000640   UCB0CTLW0_L
00000641   UCB0CTLW0_H
00000642   UCB0CTLW1
00000642   UCB0CTLW1_L
00000643   UCB0CTLW1_H
00000646   UCB0BRW
00000646   UCB0BRW_L
00000647   UCB0BRW_H
00000648   UCB0STATW
00000648   UCB0STATW_L
00000649   UCB0STATW_H
0000064a   UCB0TBCNT
0000064a   UCB0TBCNT_L
0000064b   UCB0TBCNT_H
0000064c   UCB0RXBUF
0000064c   UCB0RXBUF_L
0000064d   UCB0RXBUF_H
0000064e   UCB0TXBUF
0000064e   UCB0TXBUF_L
0000064f   UCB0TXBUF_H
00000654   UCB0I2COA0
00000654   UCB0I2COA0_L
00000655   UCB0I2COA0_H
00000656   UCB0I2COA1
00000656   UCB0I2COA1_L
00000657   UCB0I2COA1_H
00000658   UCB0I2COA2
00000658   UCB0I2COA2_L
00000659   UCB0I2COA2_H
0000065a   UCB0I2COA3
0000065a   UCB0I2COA3_L
0000065b   UCB0I2COA3_H
0000065c   UCB0ADDRX
0000065c   UCB0ADDRX_L
0000065d   UCB0ADDRX_H
0000065e   UCB0ADDMASK
0000065e   UCB0ADDMASK_L
0000065f   UCB0ADDMASK_H
00000660   UCB0I2CSA
00000660   UCB0I2CSA_L
00000661   UCB0I2CSA_H
0000066a   UCB0IE
0000066a   UCB0IE_L
0000066b   UCB0IE_H
0000066c   UCB0IFG
0000066c   UCB0IFG_L
0000066d   UCB0IFG_H
0000066e   UCB0IV
00000740   ADC10CTL0
00000740   ADC10CTL0_L
00000741   ADC10CTL0_H
00000742   ADC10CTL1
00000742   ADC10CTL1_L
00000743   ADC10CTL1_H
00000744   ADC10CTL2
00000744   ADC10CTL2_L
00000745   ADC10CTL2_H
00000746   ADC10LO
00000746   ADC10LO_L
00000747   ADC10LO_H
00000748   ADC10HI
00000748   ADC10HI_L
00000749   ADC10HI_H
0000074a   ADC10MCTL0
0000074a   ADC10MCTL0_L
0000074b   ADC10MCTL0_H
00000752   ADC10MEM0
00000752   ADC10MEM0_L
00000753   ADC10MEM0_H
0000075a   ADC10IE
0000075a   ADC10IE_L
0000075b   ADC10IE_H
0000075c   ADC10IFG
0000075c   ADC10IFG_L
0000075d   ADC10IFG_H
0000075e   ADC10IV
0000075e   ADC10IV_L
0000075f   ADC10IV_H
00000800   SD24BCTL0
00000800   SD24BCTL0_L
00000801   SD24BCTL0_H
00000802   SD24BCTL1
00000802   SD24BCTL1_L
00000803   SD24BCTL1_H
00000804   SD24BTRGCTL
00000804   SD24BTRGCTL_L
00000805   SD24BTRGCTL_H
00000806   SD24BTRGOSR
00000806   SD24BTRGOSR_L
00000807   SD24BTRGOSR_H
00000808   SD24BTRGPRE
00000808   SD24BTRGPRE_L
00000809   SD24BTRGPRE_H
0000080a   SD24BIFG
0000080a   SD24BIFG_L
0000080b   SD24BIFG_H
0000080c   SD24BIE
0000080c   SD24BIE_L
0000080d   SD24BIE_H
0000080e   SD24BIV
0000080e   SD24BIV_L
0000080f   SD24BIV_H
00000810   SD24BCCTL0
00000810   SD24BCCTL0_L
00000811   SD24BCCTL0_H
00000812   SD24BINCTL0
00000812   SD24BINCTL0_L
00000813   SD24BINCTL0_H
00000814   SD24BOSR0
00000814   SD24BOSR0_L
00000815   SD24BOSR0_H
00000816   SD24BPRE0
00000816   SD24BPRE0_L
00000817   SD24BPRE0_H
00000818   SD24BCCTL1
00000818   SD24BCCTL1_L
00000819   SD24BCCTL1_H
0000081a   SD24BINCTL1
0000081a   SD24BINCTL1_L
0000081b   SD24BINCTL1_H
0000081c   SD24BOSR1
0000081c   SD24BOSR1_L
0000081d   SD24BOSR1_H
0000081e   SD24BPRE1
0000081e   SD24BPRE1_L
0000081f   SD24BPRE1_H
00000850   SD24BMEML0
00000850   SD24BMEML0_L
00000851   SD24BMEML0_H
00000852   SD24BMEMH0
00000852   SD24BMEMH0_L
00000853   SD24BMEMH0_H
00000854   SD24BMEML1
00000854   SD24BMEML1_L
00000855   SD24BMEML1_H
00000856   SD24BMEMH1
00000856   SD24BMEMH1_L
00000857   SD24BMEMH1_H
000009e0   AUXCTL0
000009e0   AUXCTL0_L
000009e1   AUXCTL0_H
000009e2   AUXCTL1
000009e2   AUXCTL1_L
000009e3   AUXCTL1_H
000009e4   AUXCTL2
000009e4   AUXCTL2_L
000009e5   AUXCTL2_H
000009f2   AUX2CHCTL
000009f2   AUX2CHCTL_L
000009f3   AUX2CHCTL_H
000009f4   AUX3CHCTL
000009f4   AUX3CHCTL_L
000009f5   AUX3CHCTL_H
000009f6   AUXADCCTL
000009f6   AUXADCCTL_L
000009f7   AUXADCCTL_H
000009fa   AUXIFG
000009fa   AUXIFG_L
000009fb   AUXIFG_H
000009fc   AUXIE
000009fc   AUXIE_L
000009fd   AUXIE_H
000009fe   AUXIV
000009fe   AUXIV_L
000009ff   AUXIV_H
00000a00   LCDCCTL0
00000a00   LCDCCTL0_L
00000a01   LCDCCTL0_H
00000a02   LCDCCTL1
00000a02   LCDCCTL1_L
00000a03   LCDCCTL1_H
00000a04   LCDCBLKCTL
00000a04   LCDCBLKCTL_L
00000a05   LCDCBLKCTL_H
00000a06   LCDCMEMCTL
00000a06   LCDCMEMCTL_L
00000a07   LCDCMEMCTL_H
00000a08   LCDCVCTL
00000a08   LCDCVCTL_L
00000a09   LCDCVCTL_H
00000a0a   LCDCPCTL0
00000a0a   LCDCPCTL0_L
00000a0b   LCDCPCTL0_H
00000a0c   LCDCPCTL1
00000a0c   LCDCPCTL1_L
00000a0d   LCDCPCTL1_H
00000a0e   LCDCPCTL2
00000a0e   LCDCPCTL2_L
00000a0f   LCDCPCTL2_H
00000a12   LCDCCPCTL
00000a12   LCDCCPCTL_L
00000a13   LCDCCPCTL_H
00000a1e   LCDCIV
00000a20   LCDM1
00000a21   LCDM2
00000a22   LCDM3
00000a23   LCDM4
00000a24   LCDM5
00000a25   LCDM6
00000a26   LCDM7
00000a27   LCDM8
00000a28   LCDM9
00000a29   LCDM10
00000a2a   LCDM11
00000a2b   LCDM12
00000a2c   LCDM13
00000a2d   LCDM14
00000a2e   LCDM15
00000a2f   LCDM16
00000a30   LCDM17
00000a31   LCDM18
00000a32   LCDM19
00000a33   LCDM20
00000a34   LCDM21
00000a35   LCDM22
00000a36   LCDM23
00000a37   LCDM24
00000a38   LCDM25
00000a39   LCDM26
00000a3a   LCDM27
00000a3b   LCDM28
00000a3c   LCDM29
00000a3d   LCDM30
00000a3e   LCDM31
00000a3f   LCDM32
00000a40   LCDBM1
00000a40   LCDM33
00000a41   LCDBM2
00000a41   LCDM34
00000a42   LCDBM3
00000a42   LCDM35
00000a43   LCDBM4
00000a43   LCDM36
00000a44   LCDBM5
00000a44   LCDM37
00000a45   LCDBM6
00000a45   LCDM38
00000a46   LCDBM7
00000a46   LCDM39
00000a47   LCDBM8
00000a47   LCDM40
00000a48   LCDBM9
00000a49   LCDBM10
00000a4a   LCDBM11
00000a4b   LCDBM12
00000a4c   LCDBM13
00000a4d   LCDBM14
00000a4e   LCDBM15
00000a4f   LCDBM16
00000a50   LCDBM17
00000a51   LCDBM18
00000a52   LCDBM19
00000a53   LCDBM20
00001c00   .bss
00001c00   .data
00001c00   __bss__
00001c00   __data__
00001c00   __edata__
00001c00   edata
00001c00   xdata
00001c01   ydata
00001c02   zdata
00001c03   pdata
00001c04   temp_x
00001df8   temp_y
00001fec   temp_z
000021e0   temp_p
000023d4   temp_counter
000023d6   data_x
000023e0   data_y
000023ea   data_z
000023f4   data_p
000023fe   xfile
00002406   yfile
0000240e   zfile
00002416   pfile
0000241e   data_counter
00002420   Buff
00002c20   store
00002c21   interrupt_flag
00002c22   buffer_flag
00002c24   VolToPart
00002c26   Fatfs
00002e58   rc
00002e5a   Fil
0000307e   Fil1
000032a2   dir
000032be   F_init
000032c2   F_run
000032c6   F_stop
000032ca   F_ta0_cc
000032ce   F_ta1_cc
000032d2   F_ta2_cc
000032d6   F_ta3_cc
000032da   F_save
000032de   boardstatus
000032e0   _lock
000032e4   _unlock
000032e8   __TI_cleanup_ptr
000032ec   __TI_dtors_ptr
000032f0   RCA
000032f2   cardtype
000032f4   sectorsize
000032fe   __end__
000032fe   end
00003bb0   _stack
00003c00   __STACK_END
00004000   Port_2
00004038   _c_int00
00004038   _c_int00_noinit_noexit
0000405a   TA3_CC0_ISR
000047ee   f_lseek
00004c0c   f_write
0000500e   init_card
000053fc   f_read
00005772   f_open
00005a44   put_fat
00006166   read_multibuffer
00006370   write_multibuffer
00006758   get_fat
00006922   disk_ioctl
00006c74   index_file
00007102   f_sync
0000726e   f_unlink
000073c6   initTurbine
000074f8   ta3ccTurbine
0000760e   main
000079e6   turnOff
00007bb8   __TI_printfi_minimal
00007d56   write_my_charfile
00007e14   write_cmd
00007f58   read_my_charfile
0000807c   sendbyte
00008108   setClocks
0000820c   setupBT2
000082fa   write16
00008368   write16_DMABlock
000083d2   disk_read
0000843a   disk_write
0000850a   clust2sect
000086f4   runTurbine
0000874e   set_address
00008800   f_mount
00008858   __divul
00008858   __remul
000088b0   receivebyte
00008906   change_sdclk
000089f4   I2Cbyte_read
00008acc   read16
00008b10   sleep
00008b54   sprintf
00008b98   save_file
00008c18   L_LSL_15
00008c1c   L_LSL_14
00008c20   L_LSL_13
00008c24   L_LSL_12
00008c28   L_LSL_11
00008c2c   L_LSL_10
00008c30   L_LSL_9
00008c34   L_LSL_8
00008c38   L_LSL_7
00008c3c   L_LSL_6
00008c40   L_LSL_5
00008c44   L_LSL_4
00008c48   L_LSL_3
00008c4c   L_LSL_2
00008c50   L_LSL_1
00008c56   L_LSR_15
00008c5a   L_LSR_14
00008c5e   L_LSR_13
00008c62   L_LSR_12
00008c66   L_LSR_11
00008c6a   L_LSR_10
00008c6e   L_LSR_9
00008c72   L_LSR_8
00008c76   L_LSR_7
00008c7a   L_LSR_6
00008c7e   L_LSR_5
00008c82   L_LSR_4
00008c86   L_LSR_3
00008c8a   L_LSR_2
00008c8e   L_LSR_1
00008cca   I2Cbyte_write
00008cfe   start
00008d30   stop
00008d62   f_close
00008d90   ACK
00008dba   memcpy
00008e0c   __mpyl_f5hw
00008e2e   turbine_setupTA3
00008e50   wait
00008e72   memccpy
00008e92   memset
00008ecc   disk_initialize
00008ee2   __divu
00008ee2   __remu
00008ef8   __mpyi_f5hw
00008f22   sccb_init
00008f36   strlen
00008f48   die
00008f58   L_LSL
00008f68   disk_status
00008f74   I_ASR
00008f7e   I_LSL
00008f88   stopTurbine
00008f92   turbine_startTA3
00008f9a   __TI_ISR_TRAP
00008fa0   get_fattime
00008fa6   _system_pre_init
00008faa   C$$EXIT
00008faa   abort
00008fae   _nop
00008fb0   no_operation_func
0000ffd0   __TI_int40
0000ffd2   __TI_int41
0000ffd4   __TI_int42
0000ffd6   __TI_int43
0000ffd8   __TI_int44
0000ffda   __TI_int45
0000ffdc   __TI_int46
0000ffde   __TI_int47
0000ffe0   __TI_int48
0000ffe2   __TI_int49
0000ffe4   __TI_int50
0000ffe6   __TI_int51
0000ffe8   __TI_int52
0000ffea   __TI_int53
0000ffec   __TI_int54
0000ffee   __TI_int55
0000fff0   __TI_int56
0000fff2   __TI_int57
0000fff4   __TI_int58
0000fff6   __TI_int59
0000fff8   __TI_int60
0000fffa   __TI_int61
0000fffc   __TI_int62
0000fffe   _reset_vector
ffffffff   .text
ffffffff   __binit__
ffffffff   __c_args__
ffffffff   __cinit__
ffffffff   __etext__
ffffffff   __pinit__
ffffffff   __text__
ffffffff   binit
ffffffff   cinit
ffffffff   etext
ffffffff   pinit

[1026 symbols]
