<?xml version="1.0"?>
<link_info>
   <banner>MSP430 Linker PC v4.2.1</banner>
   <copyright>Copyright (c) 2003-2013 Texas Instruments Incorporated</copyright>
   <link_time>0x53b59183</link_time>
   <link_errors>0x0</link_errors>
   <output_file>synchits.out</output_file>
   <entry_point>
      <name>_c_int00</name>
      <address>0x4038</address>
   </entry_point>
   <input_file_list>
      <input_file id="fl-2">
         <path>.\</path>
         <kind>object</kind>
         <file>sdinterface.obj</file>
         <name>sdinterface.obj</name>
      </input_file>
      <input_file id="fl-3">
         <path>.\</path>
         <kind>object</kind>
         <file>mode_turbine.obj</file>
         <name>mode_turbine.obj</name>
      </input_file>
      <input_file id="fl-4">
         <path>.\</path>
         <kind>object</kind>
         <file>main.obj</file>
         <name>main.obj</name>
      </input_file>
      <input_file id="fl-5">
         <path>.\</path>
         <kind>object</kind>
         <file>i2c.obj</file>
         <name>i2c.obj</name>
      </input_file>
      <input_file id="fl-6">
         <path>.\</path>
         <kind>object</kind>
         <file>ff.obj</file>
         <name>ff.obj</name>
      </input_file>
      <input_file id="fl-7">
         <path>.\</path>
         <kind>object</kind>
         <file>diskio.obj</file>
         <name>diskio.obj</name>
      </input_file>
      <input_file id="fl-8">
         <path>.\</path>
         <kind>object</kind>
         <file>comm.obj</file>
         <name>comm.obj</name>
      </input_file>
      <input_file id="fl-28">
         <path>C:\ti\ccsv5\tools\compiler\msp430_4.2.1\lib\</path>
         <kind>archive</kind>
         <file>rts430xl.lib</file>
         <name>asr16.obj</name>
      </input_file>
      <input_file id="fl-29">
         <path>C:\ti\ccsv5\tools\compiler\msp430_4.2.1\lib\</path>
         <kind>archive</kind>
         <file>rts430xl.lib</file>
         <name>boot.obj</name>
      </input_file>
      <input_file id="fl-2a">
         <path>C:\ti\ccsv5\tools\compiler\msp430_4.2.1\lib\</path>
         <kind>archive</kind>
         <file>rts430xl.lib</file>
         <name>copy_decompress_none.obj</name>
      </input_file>
      <input_file id="fl-2b">
         <path>C:\ti\ccsv5\tools\compiler\msp430_4.2.1\lib\</path>
         <kind>archive</kind>
         <file>rts430xl.lib</file>
         <name>copy_decompress_rle.obj</name>
      </input_file>
      <input_file id="fl-2c">
         <path>C:\ti\ccsv5\tools\compiler\msp430_4.2.1\lib\</path>
         <kind>archive</kind>
         <file>rts430xl.lib</file>
         <name>copy_zero_init.obj</name>
      </input_file>
      <input_file id="fl-2d">
         <path>C:\ti\ccsv5\tools\compiler\msp430_4.2.1\lib\</path>
         <kind>archive</kind>
         <file>rts430xl.lib</file>
         <name>div32u.obj</name>
      </input_file>
      <input_file id="fl-2e">
         <path>C:\ti\ccsv5\tools\compiler\msp430_4.2.1\lib\</path>
         <kind>archive</kind>
         <file>rts430xl.lib</file>
         <name>exit.obj</name>
      </input_file>
      <input_file id="fl-2f">
         <path>C:\ti\ccsv5\tools\compiler\msp430_4.2.1\lib\</path>
         <kind>archive</kind>
         <file>rts430xl.lib</file>
         <name>int40.obj</name>
      </input_file>
      <input_file id="fl-30">
         <path>C:\ti\ccsv5\tools\compiler\msp430_4.2.1\lib\</path>
         <kind>archive</kind>
         <file>rts430xl.lib</file>
         <name>int41.obj</name>
      </input_file>
      <input_file id="fl-31">
         <path>C:\ti\ccsv5\tools\compiler\msp430_4.2.1\lib\</path>
         <kind>archive</kind>
         <file>rts430xl.lib</file>
         <name>int42.obj</name>
      </input_file>
      <input_file id="fl-32">
         <path>C:\ti\ccsv5\tools\compiler\msp430_4.2.1\lib\</path>
         <kind>archive</kind>
         <file>rts430xl.lib</file>
         <name>int45.obj</name>
      </input_file>
      <input_file id="fl-33">
         <path>C:\ti\ccsv5\tools\compiler\msp430_4.2.1\lib\</path>
         <kind>archive</kind>
         <file>rts430xl.lib</file>
         <name>int46.obj</name>
      </input_file>
      <input_file id="fl-34">
         <path>C:\ti\ccsv5\tools\compiler\msp430_4.2.1\lib\</path>
         <kind>archive</kind>
         <file>rts430xl.lib</file>
         <name>int47.obj</name>
      </input_file>
      <input_file id="fl-35">
         <path>C:\ti\ccsv5\tools\compiler\msp430_4.2.1\lib\</path>
         <kind>archive</kind>
         <file>rts430xl.lib</file>
         <name>int48.obj</name>
      </input_file>
      <input_file id="fl-36">
         <path>C:\ti\ccsv5\tools\compiler\msp430_4.2.1\lib\</path>
         <kind>archive</kind>
         <file>rts430xl.lib</file>
         <name>int49.obj</name>
      </input_file>
      <input_file id="fl-37">
         <path>C:\ti\ccsv5\tools\compiler\msp430_4.2.1\lib\</path>
         <kind>archive</kind>
         <file>rts430xl.lib</file>
         <name>int50.obj</name>
      </input_file>
      <input_file id="fl-38">
         <path>C:\ti\ccsv5\tools\compiler\msp430_4.2.1\lib\</path>
         <kind>archive</kind>
         <file>rts430xl.lib</file>
         <name>int51.obj</name>
      </input_file>
      <input_file id="fl-39">
         <path>C:\ti\ccsv5\tools\compiler\msp430_4.2.1\lib\</path>
         <kind>archive</kind>
         <file>rts430xl.lib</file>
         <name>int52.obj</name>
      </input_file>
      <input_file id="fl-3a">
         <path>C:\ti\ccsv5\tools\compiler\msp430_4.2.1\lib\</path>
         <kind>archive</kind>
         <file>rts430xl.lib</file>
         <name>int53.obj</name>
      </input_file>
      <input_file id="fl-3b">
         <path>C:\ti\ccsv5\tools\compiler\msp430_4.2.1\lib\</path>
         <kind>archive</kind>
         <file>rts430xl.lib</file>
         <name>int54.obj</name>
      </input_file>
      <input_file id="fl-3c">
         <path>C:\ti\ccsv5\tools\compiler\msp430_4.2.1\lib\</path>
         <kind>archive</kind>
         <file>rts430xl.lib</file>
         <name>int55.obj</name>
      </input_file>
      <input_file id="fl-3d">
         <path>C:\ti\ccsv5\tools\compiler\msp430_4.2.1\lib\</path>
         <kind>archive</kind>
         <file>rts430xl.lib</file>
         <name>int56.obj</name>
      </input_file>
      <input_file id="fl-3e">
         <path>C:\ti\ccsv5\tools\compiler\msp430_4.2.1\lib\</path>
         <kind>archive</kind>
         <file>rts430xl.lib</file>
         <name>int57.obj</name>
      </input_file>
      <input_file id="fl-3f">
         <path>C:\ti\ccsv5\tools\compiler\msp430_4.2.1\lib\</path>
         <kind>archive</kind>
         <file>rts430xl.lib</file>
         <name>int58.obj</name>
      </input_file>
      <input_file id="fl-40">
         <path>C:\ti\ccsv5\tools\compiler\msp430_4.2.1\lib\</path>
         <kind>archive</kind>
         <file>rts430xl.lib</file>
         <name>int59.obj</name>
      </input_file>
      <input_file id="fl-41">
         <path>C:\ti\ccsv5\tools\compiler\msp430_4.2.1\lib\</path>
         <kind>archive</kind>
         <file>rts430xl.lib</file>
         <name>int60.obj</name>
      </input_file>
      <input_file id="fl-42">
         <path>C:\ti\ccsv5\tools\compiler\msp430_4.2.1\lib\</path>
         <kind>archive</kind>
         <file>rts430xl.lib</file>
         <name>int61.obj</name>
      </input_file>
      <input_file id="fl-43">
         <path>C:\ti\ccsv5\tools\compiler\msp430_4.2.1\lib\</path>
         <kind>archive</kind>
         <file>rts430xl.lib</file>
         <name>int62.obj</name>
      </input_file>
      <input_file id="fl-44">
         <path>C:\ti\ccsv5\tools\compiler\msp430_4.2.1\lib\</path>
         <kind>archive</kind>
         <file>rts430xl.lib</file>
         <name>isr_trap.obj</name>
      </input_file>
      <input_file id="fl-45">
         <path>C:\ti\ccsv5\tools\compiler\msp430_4.2.1\lib\</path>
         <kind>archive</kind>
         <file>rts430xl.lib</file>
         <name>lsl16.obj</name>
      </input_file>
      <input_file id="fl-46">
         <path>C:\ti\ccsv5\tools\compiler\msp430_4.2.1\lib\</path>
         <kind>archive</kind>
         <file>rts430xl.lib</file>
         <name>lsl32.obj</name>
      </input_file>
      <input_file id="fl-47">
         <path>C:\ti\ccsv5\tools\compiler\msp430_4.2.1\lib\</path>
         <kind>archive</kind>
         <file>rts430xl.lib</file>
         <name>lsr32.obj</name>
      </input_file>
      <input_file id="fl-48">
         <path>C:\ti\ccsv5\tools\compiler\msp430_4.2.1\lib\</path>
         <kind>archive</kind>
         <file>rts430xl.lib</file>
         <name>memcpy.obj</name>
      </input_file>
      <input_file id="fl-49">
         <path>C:\ti\ccsv5\tools\compiler\msp430_4.2.1\lib\</path>
         <kind>archive</kind>
         <file>rts430xl.lib</file>
         <name>mult32_f5hw.obj</name>
      </input_file>
      <input_file id="fl-4a">
         <path>C:\ti\ccsv5\tools\compiler\msp430_4.2.1\lib\</path>
         <kind>archive</kind>
         <file>rts430xl.lib</file>
         <name>pre_init.obj</name>
      </input_file>
      <input_file id="fl-4b">
         <path>C:\ti\ccsv5\tools\compiler\msp430_4.2.1\lib\</path>
         <kind>archive</kind>
         <file>rts430xl.lib</file>
         <name>sprintf.obj</name>
      </input_file>
      <input_file id="fl-4c">
         <path>C:\ti\ccsv5\tools\compiler\msp430_4.2.1\lib\</path>
         <kind>archive</kind>
         <file>rts430xl.lib</file>
         <name>_lock.obj</name>
      </input_file>
      <input_file id="fl-4d">
         <path>C:\ti\ccsv5\tools\compiler\msp430_4.2.1\lib\</path>
         <kind>archive</kind>
         <file>rts430xl.lib</file>
         <name>_printfi_min.obj</name>
      </input_file>
      <input_file id="fl-4e">
         <path>C:\ti\ccsv5\tools\compiler\msp430_4.2.1\lib\</path>
         <kind>archive</kind>
         <file>rts430xl.lib</file>
         <name>args_main.obj</name>
      </input_file>
      <input_file id="fl-4f">
         <path>C:\ti\ccsv5\tools\compiler\msp430_4.2.1\lib\</path>
         <kind>archive</kind>
         <file>rts430xl.lib</file>
         <name>autoinit.obj</name>
      </input_file>
      <input_file id="fl-50">
         <path>C:\ti\ccsv5\tools\compiler\msp430_4.2.1\lib\</path>
         <kind>archive</kind>
         <file>rts430xl.lib</file>
         <name>div16u.obj</name>
      </input_file>
      <input_file id="fl-51">
         <path>C:\ti\ccsv5\tools\compiler\msp430_4.2.1\lib\</path>
         <kind>archive</kind>
         <file>rts430xl.lib</file>
         <name>memccpy.obj</name>
      </input_file>
      <input_file id="fl-52">
         <path>C:\ti\ccsv5\tools\compiler\msp430_4.2.1\lib\</path>
         <kind>archive</kind>
         <file>rts430xl.lib</file>
         <name>memset.obj</name>
      </input_file>
      <input_file id="fl-53">
         <path>C:\ti\ccsv5\tools\compiler\msp430_4.2.1\lib\</path>
         <kind>archive</kind>
         <file>rts430xl.lib</file>
         <name>mult16_f5hw.obj</name>
      </input_file>
      <input_file id="fl-54">
         <path>C:\ti\ccsv5\tools\compiler\msp430_4.2.1\lib\</path>
         <kind>archive</kind>
         <file>rts430xl.lib</file>
         <name>strlen.obj</name>
      </input_file>
   </input_file_list>
   <object_component_list>
      <object_component id="oc-82">
         <name>.bss</name>
         <uninitialized>true</uninitialized>
         <run_address>0x32f0</run_address>
         <size>0x8</size>
         <input_file_ref idref="fl-2"/>
      </object_component>
      <object_component id="oc-87">
         <name>.bss</name>
         <uninitialized>true</uninitialized>
         <run_address>0x1c00</run_address>
         <size>0x16be</size>
         <input_file_ref idref="fl-3"/>
      </object_component>
      <object_component id="oc-8d">
         <name>.bss</name>
         <uninitialized>true</uninitialized>
         <run_address>0x32be</run_address>
         <size>0x22</size>
         <input_file_ref idref="fl-4"/>
      </object_component>
      <object_component id="oc-96">
         <name>.bss</name>
         <uninitialized>true</uninitialized>
         <run_address>0x32f8</run_address>
         <size>0x6</size>
         <input_file_ref idref="fl-6"/>
      </object_component>
      <object_component id="oc-a8">
         <name>.bss</name>
         <uninitialized>true</uninitialized>
         <run_address>0x32e8</run_address>
         <size>0x8</size>
         <input_file_ref idref="fl-29"/>
      </object_component>
      <object_component id="oc-e1">
         <name>.bss</name>
         <uninitialized>true</uninitialized>
         <run_address>0x32e0</run_address>
         <size>0x8</size>
         <input_file_ref idref="fl-4c"/>
      </object_component>
      <object_component id="oc-aa">
         <name>.stack</name>
         <uninitialized>true</uninitialized>
         <run_address>0x3bb0</run_address>
         <size>0x4</size>
         <input_file_ref idref="fl-29"/>
      </object_component>
      <object_component id="oc-1c1">
         <name>.stack</name>
         <uninitialized>true</uninitialized>
         <run_address>0x3bb0</run_address>
         <size>0x0</size>
      </object_component>
      <object_component id="oc-135">
         <name>.text:chk_mounted</name>
         <load_address>0x4068</load_address>
         <run_address>0x4068</run_address>
         <size>0x786</size>
         <input_file_ref idref="fl-6"/>
      </object_component>
      <object_component id="oc-130">
         <name>.text:f_lseek</name>
         <load_address>0x47ee</load_address>
         <run_address>0x47ee</run_address>
         <size>0x41e</size>
         <input_file_ref idref="fl-6"/>
      </object_component>
      <object_component id="oc-131">
         <name>.text:f_write</name>
         <load_address>0x4c0c</load_address>
         <run_address>0x4c0c</run_address>
         <size>0x402</size>
         <input_file_ref idref="fl-6"/>
      </object_component>
      <object_component id="oc-119">
         <name>.text:init_card</name>
         <load_address>0x500e</load_address>
         <run_address>0x500e</run_address>
         <size>0x3ee</size>
         <input_file_ref idref="fl-2"/>
      </object_component>
      <object_component id="oc-13e">
         <name>.text:f_read</name>
         <load_address>0x53fc</load_address>
         <run_address>0x53fc</run_address>
         <size>0x376</size>
         <input_file_ref idref="fl-6"/>
      </object_component>
      <object_component id="oc-128">
         <name>.text:f_open</name>
         <load_address>0x5772</load_address>
         <run_address>0x5772</run_address>
         <size>0x2d2</size>
         <input_file_ref idref="fl-6"/>
      </object_component>
      <object_component id="oc-155">
         <name>.text:put_fat</name>
         <load_address>0x5a44</load_address>
         <run_address>0x5a44</run_address>
         <size>0x286</size>
         <input_file_ref idref="fl-6"/>
      </object_component>
      <object_component id="oc-151">
         <name>.text:create_name</name>
         <load_address>0x5cca</load_address>
         <run_address>0x5cca</run_address>
         <size>0x26a</size>
         <input_file_ref idref="fl-6"/>
      </object_component>
      <object_component id="oc-157">
         <name>.text:dir_next</name>
         <load_address>0x5f34</load_address>
         <run_address>0x5f34</run_address>
         <size>0x232</size>
         <input_file_ref idref="fl-6"/>
      </object_component>
      <object_component id="oc-15e">
         <name>.text:read_multibuffer</name>
         <load_address>0x6166</load_address>
         <run_address>0x6166</run_address>
         <size>0x20a</size>
         <input_file_ref idref="fl-2"/>
      </object_component>
      <object_component id="oc-15d">
         <name>.text:write_multibuffer</name>
         <load_address>0x6370</load_address>
         <run_address>0x6370</run_address>
         <size>0x1f6</size>
         <input_file_ref idref="fl-2"/>
      </object_component>
      <object_component id="oc-148">
         <name>.text:create_chain</name>
         <load_address>0x6566</load_address>
         <run_address>0x6566</run_address>
         <size>0x1f2</size>
         <input_file_ref idref="fl-6"/>
      </object_component>
      <object_component id="oc-149">
         <name>.text:get_fat</name>
         <load_address>0x6758</load_address>
         <run_address>0x6758</run_address>
         <size>0x1ca</size>
         <input_file_ref idref="fl-6"/>
      </object_component>
      <object_component id="oc-158">
         <name>.text:disk_ioctl</name>
         <load_address>0x6922</load_address>
         <run_address>0x6922</run_address>
         <size>0x1b2</size>
         <input_file_ref idref="fl-7"/>
      </object_component>
      <object_component id="oc-140">
         <name>.text:dir_sdi</name>
         <load_address>0x6ad4</load_address>
         <run_address>0x6ad4</run_address>
         <size>0x1a0</size>
         <input_file_ref idref="fl-6"/>
      </object_component>
      <object_component id="oc-11b">
         <name>.text:index_file</name>
         <load_address>0x6c74</load_address>
         <run_address>0x6c74</run_address>
         <size>0x18c</size>
         <input_file_ref idref="fl-3"/>
      </object_component>
      <object_component id="oc-143">
         <name>.text:sync_fs</name>
         <load_address>0x6e00</load_address>
         <run_address>0x6e00</run_address>
         <size>0x182</size>
         <input_file_ref idref="fl-6"/>
      </object_component>
      <object_component id="oc-15b">
         <name>.text:_setfield</name>
         <load_address>0x6f82</load_address>
         <run_address>0x6f82</run_address>
         <size>0x180</size>
         <input_file_ref idref="fl-4d"/>
      </object_component>
      <object_component id="oc-13d">
         <name>.text:f_sync</name>
         <load_address>0x7102</load_address>
         <run_address>0x7102</run_address>
         <size>0x16c</size>
         <input_file_ref idref="fl-6"/>
      </object_component>
      <object_component id="oc-12b">
         <name>.text:f_unlink</name>
         <load_address>0x726e</load_address>
         <run_address>0x726e</run_address>
         <size>0x158</size>
         <input_file_ref idref="fl-6"/>
      </object_component>
      <object_component id="oc-10f">
         <name>.text:initTurbine</name>
         <load_address>0x73c6</load_address>
         <run_address>0x73c6</run_address>
         <size>0x132</size>
         <input_file_ref idref="fl-3"/>
      </object_component>
      <object_component id="oc-112">
         <name>.text:ta3ccTurbine</name>
         <load_address>0x74f8</load_address>
         <run_address>0x74f8</run_address>
         <size>0x116</size>
         <input_file_ref idref="fl-3"/>
      </object_component>
      <object_component id="oc-10b">
         <name>.text:main</name>
         <load_address>0x760e</load_address>
         <run_address>0x760e</run_address>
         <size>0xfe</size>
         <input_file_ref idref="fl-4"/>
      </object_component>
      <object_component id="oc-13b">
         <name>.text:remove_chain</name>
         <load_address>0x770c</load_address>
         <run_address>0x770c</run_address>
         <size>0xf6</size>
         <input_file_ref idref="fl-6"/>
      </object_component>
      <object_component id="oc-136">
         <name>.text:follow_path</name>
         <load_address>0x7802</load_address>
         <run_address>0x7802</run_address>
         <size>0xf4</size>
         <input_file_ref idref="fl-6"/>
      </object_component>
      <object_component id="oc-150">
         <name>.text:check_fs</name>
         <load_address>0x78f6</load_address>
         <run_address>0x78f6</run_address>
         <size>0xf0</size>
         <input_file_ref idref="fl-6"/>
      </object_component>
      <object_component id="oc-10d">
         <name>.text:turnOff</name>
         <load_address>0x79e6</load_address>
         <run_address>0x79e6</run_address>
         <size>0xf0</size>
         <input_file_ref idref="fl-4"/>
      </object_component>
      <object_component id="oc-156">
         <name>.text:sync_window</name>
         <load_address>0x7ad6</load_address>
         <run_address>0x7ad6</run_address>
         <size>0xe2</size>
         <input_file_ref idref="fl-6"/>
      </object_component>
      <object_component id="oc-146">
         <name>.text:__TI_printfi_minimal</name>
         <load_address>0x7bb8</load_address>
         <run_address>0x7bb8</run_address>
         <size>0xd6</size>
         <input_file_ref idref="fl-4d"/>
      </object_component>
      <object_component id="oc-141">
         <name>.text:dir_read</name>
         <load_address>0x7c8e</load_address>
         <run_address>0x7c8e</run_address>
         <size>0xc8</size>
         <input_file_ref idref="fl-6"/>
      </object_component>
      <object_component id="oc-11f">
         <name>.text:write_my_charfile</name>
         <load_address>0x7d56</load_address>
         <run_address>0x7d56</run_address>
         <size>0xbe</size>
         <input_file_ref idref="fl-3"/>
      </object_component>
      <object_component id="oc-125">
         <name>.text:write_cmd</name>
         <load_address>0x7e14</load_address>
         <run_address>0x7e14</run_address>
         <size>0xa8</size>
         <input_file_ref idref="fl-2"/>
      </object_component>
      <object_component id="oc-152">
         <name>.text:dir_find</name>
         <load_address>0x7ebc</load_address>
         <run_address>0x7ebc</run_address>
         <size>0x9c</size>
         <input_file_ref idref="fl-6"/>
      </object_component>
      <object_component id="oc-12a">
         <name>.text:read_my_charfile</name>
         <load_address>0x7f58</load_address>
         <run_address>0x7f58</run_address>
         <size>0x96</size>
         <input_file_ref idref="fl-3"/>
      </object_component>
      <object_component id="oc-153">
         <name>.text:dir_alloc</name>
         <load_address>0x7fee</load_address>
         <run_address>0x7fee</run_address>
         <size>0x8e</size>
         <input_file_ref idref="fl-6"/>
      </object_component>
      <object_component id="oc-12e">
         <name>.text:sendbyte</name>
         <load_address>0x807c</load_address>
         <run_address>0x807c</run_address>
         <size>0x8c</size>
         <input_file_ref idref="fl-5"/>
      </object_component>
      <object_component id="oc-115">
         <name>.text:setClocks</name>
         <load_address>0x8108</load_address>
         <run_address>0x8108</run_address>
         <size>0x8a</size>
         <input_file_ref idref="fl-8"/>
      </object_component>
      <object_component id="oc-137">
         <name>.text:dir_register</name>
         <load_address>0x8192</load_address>
         <run_address>0x8192</run_address>
         <size>0x7a</size>
         <input_file_ref idref="fl-6"/>
      </object_component>
      <object_component id="oc-116">
         <name>.text:setupBT2</name>
         <load_address>0x820c</load_address>
         <run_address>0x820c</run_address>
         <size>0x7a</size>
         <input_file_ref idref="fl-8"/>
      </object_component>
      <object_component id="oc-13c">
         <name>.text:move_window</name>
         <load_address>0x8286</load_address>
         <run_address>0x8286</run_address>
         <size>0x74</size>
         <input_file_ref idref="fl-6"/>
      </object_component>
      <object_component id="oc-121">
         <name>.text:write16</name>
         <load_address>0x82fa</load_address>
         <run_address>0x82fa</run_address>
         <size>0x6e</size>
         <input_file_ref idref="fl-2"/>
      </object_component>
      <object_component id="oc-164">
         <name>.text:write16_DMABlock</name>
         <load_address>0x8368</load_address>
         <run_address>0x8368</run_address>
         <size>0x6a</size>
         <input_file_ref idref="fl-2"/>
      </object_component>
      <object_component id="oc-14d">
         <name>.text:disk_read</name>
         <load_address>0x83d2</load_address>
         <run_address>0x83d2</run_address>
         <size>0x68</size>
         <input_file_ref idref="fl-7"/>
      </object_component>
      <object_component id="oc-14c">
         <name>.text:disk_write</name>
         <load_address>0x843a</load_address>
         <run_address>0x843a</run_address>
         <size>0x68</size>
         <input_file_ref idref="fl-7"/>
      </object_component>
      <object_component id="oc-147">
         <name>.text:validate</name>
         <load_address>0x84a2</load_address>
         <run_address>0x84a2</run_address>
         <size>0x68</size>
         <input_file_ref idref="fl-6"/>
      </object_component>
      <object_component id="oc-14a">
         <name>.text:clust2sect</name>
         <load_address>0x850a</load_address>
         <run_address>0x850a</run_address>
         <size>0x64</size>
         <input_file_ref idref="fl-6"/>
      </object_component>
      <object_component id="oc-142">
         <name>.text:dir_remove</name>
         <load_address>0x856e</load_address>
         <run_address>0x856e</run_address>
         <size>0x64</size>
         <input_file_ref idref="fl-6"/>
      </object_component>
      <object_component id="oc-139">
         <name>.text:ld_clust</name>
         <load_address>0x85d2</load_address>
         <run_address>0x85d2</run_address>
         <size>0x62</size>
         <input_file_ref idref="fl-6"/>
      </object_component>
      <object_component id="oc-160">
         <name>.text:mem_cmp</name>
         <load_address>0x8634</load_address>
         <run_address>0x8634</run_address>
         <size>0x62</size>
         <input_file_ref idref="fl-6"/>
      </object_component>
      <object_component id="oc-13f">
         <name>.text:mem_cpy</name>
         <load_address>0x8696</load_address>
         <run_address>0x8696</run_address>
         <size>0x5e</size>
         <input_file_ref idref="fl-6"/>
      </object_component>
      <object_component id="oc-110">
         <name>.text:runTurbine</name>
         <load_address>0x86f4</load_address>
         <run_address>0x86f4</run_address>
         <size>0x5a</size>
         <input_file_ref idref="fl-3"/>
      </object_component>
      <object_component id="oc-134">
         <name>.text:set_address</name>
         <load_address>0x874e</load_address>
         <run_address>0x874e</run_address>
         <size>0x5a</size>
         <input_file_ref idref="fl-2"/>
      </object_component>
      <object_component id="oc-166">
         <name>.text:_ltostr</name>
         <load_address>0x87a8</load_address>
         <run_address>0x87a8</run_address>
         <size>0x58</size>
         <input_file_ref idref="fl-4d"/>
      </object_component>
      <object_component id="oc-11a">
         <name>.text:f_mount</name>
         <load_address>0x8800</load_address>
         <run_address>0x8800</run_address>
         <size>0x58</size>
         <input_file_ref idref="fl-6"/>
      </object_component>
      <object_component id="oc-bb">
         <name>.text</name>
         <load_address>0x8858</load_address>
         <run_address>0x8858</run_address>
         <size>0x58</size>
         <input_file_ref idref="fl-2d"/>
      </object_component>
      <object_component id="oc-132">
         <name>.text:receivebyte</name>
         <load_address>0x88b0</load_address>
         <run_address>0x88b0</run_address>
         <size>0x56</size>
         <input_file_ref idref="fl-5"/>
      </object_component>
      <object_component id="oc-123">
         <name>.text:change_sdclk</name>
         <load_address>0x8906</load_address>
         <run_address>0x8906</run_address>
         <size>0x54</size>
         <input_file_ref idref="fl-2"/>
      </object_component>
      <object_component id="oc-154">
         <name>.text:mem_set</name>
         <load_address>0x895a</load_address>
         <run_address>0x895a</run_address>
         <size>0x4e</size>
         <input_file_ref idref="fl-6"/>
      </object_component>
      <object_component id="oc-162">
         <name>.text:_pproc_diouxp</name>
         <load_address>0x89a8</load_address>
         <run_address>0x89a8</run_address>
         <size>0x4c</size>
         <input_file_ref idref="fl-4d"/>
      </object_component>
      <object_component id="oc-120">
         <name>.text:I2Cbyte_read</name>
         <load_address>0x89f4</load_address>
         <run_address>0x89f4</run_address>
         <size>0x48</size>
         <input_file_ref idref="fl-5"/>
      </object_component>
      <object_component id="oc-15c">
         <name>.text:_pproc_str</name>
         <load_address>0x8a3c</load_address>
         <run_address>0x8a3c</run_address>
         <size>0x48</size>
         <input_file_ref idref="fl-4d"/>
      </object_component>
      <object_component id="oc-13a">
         <name>.text:st_clust</name>
         <load_address>0x8a84</load_address>
         <run_address>0x8a84</run_address>
         <size>0x48</size>
         <input_file_ref idref="fl-6"/>
      </object_component>
      <object_component id="oc-124">
         <name>.text:read16</name>
         <load_address>0x8acc</load_address>
         <run_address>0x8acc</run_address>
         <size>0x44</size>
         <input_file_ref idref="fl-2"/>
      </object_component>
      <object_component id="oc-114">
         <name>.text:sleep</name>
         <load_address>0x8b10</load_address>
         <run_address>0x8b10</run_address>
         <size>0x44</size>
         <input_file_ref idref="fl-2"/>
      </object_component>
      <object_component id="oc-12c">
         <name>.text:sprintf</name>
         <load_address>0x8b54</load_address>
         <run_address>0x8b54</run_address>
         <size>0x44</size>
         <input_file_ref idref="fl-4b"/>
      </object_component>
      <object_component id="oc-113">
         <name>.text:save_file</name>
         <load_address>0x8b98</load_address>
         <run_address>0x8b98</run_address>
         <size>0x42</size>
         <input_file_ref idref="fl-3"/>
      </object_component>
      <object_component id="oc-165">
         <name>.text:_getarg_diouxp</name>
         <load_address>0x8bda</load_address>
         <run_address>0x8bda</run_address>
         <size>0x3e</size>
         <input_file_ref idref="fl-4d"/>
      </object_component>
      <object_component id="oc-126">
         <name>.text:l_lsl_const</name>
         <load_address>0x8c18</load_address>
         <run_address>0x8c18</run_address>
         <size>0x3e</size>
         <input_file_ref idref="fl-46"/>
      </object_component>
      <object_component id="oc-14b">
         <name>.text:l_lsr_const</name>
         <load_address>0x8c56</load_address>
         <run_address>0x8c56</run_address>
         <size>0x3e</size>
         <input_file_ref idref="fl-47"/>
      </object_component>
      <object_component id="oc-15f">
         <name>.text:chk_chr</name>
         <load_address>0x8c94</load_address>
         <run_address>0x8c94</run_address>
         <size>0x36</size>
         <input_file_ref idref="fl-6"/>
      </object_component>
      <object_component id="oc-11c">
         <name>.text:I2Cbyte_write</name>
         <load_address>0x8cca</load_address>
         <run_address>0x8cca</run_address>
         <size>0x34</size>
         <input_file_ref idref="fl-5"/>
      </object_component>
      <object_component id="oc-12d">
         <name>.text:start</name>
         <load_address>0x8cfe</load_address>
         <run_address>0x8cfe</run_address>
         <size>0x32</size>
         <input_file_ref idref="fl-5"/>
      </object_component>
      <object_component id="oc-118">
         <name>.text:stop</name>
         <load_address>0x8d30</load_address>
         <run_address>0x8d30</run_address>
         <size>0x32</size>
         <input_file_ref idref="fl-5"/>
      </object_component>
      <object_component id="oc-129">
         <name>.text:f_close</name>
         <load_address>0x8d62</load_address>
         <run_address>0x8d62</run_address>
         <size>0x2e</size>
         <input_file_ref idref="fl-6"/>
      </object_component>
      <object_component id="oc-133">
         <name>.text:ACK</name>
         <load_address>0x8d90</load_address>
         <run_address>0x8d90</run_address>
         <size>0x2a</size>
         <input_file_ref idref="fl-5"/>
      </object_component>
      <object_component id="oc-159">
         <name>.text:memcpy</name>
         <load_address>0x8dba</load_address>
         <run_address>0x8dba</run_address>
         <size>0x2a</size>
         <input_file_ref idref="fl-48"/>
      </object_component>
      <object_component id="oc-144">
         <name>.text:_outs</name>
         <load_address>0x8de4</load_address>
         <run_address>0x8de4</run_address>
         <size>0x28</size>
         <input_file_ref idref="fl-4b"/>
      </object_component>
      <object_component id="oc-d5">
         <name>.text</name>
         <load_address>0x8e0c</load_address>
         <run_address>0x8e0c</run_address>
         <size>0x22</size>
         <input_file_ref idref="fl-49"/>
      </object_component>
      <object_component id="oc-11d">
         <name>.text:turbine_setupTA3</name>
         <load_address>0x8e2e</load_address>
         <run_address>0x8e2e</run_address>
         <size>0x22</size>
         <input_file_ref idref="fl-3"/>
      </object_component>
      <object_component id="oc-122">
         <name>.text:wait</name>
         <load_address>0x8e50</load_address>
         <run_address>0x8e50</run_address>
         <size>0x22</size>
         <input_file_ref idref="fl-2"/>
      </object_component>
      <object_component id="oc-163">
         <name>.text:memccpy</name>
         <load_address>0x8e72</load_address>
         <run_address>0x8e72</run_address>
         <size>0x20</size>
         <input_file_ref idref="fl-51"/>
      </object_component>
      <object_component id="oc-161">
         <name>.text:memset</name>
         <load_address>0x8e92</load_address>
         <run_address>0x8e92</run_address>
         <size>0x20</size>
         <input_file_ref idref="fl-52"/>
      </object_component>
      <object_component id="oc-167">
         <name>.text:_div</name>
         <load_address>0x8eb2</load_address>
         <run_address>0x8eb2</run_address>
         <size>0x1a</size>
         <input_file_ref idref="fl-4d"/>
      </object_component>
      <object_component id="oc-14f">
         <name>.text:disk_initialize</name>
         <load_address>0x8ecc</load_address>
         <run_address>0x8ecc</run_address>
         <size>0x16</size>
         <input_file_ref idref="fl-7"/>
      </object_component>
      <object_component id="oc-f3">
         <name>.text</name>
         <load_address>0x8ee2</load_address>
         <run_address>0x8ee2</run_address>
         <size>0x16</size>
         <input_file_ref idref="fl-50"/>
      </object_component>
      <object_component id="oc-ff">
         <name>.text</name>
         <load_address>0x8ef8</load_address>
         <run_address>0x8ef8</run_address>
         <size>0x16</size>
         <input_file_ref idref="fl-53"/>
      </object_component>
      <object_component id="oc-145">
         <name>.text:_outc</name>
         <load_address>0x8f0e</load_address>
         <run_address>0x8f0e</run_address>
         <size>0x14</size>
         <input_file_ref idref="fl-4b"/>
      </object_component>
      <object_component id="oc-117">
         <name>.text:sccb_init</name>
         <load_address>0x8f22</load_address>
         <run_address>0x8f22</run_address>
         <size>0x14</size>
         <input_file_ref idref="fl-5"/>
      </object_component>
      <object_component id="oc-15a">
         <name>.text:strlen</name>
         <load_address>0x8f36</load_address>
         <run_address>0x8f36</run_address>
         <size>0x12</size>
         <input_file_ref idref="fl-54"/>
      </object_component>
      <object_component id="oc-12f">
         <name>.text:die</name>
         <load_address>0x8f48</load_address>
         <run_address>0x8f48</run_address>
         <size>0x10</size>
         <input_file_ref idref="fl-3"/>
      </object_component>
      <object_component id="oc-127">
         <name>.text:l_lsl</name>
         <load_address>0x8f58</load_address>
         <run_address>0x8f58</run_address>
         <size>0x10</size>
         <input_file_ref idref="fl-46"/>
      </object_component>
      <object_component id="oc-14e">
         <name>.text:disk_status</name>
         <load_address>0x8f68</load_address>
         <run_address>0x8f68</run_address>
         <size>0xc</size>
         <input_file_ref idref="fl-7"/>
      </object_component>
      <object_component id="oc-a4">
         <name>.text</name>
         <load_address>0x8f74</load_address>
         <run_address>0x8f74</run_address>
         <size>0xa</size>
         <input_file_ref idref="fl-28"/>
      </object_component>
      <object_component id="oc-c7">
         <name>.text</name>
         <load_address>0x8f7e</load_address>
         <run_address>0x8f7e</run_address>
         <size>0xa</size>
         <input_file_ref idref="fl-45"/>
      </object_component>
      <object_component id="oc-111">
         <name>.text:stopTurbine</name>
         <load_address>0x8f88</load_address>
         <run_address>0x8f88</run_address>
         <size>0xa</size>
         <input_file_ref idref="fl-3"/>
      </object_component>
      <object_component id="oc-11e">
         <name>.text:turbine_startTA3</name>
         <load_address>0x8f92</load_address>
         <run_address>0x8f92</run_address>
         <size>0x8</size>
         <input_file_ref idref="fl-3"/>
      </object_component>
      <object_component id="oc-c3">
         <name>.text:__TI_ISR_TRAP</name>
         <load_address>0x8f9a</load_address>
         <run_address>0x8f9a</run_address>
         <size>0x6</size>
         <input_file_ref idref="fl-44"/>
      </object_component>
      <object_component id="oc-138">
         <name>.text:get_fattime</name>
         <load_address>0x8fa0</load_address>
         <run_address>0x8fa0</run_address>
         <size>0x6</size>
         <input_file_ref idref="fl-7"/>
      </object_component>
      <object_component id="oc-10a">
         <name>.text:_system_pre_init</name>
         <load_address>0x8fa6</load_address>
         <run_address>0x8fa6</run_address>
         <size>0x4</size>
         <input_file_ref idref="fl-4a"/>
      </object_component>
      <object_component id="oc-10c">
         <name>.text:abort</name>
         <load_address>0x8faa</load_address>
         <run_address>0x8faa</run_address>
         <size>0x4</size>
         <input_file_ref idref="fl-2e"/>
      </object_component>
      <object_component id="oc-109">
         <name>.text:_nop</name>
         <load_address>0x8fae</load_address>
         <run_address>0x8fae</run_address>
         <size>0x2</size>
         <input_file_ref idref="fl-4c"/>
      </object_component>
      <object_component id="oc-10e">
         <name>.text:no_operation_func</name>
         <load_address>0x8fb0</load_address>
         <run_address>0x8fb0</run_address>
         <size>0x2</size>
         <input_file_ref idref="fl-4"/>
      </object_component>
      <object_component id="oc-108">
         <name>.text:_isr:Port_2</name>
         <load_address>0x4000</load_address>
         <run_address>0x4000</run_address>
         <size>0x38</size>
         <input_file_ref idref="fl-4"/>
      </object_component>
      <object_component id="oc-74">
         <name>.text:_isr:_c_int00_noinit_noexit</name>
         <load_address>0x4038</load_address>
         <run_address>0x4038</run_address>
         <size>0x22</size>
         <input_file_ref idref="fl-29"/>
      </object_component>
      <object_component id="oc-107">
         <name>.text:_isr:TA3_CC0_ISR</name>
         <load_address>0x405a</load_address>
         <run_address>0x405a</run_address>
         <size>0xe</size>
         <input_file_ref idref="fl-4"/>
      </object_component>
      <object_component id="oc-89">
         <name>.const:.string</name>
         <load_address>0x8fb2</load_address>
         <run_address>0x8fb2</run_address>
         <size>0x18</size>
         <input_file_ref idref="fl-3"/>
      </object_component>
      <object_component id="oc-e7">
         <name>.const:.string</name>
         <load_address>0x8fca</load_address>
         <run_address>0x8fca</run_address>
         <size>0x14</size>
         <input_file_ref idref="fl-4d"/>
      </object_component>
      <object_component id="oc-98">
         <name>.const:.string</name>
         <load_address>0x8fde</load_address>
         <run_address>0x8fde</run_address>
         <size>0x10</size>
         <input_file_ref idref="fl-6"/>
      </object_component>
      <object_component id="oc-6a">
         <name>.int40</name>
         <load_address>0xffd0</load_address>
         <run_address>0xffd0</run_address>
         <size>0x2</size>
         <input_file_ref idref="fl-2f"/>
      </object_component>
      <object_component id="oc-6b">
         <name>.int41</name>
         <load_address>0xffd2</load_address>
         <run_address>0xffd2</run_address>
         <size>0x2</size>
         <input_file_ref idref="fl-30"/>
      </object_component>
      <object_component id="oc-6c">
         <name>.int42</name>
         <load_address>0xffd4</load_address>
         <run_address>0xffd4</run_address>
         <size>0x2</size>
         <input_file_ref idref="fl-31"/>
      </object_component>
      <object_component id="oc-6d">
         <name>.int43</name>
         <load_address>0xffd6</load_address>
         <run_address>0xffd6</run_address>
         <size>0x2</size>
         <input_file_ref idref="fl-4"/>
      </object_component>
      <object_component id="oc-6e">
         <name>.int44</name>
         <load_address>0xffd8</load_address>
         <run_address>0xffd8</run_address>
         <size>0x2</size>
         <input_file_ref idref="fl-4"/>
      </object_component>
      <object_component id="oc-6f">
         <name>.int45</name>
         <load_address>0xffda</load_address>
         <run_address>0xffda</run_address>
         <size>0x2</size>
         <input_file_ref idref="fl-32"/>
      </object_component>
      <object_component id="oc-70">
         <name>.int46</name>
         <load_address>0xffdc</load_address>
         <run_address>0xffdc</run_address>
         <size>0x2</size>
         <input_file_ref idref="fl-33"/>
      </object_component>
      <object_component id="oc-71">
         <name>.int47</name>
         <load_address>0xffde</load_address>
         <run_address>0xffde</run_address>
         <size>0x2</size>
         <input_file_ref idref="fl-34"/>
      </object_component>
      <object_component id="oc-72">
         <name>.int48</name>
         <load_address>0xffe0</load_address>
         <run_address>0xffe0</run_address>
         <size>0x2</size>
         <input_file_ref idref="fl-35"/>
      </object_component>
      <object_component id="oc-73">
         <name>.int49</name>
         <load_address>0xffe2</load_address>
         <run_address>0xffe2</run_address>
         <size>0x2</size>
         <input_file_ref idref="fl-36"/>
      </object_component>
      <object_component id="oc-75">
         <name>.int50</name>
         <load_address>0xffe4</load_address>
         <run_address>0xffe4</run_address>
         <size>0x2</size>
         <input_file_ref idref="fl-37"/>
      </object_component>
      <object_component id="oc-76">
         <name>.int51</name>
         <load_address>0xffe6</load_address>
         <run_address>0xffe6</run_address>
         <size>0x2</size>
         <input_file_ref idref="fl-38"/>
      </object_component>
      <object_component id="oc-77">
         <name>.int52</name>
         <load_address>0xffe8</load_address>
         <run_address>0xffe8</run_address>
         <size>0x2</size>
         <input_file_ref idref="fl-39"/>
      </object_component>
      <object_component id="oc-78">
         <name>.int53</name>
         <load_address>0xffea</load_address>
         <run_address>0xffea</run_address>
         <size>0x2</size>
         <input_file_ref idref="fl-3a"/>
      </object_component>
      <object_component id="oc-79">
         <name>.int54</name>
         <load_address>0xffec</load_address>
         <run_address>0xffec</run_address>
         <size>0x2</size>
         <input_file_ref idref="fl-3b"/>
      </object_component>
      <object_component id="oc-7a">
         <name>.int55</name>
         <load_address>0xffee</load_address>
         <run_address>0xffee</run_address>
         <size>0x2</size>
         <input_file_ref idref="fl-3c"/>
      </object_component>
      <object_component id="oc-7b">
         <name>.int56</name>
         <load_address>0xfff0</load_address>
         <run_address>0xfff0</run_address>
         <size>0x2</size>
         <input_file_ref idref="fl-3d"/>
      </object_component>
      <object_component id="oc-7c">
         <name>.int57</name>
         <load_address>0xfff2</load_address>
         <run_address>0xfff2</run_address>
         <size>0x2</size>
         <input_file_ref idref="fl-3e"/>
      </object_component>
      <object_component id="oc-7d">
         <name>.int58</name>
         <load_address>0xfff4</load_address>
         <run_address>0xfff4</run_address>
         <size>0x2</size>
         <input_file_ref idref="fl-3f"/>
      </object_component>
      <object_component id="oc-7e">
         <name>.int59</name>
         <load_address>0xfff6</load_address>
         <run_address>0xfff6</run_address>
         <size>0x2</size>
         <input_file_ref idref="fl-40"/>
      </object_component>
      <object_component id="oc-7f">
         <name>.int60</name>
         <load_address>0xfff8</load_address>
         <run_address>0xfff8</run_address>
         <size>0x2</size>
         <input_file_ref idref="fl-41"/>
      </object_component>
      <object_component id="oc-80">
         <name>.int61</name>
         <load_address>0xfffa</load_address>
         <run_address>0xfffa</run_address>
         <size>0x2</size>
         <input_file_ref idref="fl-42"/>
      </object_component>
      <object_component id="oc-81">
         <name>.int62</name>
         <load_address>0xfffc</load_address>
         <run_address>0xfffc</run_address>
         <size>0x2</size>
         <input_file_ref idref="fl-43"/>
      </object_component>
      <object_component id="oc-ab">
         <name>.reset</name>
         <load_address>0xfffe</load_address>
         <run_address>0xfffe</run_address>
         <size>0x2</size>
         <input_file_ref idref="fl-29"/>
      </object_component>
      <object_component id="oc-83">
         <name>.debug_info</name>
         <load_address>0x0</load_address>
         <run_address>0x0</run_address>
         <size>0x132d</size>
         <input_file_ref idref="fl-2"/>
      </object_component>
      <object_component id="oc-88">
         <name>.debug_info</name>
         <load_address>0x132d</load_address>
         <run_address>0x132d</run_address>
         <size>0x17f4</size>
         <input_file_ref idref="fl-3"/>
      </object_component>
      <object_component id="oc-8e">
         <name>.debug_info</name>
         <load_address>0x2b21</load_address>
         <run_address>0x2b21</run_address>
         <size>0xa06</size>
         <input_file_ref idref="fl-4"/>
      </object_component>
      <object_component id="oc-92">
         <name>.debug_info</name>
         <load_address>0x3527</load_address>
         <run_address>0x3527</run_address>
         <size>0x71b</size>
         <input_file_ref idref="fl-5"/>
      </object_component>
      <object_component id="oc-97">
         <name>.debug_info</name>
         <load_address>0x3c42</load_address>
         <run_address>0x3c42</run_address>
         <size>0x28c3</size>
         <input_file_ref idref="fl-6"/>
      </object_component>
      <object_component id="oc-9c">
         <name>.debug_info</name>
         <load_address>0x6505</load_address>
         <run_address>0x6505</run_address>
         <size>0x8cf</size>
         <input_file_ref idref="fl-7"/>
      </object_component>
      <object_component id="oc-a0">
         <name>.debug_info</name>
         <load_address>0x6dd4</load_address>
         <run_address>0x6dd4</run_address>
         <size>0x5fd</size>
         <input_file_ref idref="fl-8"/>
      </object_component>
      <object_component id="oc-a5">
         <name>.debug_info</name>
         <load_address>0x73d1</load_address>
         <run_address>0x73d1</run_address>
         <size>0xc7</size>
         <input_file_ref idref="fl-28"/>
      </object_component>
      <object_component id="oc-a9">
         <name>.debug_info</name>
         <load_address>0x7498</load_address>
         <run_address>0x7498</run_address>
         <size>0x45d</size>
         <input_file_ref idref="fl-29"/>
      </object_component>
      <object_component id="oc-af">
         <name>.debug_info</name>
         <load_address>0x78f5</load_address>
         <run_address>0x78f5</run_address>
         <size>0x27b</size>
         <input_file_ref idref="fl-2a"/>
      </object_component>
      <object_component id="oc-b3">
         <name>.debug_info</name>
         <load_address>0x7b70</load_address>
         <run_address>0x7b70</run_address>
         <size>0x234</size>
         <input_file_ref idref="fl-2b"/>
      </object_component>
      <object_component id="oc-b7">
         <name>.debug_info</name>
         <load_address>0x7da4</load_address>
         <run_address>0x7da4</run_address>
         <size>0x238</size>
         <input_file_ref idref="fl-2c"/>
      </object_component>
      <object_component id="oc-bc">
         <name>.debug_info</name>
         <load_address>0x7fdc</load_address>
         <run_address>0x7fdc</run_address>
         <size>0xcc</size>
         <input_file_ref idref="fl-2d"/>
      </object_component>
      <object_component id="oc-bf">
         <name>.debug_info</name>
         <load_address>0x80a8</load_address>
         <run_address>0x80a8</run_address>
         <size>0x2a6</size>
         <input_file_ref idref="fl-2e"/>
      </object_component>
      <object_component id="oc-c4">
         <name>.debug_info</name>
         <load_address>0x834e</load_address>
         <run_address>0x834e</run_address>
         <size>0xca</size>
         <input_file_ref idref="fl-44"/>
      </object_component>
      <object_component id="oc-c8">
         <name>.debug_info</name>
         <load_address>0x8418</load_address>
         <run_address>0x8418</run_address>
         <size>0xc7</size>
         <input_file_ref idref="fl-45"/>
      </object_component>
      <object_component id="oc-cb">
         <name>.debug_info</name>
         <load_address>0x84df</load_address>
         <run_address>0x84df</run_address>
         <size>0xf9</size>
         <input_file_ref idref="fl-46"/>
      </object_component>
      <object_component id="oc-ce">
         <name>.debug_info</name>
         <load_address>0x85d8</load_address>
         <run_address>0x85d8</run_address>
         <size>0xcd</size>
         <input_file_ref idref="fl-47"/>
      </object_component>
      <object_component id="oc-d1">
         <name>.debug_info</name>
         <load_address>0x86a5</load_address>
         <run_address>0x86a5</run_address>
         <size>0x2e8</size>
         <input_file_ref idref="fl-48"/>
      </object_component>
      <object_component id="oc-d6">
         <name>.debug_info</name>
         <load_address>0x898d</load_address>
         <run_address>0x898d</run_address>
         <size>0xd9</size>
         <input_file_ref idref="fl-49"/>
      </object_component>
      <object_component id="oc-d9">
         <name>.debug_info</name>
         <load_address>0x8a66</load_address>
         <run_address>0x8a66</run_address>
         <size>0x233</size>
         <input_file_ref idref="fl-4a"/>
      </object_component>
      <object_component id="oc-dd">
         <name>.debug_info</name>
         <load_address>0x8c99</load_address>
         <run_address>0x8c99</run_address>
         <size>0x4c4</size>
         <input_file_ref idref="fl-4b"/>
      </object_component>
      <object_component id="oc-e2">
         <name>.debug_info</name>
         <load_address>0x915d</load_address>
         <run_address>0x915d</run_address>
         <size>0x254</size>
         <input_file_ref idref="fl-4c"/>
      </object_component>
      <object_component id="oc-e6">
         <name>.debug_info</name>
         <load_address>0x93b1</load_address>
         <run_address>0x93b1</run_address>
         <size>0xbf7</size>
         <input_file_ref idref="fl-4d"/>
      </object_component>
      <object_component id="oc-eb">
         <name>.debug_info</name>
         <load_address>0x9fa8</load_address>
         <run_address>0x9fa8</run_address>
         <size>0x283</size>
         <input_file_ref idref="fl-4e"/>
      </object_component>
      <object_component id="oc-ef">
         <name>.debug_info</name>
         <load_address>0xa22b</load_address>
         <run_address>0xa22b</run_address>
         <size>0x2b3</size>
         <input_file_ref idref="fl-4f"/>
      </object_component>
      <object_component id="oc-f4">
         <name>.debug_info</name>
         <load_address>0xa4de</load_address>
         <run_address>0xa4de</run_address>
         <size>0xca</size>
         <input_file_ref idref="fl-50"/>
      </object_component>
      <object_component id="oc-f7">
         <name>.debug_info</name>
         <load_address>0xa5a8</load_address>
         <run_address>0xa5a8</run_address>
         <size>0x2b6</size>
         <input_file_ref idref="fl-51"/>
      </object_component>
      <object_component id="oc-fb">
         <name>.debug_info</name>
         <load_address>0xa85e</load_address>
         <run_address>0xa85e</run_address>
         <size>0x315</size>
         <input_file_ref idref="fl-52"/>
      </object_component>
      <object_component id="oc-100">
         <name>.debug_info</name>
         <load_address>0xab73</load_address>
         <run_address>0xab73</run_address>
         <size>0xd9</size>
         <input_file_ref idref="fl-53"/>
      </object_component>
      <object_component id="oc-103">
         <name>.debug_info</name>
         <load_address>0xac4c</load_address>
         <run_address>0xac4c</run_address>
         <size>0x2df</size>
         <input_file_ref idref="fl-54"/>
      </object_component>
      <object_component id="oc-1c3">
         <name>.debug_info</name>
         <load_address>0xaf2b</load_address>
         <run_address>0xaf2b</run_address>
         <size>0x6a</size>
      </object_component>
      <object_component id="oc-84">
         <name>.debug_frame</name>
         <load_address>0x0</load_address>
         <run_address>0x0</run_address>
         <size>0x15b</size>
         <input_file_ref idref="fl-2"/>
      </object_component>
      <object_component id="oc-8a">
         <name>.debug_frame</name>
         <load_address>0x15b</load_address>
         <run_address>0x15b</run_address>
         <size>0x142</size>
         <input_file_ref idref="fl-3"/>
      </object_component>
      <object_component id="oc-8f">
         <name>.debug_frame</name>
         <load_address>0x29d</load_address>
         <run_address>0x29d</run_address>
         <size>0xc7</size>
         <input_file_ref idref="fl-4"/>
      </object_component>
      <object_component id="oc-93">
         <name>.debug_frame</name>
         <load_address>0x364</load_address>
         <run_address>0x364</run_address>
         <size>0xf3</size>
         <input_file_ref idref="fl-5"/>
      </object_component>
      <object_component id="oc-99">
         <name>.debug_frame</name>
         <load_address>0x457</load_address>
         <run_address>0x457</run_address>
         <size>0x3f1</size>
         <input_file_ref idref="fl-6"/>
      </object_component>
      <object_component id="oc-9d">
         <name>.debug_frame</name>
         <load_address>0x848</load_address>
         <run_address>0x848</run_address>
         <size>0xcf</size>
         <input_file_ref idref="fl-7"/>
      </object_component>
      <object_component id="oc-a1">
         <name>.debug_frame</name>
         <load_address>0x917</load_address>
         <run_address>0x917</run_address>
         <size>0x68</size>
         <input_file_ref idref="fl-8"/>
      </object_component>
      <object_component id="oc-ac">
         <name>.debug_frame</name>
         <load_address>0x97f</load_address>
         <run_address>0x97f</run_address>
         <size>0x42</size>
         <input_file_ref idref="fl-29"/>
      </object_component>
      <object_component id="oc-b0">
         <name>.debug_frame</name>
         <load_address>0x9c1</load_address>
         <run_address>0x9c1</run_address>
         <size>0x32</size>
         <input_file_ref idref="fl-2a"/>
      </object_component>
      <object_component id="oc-b4">
         <name>.debug_frame</name>
         <load_address>0x9f3</load_address>
         <run_address>0x9f3</run_address>
         <size>0x32</size>
         <input_file_ref idref="fl-2b"/>
      </object_component>
      <object_component id="oc-b8">
         <name>.debug_frame</name>
         <load_address>0xa25</load_address>
         <run_address>0xa25</run_address>
         <size>0x32</size>
         <input_file_ref idref="fl-2c"/>
      </object_component>
      <object_component id="oc-c0">
         <name>.debug_frame</name>
         <load_address>0xa57</load_address>
         <run_address>0xa57</run_address>
         <size>0x47</size>
         <input_file_ref idref="fl-2e"/>
      </object_component>
      <object_component id="oc-d2">
         <name>.debug_frame</name>
         <load_address>0xa9e</load_address>
         <run_address>0xa9e</run_address>
         <size>0x53</size>
         <input_file_ref idref="fl-48"/>
      </object_component>
      <object_component id="oc-da">
         <name>.debug_frame</name>
         <load_address>0xaf1</load_address>
         <run_address>0xaf1</run_address>
         <size>0x47</size>
         <input_file_ref idref="fl-4a"/>
      </object_component>
      <object_component id="oc-de">
         <name>.debug_frame</name>
         <load_address>0xb38</load_address>
         <run_address>0xb38</run_address>
         <size>0x83</size>
         <input_file_ref idref="fl-4b"/>
      </object_component>
      <object_component id="oc-e3">
         <name>.debug_frame</name>
         <load_address>0xbbb</load_address>
         <run_address>0xbbb</run_address>
         <size>0x47</size>
         <input_file_ref idref="fl-4c"/>
      </object_component>
      <object_component id="oc-e8">
         <name>.debug_frame</name>
         <load_address>0xc02</load_address>
         <run_address>0xc02</run_address>
         <size>0x12d</size>
         <input_file_ref idref="fl-4d"/>
      </object_component>
      <object_component id="oc-ec">
         <name>.debug_frame</name>
         <load_address>0xd2f</load_address>
         <run_address>0xd2f</run_address>
         <size>0x32</size>
         <input_file_ref idref="fl-4e"/>
      </object_component>
      <object_component id="oc-f0">
         <name>.debug_frame</name>
         <load_address>0xd61</load_address>
         <run_address>0xd61</run_address>
         <size>0x32</size>
         <input_file_ref idref="fl-4f"/>
      </object_component>
      <object_component id="oc-f8">
         <name>.debug_frame</name>
         <load_address>0xd93</load_address>
         <run_address>0xd93</run_address>
         <size>0x47</size>
         <input_file_ref idref="fl-51"/>
      </object_component>
      <object_component id="oc-fc">
         <name>.debug_frame</name>
         <load_address>0xdda</load_address>
         <run_address>0xdda</run_address>
         <size>0x47</size>
         <input_file_ref idref="fl-52"/>
      </object_component>
      <object_component id="oc-104">
         <name>.debug_frame</name>
         <load_address>0xe21</load_address>
         <run_address>0xe21</run_address>
         <size>0x47</size>
         <input_file_ref idref="fl-54"/>
      </object_component>
      <object_component id="oc-85">
         <name>.debug_line</name>
         <load_address>0x0</load_address>
         <run_address>0x0</run_address>
         <size>0x3ce</size>
         <input_file_ref idref="fl-2"/>
      </object_component>
      <object_component id="oc-8b">
         <name>.debug_line</name>
         <load_address>0x3ce</load_address>
         <run_address>0x3ce</run_address>
         <size>0x242</size>
         <input_file_ref idref="fl-3"/>
      </object_component>
      <object_component id="oc-90">
         <name>.debug_line</name>
         <load_address>0x610</load_address>
         <run_address>0x610</run_address>
         <size>0x115</size>
         <input_file_ref idref="fl-4"/>
      </object_component>
      <object_component id="oc-94">
         <name>.debug_line</name>
         <load_address>0x725</load_address>
         <run_address>0x725</run_address>
         <size>0x14d</size>
         <input_file_ref idref="fl-5"/>
      </object_component>
      <object_component id="oc-9a">
         <name>.debug_line</name>
         <load_address>0x872</load_address>
         <run_address>0x872</run_address>
         <size>0xf4d</size>
         <input_file_ref idref="fl-6"/>
      </object_component>
      <object_component id="oc-9e">
         <name>.debug_line</name>
         <load_address>0x17bf</load_address>
         <run_address>0x17bf</run_address>
         <size>0x14f</size>
         <input_file_ref idref="fl-7"/>
      </object_component>
      <object_component id="oc-a2">
         <name>.debug_line</name>
         <load_address>0x190e</load_address>
         <run_address>0x190e</run_address>
         <size>0x83</size>
         <input_file_ref idref="fl-8"/>
      </object_component>
      <object_component id="oc-a6">
         <name>.debug_line</name>
         <load_address>0x1991</load_address>
         <run_address>0x1991</run_address>
         <size>0x38</size>
         <input_file_ref idref="fl-28"/>
      </object_component>
      <object_component id="oc-ad">
         <name>.debug_line</name>
         <load_address>0x19c9</load_address>
         <run_address>0x19c9</run_address>
         <size>0x3d</size>
         <input_file_ref idref="fl-29"/>
      </object_component>
      <object_component id="oc-b1">
         <name>.debug_line</name>
         <load_address>0x1a06</load_address>
         <run_address>0x1a06</run_address>
         <size>0x34</size>
         <input_file_ref idref="fl-2a"/>
      </object_component>
      <object_component id="oc-b5">
         <name>.debug_line</name>
         <load_address>0x1a3a</load_address>
         <run_address>0x1a3a</run_address>
         <size>0x33</size>
         <input_file_ref idref="fl-2b"/>
      </object_component>
      <object_component id="oc-b9">
         <name>.debug_line</name>
         <load_address>0x1a6d</load_address>
         <run_address>0x1a6d</run_address>
         <size>0x2e</size>
         <input_file_ref idref="fl-2c"/>
      </object_component>
      <object_component id="oc-bd">
         <name>.debug_line</name>
         <load_address>0x1a9b</load_address>
         <run_address>0x1a9b</run_address>
         <size>0x61</size>
         <input_file_ref idref="fl-2d"/>
      </object_component>
      <object_component id="oc-c1">
         <name>.debug_line</name>
         <load_address>0x1afc</load_address>
         <run_address>0x1afc</run_address>
         <size>0x3a</size>
         <input_file_ref idref="fl-2e"/>
      </object_component>
      <object_component id="oc-c5">
         <name>.debug_line</name>
         <load_address>0x1b36</load_address>
         <run_address>0x1b36</run_address>
         <size>0x39</size>
         <input_file_ref idref="fl-44"/>
      </object_component>
      <object_component id="oc-c9">
         <name>.debug_line</name>
         <load_address>0x1b6f</load_address>
         <run_address>0x1b6f</run_address>
         <size>0x38</size>
         <input_file_ref idref="fl-45"/>
      </object_component>
      <object_component id="oc-cc">
         <name>.debug_line</name>
         <load_address>0x1ba7</load_address>
         <run_address>0x1ba7</run_address>
         <size>0x6a</size>
         <input_file_ref idref="fl-46"/>
      </object_component>
      <object_component id="oc-cf">
         <name>.debug_line</name>
         <load_address>0x1c11</load_address>
         <run_address>0x1c11</run_address>
         <size>0x56</size>
         <input_file_ref idref="fl-47"/>
      </object_component>
      <object_component id="oc-d3">
         <name>.debug_line</name>
         <load_address>0x1c67</load_address>
         <run_address>0x1c67</run_address>
         <size>0x47</size>
         <input_file_ref idref="fl-48"/>
      </object_component>
      <object_component id="oc-d7">
         <name>.debug_line</name>
         <load_address>0x1cae</load_address>
         <run_address>0x1cae</run_address>
         <size>0x45</size>
         <input_file_ref idref="fl-49"/>
      </object_component>
      <object_component id="oc-db">
         <name>.debug_line</name>
         <load_address>0x1cf3</load_address>
         <run_address>0x1cf3</run_address>
         <size>0x3b</size>
         <input_file_ref idref="fl-4a"/>
      </object_component>
      <object_component id="oc-df">
         <name>.debug_line</name>
         <load_address>0x1d2e</load_address>
         <run_address>0x1d2e</run_address>
         <size>0x71</size>
         <input_file_ref idref="fl-4b"/>
      </object_component>
      <object_component id="oc-e4">
         <name>.debug_line</name>
         <load_address>0x1d9f</load_address>
         <run_address>0x1d9f</run_address>
         <size>0x35</size>
         <input_file_ref idref="fl-4c"/>
      </object_component>
      <object_component id="oc-e9">
         <name>.debug_line</name>
         <load_address>0x1dd4</load_address>
         <run_address>0x1dd4</run_address>
         <size>0x1cd</size>
         <input_file_ref idref="fl-4d"/>
      </object_component>
      <object_component id="oc-ed">
         <name>.debug_line</name>
         <load_address>0x1fa1</load_address>
         <run_address>0x1fa1</run_address>
         <size>0x29</size>
         <input_file_ref idref="fl-4e"/>
      </object_component>
      <object_component id="oc-f1">
         <name>.debug_line</name>
         <load_address>0x1fca</load_address>
         <run_address>0x1fca</run_address>
         <size>0x28</size>
         <input_file_ref idref="fl-4f"/>
      </object_component>
      <object_component id="oc-f5">
         <name>.debug_line</name>
         <load_address>0x1ff2</load_address>
         <run_address>0x1ff2</run_address>
         <size>0x40</size>
         <input_file_ref idref="fl-50"/>
      </object_component>
      <object_component id="oc-f9">
         <name>.debug_line</name>
         <load_address>0x2032</load_address>
         <run_address>0x2032</run_address>
         <size>0x45</size>
         <input_file_ref idref="fl-51"/>
      </object_component>
      <object_component id="oc-fd">
         <name>.debug_line</name>
         <load_address>0x2077</load_address>
         <run_address>0x2077</run_address>
         <size>0x6f</size>
         <input_file_ref idref="fl-52"/>
      </object_component>
      <object_component id="oc-101">
         <name>.debug_line</name>
         <load_address>0x20e6</load_address>
         <run_address>0x20e6</run_address>
         <size>0x42</size>
         <input_file_ref idref="fl-53"/>
      </object_component>
      <object_component id="oc-105">
         <name>.debug_line</name>
         <load_address>0x2128</load_address>
         <run_address>0x2128</run_address>
         <size>0x6f</size>
         <input_file_ref idref="fl-54"/>
      </object_component>
      <object_component id="oc-86">
         <name>.debug_abbrev</name>
         <load_address>0x0</load_address>
         <run_address>0x0</run_address>
         <size>0x199</size>
         <input_file_ref idref="fl-2"/>
      </object_component>
      <object_component id="oc-8c">
         <name>.debug_abbrev</name>
         <load_address>0x199</load_address>
         <run_address>0x199</run_address>
         <size>0x1d8</size>
         <input_file_ref idref="fl-3"/>
      </object_component>
      <object_component id="oc-91">
         <name>.debug_abbrev</name>
         <load_address>0x371</load_address>
         <run_address>0x371</run_address>
         <size>0x129</size>
         <input_file_ref idref="fl-4"/>
      </object_component>
      <object_component id="oc-95">
         <name>.debug_abbrev</name>
         <load_address>0x49a</load_address>
         <run_address>0x49a</run_address>
         <size>0xe0</size>
         <input_file_ref idref="fl-5"/>
      </object_component>
      <object_component id="oc-9b">
         <name>.debug_abbrev</name>
         <load_address>0x57a</load_address>
         <run_address>0x57a</run_address>
         <size>0x1a0</size>
         <input_file_ref idref="fl-6"/>
      </object_component>
      <object_component id="oc-9f">
         <name>.debug_abbrev</name>
         <load_address>0x71a</load_address>
         <run_address>0x71a</run_address>
         <size>0xea</size>
         <input_file_ref idref="fl-7"/>
      </object_component>
      <object_component id="oc-a3">
         <name>.debug_abbrev</name>
         <load_address>0x804</load_address>
         <run_address>0x804</run_address>
         <size>0xc4</size>
         <input_file_ref idref="fl-8"/>
      </object_component>
      <object_component id="oc-a7">
         <name>.debug_abbrev</name>
         <load_address>0x8c8</load_address>
         <run_address>0x8c8</run_address>
         <size>0x35</size>
         <input_file_ref idref="fl-28"/>
      </object_component>
      <object_component id="oc-ae">
         <name>.debug_abbrev</name>
         <load_address>0x8fd</load_address>
         <run_address>0x8fd</run_address>
         <size>0x125</size>
         <input_file_ref idref="fl-29"/>
      </object_component>
      <object_component id="oc-b2">
         <name>.debug_abbrev</name>
         <load_address>0xa22</load_address>
         <run_address>0xa22</run_address>
         <size>0xc7</size>
         <input_file_ref idref="fl-2a"/>
      </object_component>
      <object_component id="oc-b6">
         <name>.debug_abbrev</name>
         <load_address>0xae9</load_address>
         <run_address>0xae9</run_address>
         <size>0xd4</size>
         <input_file_ref idref="fl-2b"/>
      </object_component>
      <object_component id="oc-ba">
         <name>.debug_abbrev</name>
         <load_address>0xbbd</load_address>
         <run_address>0xbbd</run_address>
         <size>0x9d</size>
         <input_file_ref idref="fl-2c"/>
      </object_component>
      <object_component id="oc-be">
         <name>.debug_abbrev</name>
         <load_address>0xc5a</load_address>
         <run_address>0xc5a</run_address>
         <size>0x35</size>
         <input_file_ref idref="fl-2d"/>
      </object_component>
      <object_component id="oc-c2">
         <name>.debug_abbrev</name>
         <load_address>0xc8f</load_address>
         <run_address>0xc8f</run_address>
         <size>0xfc</size>
         <input_file_ref idref="fl-2e"/>
      </object_component>
      <object_component id="oc-c6">
         <name>.debug_abbrev</name>
         <load_address>0xd8b</load_address>
         <run_address>0xd8b</run_address>
         <size>0x23</size>
         <input_file_ref idref="fl-44"/>
      </object_component>
      <object_component id="oc-ca">
         <name>.debug_abbrev</name>
         <load_address>0xdae</load_address>
         <run_address>0xdae</run_address>
         <size>0x35</size>
         <input_file_ref idref="fl-45"/>
      </object_component>
      <object_component id="oc-cd">
         <name>.debug_abbrev</name>
         <load_address>0xde3</load_address>
         <run_address>0xde3</run_address>
         <size>0x35</size>
         <input_file_ref idref="fl-46"/>
      </object_component>
      <object_component id="oc-d0">
         <name>.debug_abbrev</name>
         <load_address>0xe18</load_address>
         <run_address>0xe18</run_address>
         <size>0x35</size>
         <input_file_ref idref="fl-47"/>
      </object_component>
      <object_component id="oc-d4">
         <name>.debug_abbrev</name>
         <load_address>0xe4d</load_address>
         <run_address>0xe4d</run_address>
         <size>0xad</size>
         <input_file_ref idref="fl-48"/>
      </object_component>
      <object_component id="oc-d8">
         <name>.debug_abbrev</name>
         <load_address>0xefa</load_address>
         <run_address>0xefa</run_address>
         <size>0x35</size>
         <input_file_ref idref="fl-49"/>
      </object_component>
      <object_component id="oc-dc">
         <name>.debug_abbrev</name>
         <load_address>0xf2f</load_address>
         <run_address>0xf2f</run_address>
         <size>0x5f</size>
         <input_file_ref idref="fl-4a"/>
      </object_component>
      <object_component id="oc-e0">
         <name>.debug_abbrev</name>
         <load_address>0xf8e</load_address>
         <run_address>0xf8e</run_address>
         <size>0x108</size>
         <input_file_ref idref="fl-4b"/>
      </object_component>
      <object_component id="oc-e5">
         <name>.debug_abbrev</name>
         <load_address>0x1096</load_address>
         <run_address>0x1096</run_address>
         <size>0xa9</size>
         <input_file_ref idref="fl-4c"/>
      </object_component>
      <object_component id="oc-ea">
         <name>.debug_abbrev</name>
         <load_address>0x113f</load_address>
         <run_address>0x113f</run_address>
         <size>0x16b</size>
         <input_file_ref idref="fl-4d"/>
      </object_component>
      <object_component id="oc-ee">
         <name>.debug_abbrev</name>
         <load_address>0x12aa</load_address>
         <run_address>0x12aa</run_address>
         <size>0xe4</size>
         <input_file_ref idref="fl-4e"/>
      </object_component>
      <object_component id="oc-f2">
         <name>.debug_abbrev</name>
         <load_address>0x138e</load_address>
         <run_address>0x138e</run_address>
         <size>0x125</size>
         <input_file_ref idref="fl-4f"/>
      </object_component>
      <object_component id="oc-f6">
         <name>.debug_abbrev</name>
         <load_address>0x14b3</load_address>
         <run_address>0x14b3</run_address>
         <size>0x35</size>
         <input_file_ref idref="fl-50"/>
      </object_component>
      <object_component id="oc-fa">
         <name>.debug_abbrev</name>
         <load_address>0x14e8</load_address>
         <run_address>0x14e8</run_address>
         <size>0x94</size>
         <input_file_ref idref="fl-51"/>
      </object_component>
      <object_component id="oc-fe">
         <name>.debug_abbrev</name>
         <load_address>0x157c</load_address>
         <run_address>0x157c</run_address>
         <size>0xa6</size>
         <input_file_ref idref="fl-52"/>
      </object_component>
      <object_component id="oc-102">
         <name>.debug_abbrev</name>
         <load_address>0x1622</load_address>
         <run_address>0x1622</run_address>
         <size>0x35</size>
         <input_file_ref idref="fl-53"/>
      </object_component>
      <object_component id="oc-106">
         <name>.debug_abbrev</name>
         <load_address>0x1657</load_address>
         <run_address>0x1657</run_address>
         <size>0x9f</size>
         <input_file_ref idref="fl-54"/>
      </object_component>
      <object_component id="oc-1c4">
         <name>.debug_abbrev</name>
         <load_address>0x16f6</load_address>
         <run_address>0x16f6</run_address>
         <size>0xd</size>
      </object_component>
   </object_component_list>
   <logical_group_list>
      <logical_group id="lg-2" display="no" color="cyan">
         <name>.bss</name>
         <run_address>0x1c00</run_address>
         <size>0x16fe</size>
         <contents>
            <object_component_ref idref="oc-82"/>
            <object_component_ref idref="oc-87"/>
            <object_component_ref idref="oc-8d"/>
            <object_component_ref idref="oc-96"/>
            <object_component_ref idref="oc-a8"/>
            <object_component_ref idref="oc-e1"/>
         </contents>
      </logical_group>
      <logical_group id="lg-3" display="no" color="cyan">
         <name>.data</name>
         <run_address>0x1c00</run_address>
         <size>0x0</size>
         <contents>
         </contents>
      </logical_group>
      <logical_group id="lg-4" display="no" color="cyan">
         <name>.sysmem</name>
         <run_address>0x0</run_address>
         <size>0x0</size>
         <contents>
         </contents>
      </logical_group>
      <logical_group id="lg-5" display="no" color="cyan">
         <name>.stack</name>
         <run_address>0x3bb0</run_address>
         <size>0x50</size>
         <contents>
            <object_component_ref idref="oc-aa"/>
            <object_component_ref idref="oc-1c1"/>
         </contents>
      </logical_group>
      <logical_group id="lg-1c2" display="no" color="cyan">
         <name>.text</name>
         <load_address>0x4068</load_address>
         <run_address>0x4068</run_address>
         <size>0x4f4a</size>
         <contents>
            <object_component_ref idref="oc-135"/>
[...]
         <name>zdata</name>
         <value>0x1c02</value>
         <object_component_ref idref="oc-87"/>
      </symbol>
      <symbol id="sm-4b7">
         <name>ta3ccTurbine</name>
         <value>0x74f8</value>
         <object_component_ref idref="oc-112"/>
      </symbol>
      <symbol id="sm-4d8">
         <name>F_init</name>
         <value>0x32be</value>
         <object_component_ref idref="oc-8d"/>
      </symbol>
      <symbol id="sm-4d9">
         <name>F_ta1_cc</name>
         <value>0x32ce</value>
         <object_component_ref idref="oc-8d"/>
      </symbol>
      <symbol id="sm-4da">
         <name>boardstatus</name>
         <value>0x32de</value>
         <object_component_ref idref="oc-8d"/>
      </symbol>
      <symbol id="sm-4db">
         <name>__TI_int44</name>
         <value>0xffd8</value>
         <object_component_ref idref="oc-6e"/>
      </symbol>
      <symbol id="sm-4dc">
         <name>__TI_int43</name>
         <value>0xffd6</value>
         <object_component_ref idref="oc-6d"/>
      </symbol>
      <symbol id="sm-4dd">
         <name>F_ta0_cc</name>
         <value>0x32ca</value>
         <object_component_ref idref="oc-8d"/>
      </symbol>
      <symbol id="sm-4de">
         <name>Port_2</name>
         <value>0x4000</value>
         <object_component_ref idref="oc-108"/>
      </symbol>
      <symbol id="sm-4df">
         <name>turnOff</name>
         <value>0x79e6</value>
         <object_component_ref idref="oc-10d"/>
      </symbol>
      <symbol id="sm-4e0">
         <name>main</name>
         <value>0x760e</value>
         <object_component_ref idref="oc-10b"/>
      </symbol>
      <symbol id="sm-4e1">
         <name>TA3_CC0_ISR</name>
         <value>0x405a</value>
         <object_component_ref idref="oc-107"/>
      </symbol>
      <symbol id="sm-4e2">
         <name>no_operation_func</name>
         <value>0x8fb0</value>
         <object_component_ref idref="oc-10e"/>
      </symbol>
      <symbol id="sm-4e3">
         <name>F_run</name>
         <value>0x32c2</value>
         <object_component_ref idref="oc-8d"/>
      </symbol>
      <symbol id="sm-4e4">
         <name>F_stop</name>
         <value>0x32c6</value>
         <object_component_ref idref="oc-8d"/>
      </symbol>
      <symbol id="sm-4e5">
         <name>F_save</name>
         <value>0x32da</value>
         <object_component_ref idref="oc-8d"/>
      </symbol>
      <symbol id="sm-4e6">
         <name>F_ta3_cc</name>
         <value>0x32d6</value>
         <object_component_ref idref="oc-8d"/>
      </symbol>
      <symbol id="sm-4e7">
         <name>F_ta2_cc</name>
         <value>0x32d2</value>
         <object_component_ref idref="oc-8d"/>
      </symbol>
      <symbol id="sm-506">
         <name>sccb_init</name>
         <value>0x8f22</value>
         <object_component_ref idref="oc-117"/>
      </symbol>
      <symbol id="sm-507">
         <name>stop</name>
         <value>0x8d30</value>
         <object_component_ref idref="oc-118"/>
      </symbol>
      <symbol id="sm-508">
         <name>sendbyte</name>
         <value>0x807c</value>
         <object_component_ref idref="oc-12e"/>
      </symbol>
      <symbol id="sm-509">
         <name>start</name>
         <value>0x8cfe</value>
         <object_component_ref idref="oc-12d"/>
      </symbol>
      <symbol id="sm-50a">
         <name>receivebyte</name>
         <value>0x88b0</value>
         <object_component_ref idref="oc-132"/>
      </symbol>
      <symbol id="sm-50b">
         <name>I2Cbyte_write</name>
         <value>0x8cca</value>
         <object_component_ref idref="oc-11c"/>
      </symbol>
      <symbol id="sm-50c">
         <name>I2Cbyte_read</name>
         <value>0x89f4</value>
         <object_component_ref idref="oc-120"/>
      </symbol>
      <symbol id="sm-50d">
         <name>ACK</name>
         <value>0x8d90</value>
         <object_component_ref idref="oc-133"/>
      </symbol>
      <symbol id="sm-6c0">
         <name>f_read</name>
         <value>0x53fc</value>
         <object_component_ref idref="oc-13e"/>
      </symbol>
      <symbol id="sm-6c1">
         <name>f_unlink</name>
         <value>0x726e</value>
         <object_component_ref idref="oc-12b"/>
      </symbol>
      <symbol id="sm-6c2">
         <name>f_sync</name>
         <value>0x7102</value>
         <object_component_ref idref="oc-13d"/>
      </symbol>
      <symbol id="sm-6c3">
         <name>clust2sect</name>
         <value>0x850a</value>
         <object_component_ref idref="oc-14a"/>
      </symbol>
      <symbol id="sm-6c4">
         <name>put_fat</name>
         <value>0x5a44</value>
         <object_component_ref idref="oc-155"/>
      </symbol>
      <symbol id="sm-6c5">
         <name>f_write</name>
         <value>0x4c0c</value>
         <object_component_ref idref="oc-131"/>
      </symbol>
      <symbol id="sm-6c6">
         <name>f_close</name>
         <value>0x8d62</value>
         <object_component_ref idref="oc-129"/>
      </symbol>
      <symbol id="sm-6c7">
         <name>f_open</name>
         <value>0x5772</value>
         <object_component_ref idref="oc-128"/>
      </symbol>
      <symbol id="sm-6c8">
         <name>f_lseek</name>
         <value>0x47ee</value>
         <object_component_ref idref="oc-130"/>
      </symbol>
      <symbol id="sm-6c9">
         <name>f_mount</name>
         <value>0x8800</value>
         <object_component_ref idref="oc-11a"/>
      </symbol>
      <symbol id="sm-6ca">
         <name>get_fat</name>
         <value>0x6758</value>
         <object_component_ref idref="oc-149"/>
      </symbol>
      <symbol id="sm-6e9">
         <name>get_fattime</name>
         <value>0x8fa0</value>
         <object_component_ref idref="oc-138"/>
      </symbol>
      <symbol id="sm-6ea">
         <name>disk_status</name>
         <value>0x8f68</value>
         <object_component_ref idref="oc-14e"/>
      </symbol>
      <symbol id="sm-6eb">
         <name>disk_read</name>
         <value>0x83d2</value>
         <object_component_ref idref="oc-14d"/>
      </symbol>
      <symbol id="sm-6ec">
         <name>disk_initialize</name>
         <value>0x8ecc</value>
         <object_component_ref idref="oc-14f"/>
      </symbol>
      <symbol id="sm-6ed">
         <name>disk_ioctl</name>
         <value>0x6922</value>
         <object_component_ref idref="oc-158"/>
      </symbol>
      <symbol id="sm-6ee">
         <name>disk_write</name>
         <value>0x843a</value>
         <object_component_ref idref="oc-14c"/>
      </symbol>
      <symbol id="sm-705">
         <name>setupBT2</name>
         <value>0x820c</value>
         <object_component_ref idref="oc-116"/>
      </symbol>
      <symbol id="sm-706">
         <name>setClocks</name>
         <value>0x8108</value>
         <object_component_ref idref="oc-115"/>
      </symbol>
      <symbol id="sm-70f">
         <name>I_ASR</name>
         <value>0x8f74</value>
         <object_component_ref idref="oc-a4"/>
      </symbol>
      <symbol id="sm-71f">
         <name>_c_int00</name>
         <value>0x4038</value>
         <object_component_ref idref="oc-74"/>
      </symbol>
      <symbol id="sm-720">
         <name>_stack</name>
         <value>0x3bb0</value>
         <object_component_ref idref="oc-aa"/>
      </symbol>
      <symbol id="sm-721">
         <name>_c_int00_noinit_noexit</name>
         <value>0x4038</value>
         <object_component_ref idref="oc-74"/>
      </symbol>
      <symbol id="sm-722">
         <name>__TI_dtors_ptr</name>
         <value>0x32ec</value>
         <object_component_ref idref="oc-a8"/>
      </symbol>
      <symbol id="sm-723">
         <name>__TI_cleanup_ptr</name>
         <value>0x32e8</value>
         <object_component_ref idref="oc-a8"/>
      </symbol>
      <symbol id="sm-724">
         <name>_reset_vector</name>
         <value>0xfffe</value>
         <object_component_ref idref="oc-ab"/>
      </symbol>
      <symbol id="sm-747">
         <name>__divul</name>
         <value>0x8858</value>
         <object_component_ref idref="oc-bb"/>
      </symbol>
      <symbol id="sm-748">
         <name>__remul</name>
         <value>0x8858</value>
         <object_component_ref idref="oc-bb"/>
      </symbol>
      <symbol id="sm-753">
         <name>C$$EXIT</name>
         <value>0x8faa</value>
         <object_component_ref idref="oc-10c"/>
      </symbol>
      <symbol id="sm-754">
         <name>abort</name>
         <value>0x8faa</value>
         <object_component_ref idref="oc-10c"/>
      </symbol>
      <symbol id="sm-755">
         <name>__TI_exit</name>
         <value>0x1</value>
      </symbol>
      <symbol id="sm-759">
         <name>__TI_int40</name>
         <value>0xffd0</value>
         <object_component_ref idref="oc-6a"/>
      </symbol>
      <symbol id="sm-75d">
         <name>__TI_int41</name>
         <value>0xffd2</value>
         <object_component_ref idref="oc-6b"/>
      </symbol>
      <symbol id="sm-761">
         <name>__TI_int42</name>
         <value>0xffd4</value>
         <object_component_ref idref="oc-6c"/>
      </symbol>
      <symbol id="sm-765">
         <name>__TI_int45</name>
         <value>0xffda</value>
         <object_component_ref idref="oc-6f"/>
      </symbol>
      <symbol id="sm-769">
         <name>__TI_int46</name>
         <value>0xffdc</value>
         <object_component_ref idref="oc-70"/>
      </symbol>
      <symbol id="sm-76d">
         <name>__TI_int47</name>
         <value>0xffde</value>
         <object_component_ref idref="oc-71"/>
      </symbol>
      <symbol id="sm-771">
         <name>__TI_int48</name>
         <value>0xffe0</value>
         <object_component_ref idref="oc-72"/>
      </symbol>
      <symbol id="sm-775">
         <name>__TI_int49</name>
         <value>0xffe2</value>
         <object_component_ref idref="oc-73"/>
      </symbol>
      <symbol id="sm-779">
         <name>__TI_int50</name>
         <value>0xffe4</value>
         <object_component_ref idref="oc-75"/>
      </symbol>
      <symbol id="sm-77d">
         <name>__TI_int51</name>
         <value>0xffe6</value>
         <object_component_ref idref="oc-76"/>
      </symbol>
      <symbol id="sm-781">
         <name>__TI_int52</name>
         <value>0xffe8</value>
         <object_component_ref idref="oc-77"/>
      </symbol>
      <symbol id="sm-785">
         <name>__TI_int53</name>
         <value>0xffea</value>
         <object_component_ref idref="oc-78"/>
      </symbol>
      <symbol id="sm-789">
         <name>__TI_int54</name>
         <value>0xffec</value>
         <object_component_ref idref="oc-79"/>
      </symbol>
      <symbol id="sm-78d">
         <name>__TI_int55</name>
         <value>0xffee</value>
         <object_component_ref idref="oc-7a"/>
      </symbol>
      <symbol id="sm-791">
         <name>__TI_int56</name>
         <value>0xfff0</value>
         <object_component_ref idref="oc-7b"/>
      </symbol>
      <symbol id="sm-795">
         <name>__TI_int57</name>
         <value>0xfff2</value>
         <object_component_ref idref="oc-7c"/>
      </symbol>
      <symbol id="sm-799">
         <name>__TI_int58</name>
         <value>0xfff4</value>
         <object_component_ref idref="oc-7d"/>
      </symbol>
      <symbol id="sm-79d">
         <name>__TI_int59</name>
         <value>0xfff6</value>
         <object_component_ref idref="oc-7e"/>
      </symbol>
      <symbol id="sm-7a1">
         <name>__TI_int60</name>
         <value>0xfff8</value>
         <object_component_ref idref="oc-7f"/>
      </symbol>
      <symbol id="sm-7a5">
         <name>__TI_int61</name>
         <value>0xfffa</value>
         <object_component_ref idref="oc-80"/>
      </symbol>
      <symbol id="sm-7a9">
         <name>__TI_int62</name>
         <value>0xfffc</value>
         <object_component_ref idref="oc-81"/>
      </symbol>
      <symbol id="sm-7b1">
         <name>__TI_ISR_TRAP</name>
         <value>0x8f9a</value>
         <object_component_ref idref="oc-c3"/>
      </symbol>
      <symbol id="sm-7ba">
         <name>I_LSL</name>
         <value>0x8f7e</value>
         <object_component_ref idref="oc-c7"/>
      </symbol>
      <symbol id="sm-7c6">
         <name>L_LSL_3</name>
         <value>0x8c48</value>
         <object_component_ref idref="oc-126"/>
      </symbol>
      <symbol id="sm-7c7">
         <name>L_LSL_2</name>
         <value>0x8c4c</value>
         <object_component_ref idref="oc-126"/>
      </symbol>
      <symbol id="sm-7c8">
         <name>L_LSL_1</name>
         <value>0x8c50</value>
         <object_component_ref idref="oc-126"/>
      </symbol>
      <symbol id="sm-7c9">
         <name>L_LSL_7</name>
         <value>0x8c38</value>
         <object_component_ref idref="oc-126"/>
      </symbol>
      <symbol id="sm-7ca">
         <name>L_LSL_6</name>
         <value>0x8c3c</value>
         <object_component_ref idref="oc-126"/>
      </symbol>
      <symbol id="sm-7cb">
         <name>L_LSL_5</name>
         <value>0x8c40</value>
         <object_component_ref idref="oc-126"/>
      </symbol>
      <symbol id="sm-7cc">
         <name>L_LSL_4</name>
         <value>0x8c44</value>
         <object_component_ref idref="oc-126"/>
      </symbol>
      <symbol id="sm-7cd">
         <name>L_LSL_9</name>
         <value>0x8c30</value>
         <object_component_ref idref="oc-126"/>
      </symbol>
      <symbol id="sm-7ce">
         <name>L_LSL_8</name>
         <value>0x8c34</value>
         <object_component_ref idref="oc-126"/>
      </symbol>
      <symbol id="sm-7cf">
         <name>L_LSL</name>
         <value>0x8f58</value>
         <object_component_ref idref="oc-127"/>
      </symbol>
      <symbol id="sm-7d0">
         <name>L_LSL_12</name>
         <value>0x8c24</value>
         <object_component_ref idref="oc-126"/>
      </symbol>
      <symbol id="sm-7d1">
         <name>L_LSL_13</name>
         <value>0x8c20</value>
         <object_component_ref idref="oc-126"/>
      </symbol>
      <symbol id="sm-7d2">
         <name>L_LSL_10</name>
         <value>0x8c2c</value>
         <object_component_ref idref="oc-126"/>
      </symbol>
      <symbol id="sm-7d3">
         <name>L_LSL_11</name>
         <value>0x8c28</value>
         <object_component_ref idref="oc-126"/>
      </symbol>
      <symbol id="sm-7d4">
         <name>L_LSL_14</name>
         <value>0x8c1c</value>
         <object_component_ref idref="oc-126"/>
      </symbol>
      <symbol id="sm-7d5">
         <name>L_LSL_15</name>
         <value>0x8c18</value>
         <object_component_ref idref="oc-126"/>
      </symbol>
      <symbol id="sm-7dd">
         <name>L_LSR_12</name>
         <value>0x8c62</value>
         <object_component_ref idref="oc-14b"/>
      </symbol>
      <symbol id="sm-7de">
         <name>L_LSR_13</name>
         <value>0x8c5e</value>
         <object_component_ref idref="oc-14b"/>
      </symbol>
      <symbol id="sm-7df">
         <name>L_LSR_10</name>
         <value>0x8c6a</value>
         <object_component_ref idref="oc-14b"/>
      </symbol>
      <symbol id="sm-7e0">
         <name>L_LSR_11</name>
         <value>0x8c66</value>
         <object_component_ref idref="oc-14b"/>
      </symbol>
      <symbol id="sm-7e1">
         <name>L_LSR_14</name>
         <value>0x8c5a</value>
         <object_component_ref idref="oc-14b"/>
      </symbol>
      <symbol id="sm-7e2">
         <name>L_LSR_15</name>
         <value>0x8c56</value>
         <object_component_ref idref="oc-14b"/>
      </symbol>
      <symbol id="sm-7e3">
         <name>L_LSR_3</name>
         <value>0x8c86</value>
         <object_component_ref idref="oc-14b"/>
      </symbol>
      <symbol id="sm-7e4">
         <name>L_LSR_2</name>
         <value>0x8c8a</value>
         <object_component_ref idref="oc-14b"/>
      </symbol>
      <symbol id="sm-7e5">
         <name>L_LSR_1</name>
         <value>0x8c8e</value>
         <object_component_ref idref="oc-14b"/>
      </symbol>
      <symbol id="sm-7e6">
         <name>L_LSR_7</name>
         <value>0x8c76</value>
         <object_component_ref idref="oc-14b"/>
      </symbol>
      <symbol id="sm-7e7">
         <name>L_LSR_6</name>
         <value>0x8c7a</value>
         <object_component_ref idref="oc-14b"/>
      </symbol>
      <symbol id="sm-7e8">
         <name>L_LSR_5</name>
         <value>0x8c7e</value>
         <object_component_ref idref="oc-14b"/>
      </symbol>
      <symbol id="sm-7e9">
         <name>L_LSR_4</name>
         <value>0x8c82</value>
         <object_component_ref idref="oc-14b"/>
      </symbol>
      <symbol id="sm-7ea">
         <name>L_LSR_9</name>
         <value>0x8c6e</value>
         <object_component_ref idref="oc-14b"/>
      </symbol>
      <symbol id="sm-7eb">
         <name>L_LSR_8</name>
         <value>0x8c72</value>
         <object_component_ref idref="oc-14b"/>
      </symbol>
      <symbol id="sm-7f8">
         <name>memcpy</name>
         <value>0x8dba</value>
         <object_component_ref idref="oc-159"/>
      </symbol>
      <symbol id="sm-800">
         <name>__mpyl_f5hw</name>
         <value>0x8e0c</value>
         <object_component_ref idref="oc-d5"/>
      </symbol>
      <symbol id="sm-80a">
         <name>_system_pre_init</name>
         <value>0x8fa6</value>
         <object_component_ref idref="oc-10a"/>
      </symbol>
      <symbol id="sm-81a">
         <name>sprintf</name>
         <value>0x8b54</value>
         <object_component_ref idref="oc-12c"/>
      </symbol>
      <symbol id="sm-826">
         <name>_nop</name>
         <value>0x8fae</value>
         <object_component_ref idref="oc-109"/>
      </symbol>
      <symbol id="sm-827">
         <name>_lock</name>
         <value>0x32e0</value>
         <object_component_ref idref="oc-e1"/>
      </symbol>
      <symbol id="sm-828">
         <name>_unlock</name>
         <value>0x32e4</value>
         <object_component_ref idref="oc-e1"/>
      </symbol>
      <symbol id="sm-868">
         <name>__TI_printfi_minimal</name>
         <value>0x7bb8</value>
         <object_component_ref idref="oc-146"/>
      </symbol>
      <symbol id="sm-870">
         <name>__TI_args_main</name>
         <value>0x1</value>
      </symbol>
      <symbol id="sm-878">
         <name>__TI_auto_init</name>
         <value>0x1</value>
      </symbol>
      <symbol id="sm-882">
         <name>__remu</name>
         <value>0x8ee2</value>
         <object_component_ref idref="oc-f3"/>
      </symbol>
      <symbol id="sm-883">
         <name>__divu</name>
         <value>0x8ee2</value>
         <object_component_ref idref="oc-f3"/>
      </symbol>
      <symbol id="sm-890">
         <name>memccpy</name>
         <value>0x8e72</value>
         <object_component_ref idref="oc-163"/>
      </symbol>
      <symbol id="sm-89d">
         <name>memset</name>
         <value>0x8e92</value>
         <object_component_ref idref="oc-161"/>
      </symbol>
      <symbol id="sm-8a5">
         <name>__mpyi_f5hw</name>
         <value>0x8ef8</value>
         <object_component_ref idref="oc-ff"/>
      </symbol>
      <symbol id="sm-8b0">
         <name>strlen</name>
         <value>0x8f36</value>
         <object_component_ref idref="oc-15a"/>
      </symbol>
   </symbol_table>
   <title>Link successful</title>
</link_info>
